
******** Loading object Texture2D'APBMenus_Art_GameFlowScenes.LoadingIcon_MAIN' ********

unknown member TA_Border of enum ETextureAddress
unknown member TA_Border of enum ETextureAddress

******** Loading object Texture2D'APBMenus_Art.GI_Bomb_Green' ********

unknown member TC_VehicleNormalmap of enum ETextureCompressionSettings

******** Loading object Texture2D'APBMenus_Art.GI_Bomb_Red' ********

unknown member TC_VehicleNormalmap of enum ETextureCompressionSettings

******** Loading object Texture2D'APBMenus_Art.GI_ChkPntTerri_Green' ********

unknown member TC_VehicleNormalmap of enum ETextureCompressionSettings

******** Loading object Texture2D'APBMenus_Art.GI_ChkPntTerri_Grey' ********

unknown member TC_VehicleNormalmap of enum ETextureCompressionSettings

******** Loading object Texture2D'APBMenus_Art.GI_ChkPntTerri_Red' ********

unknown member TC_VehicleNormalmap of enum ETextureCompressionSettings

******** Loading object Texture2D'APBMenus_Art.GI_Graffiti_Green' ********

unknown member TC_VehicleNormalmap of enum ETextureCompressionSettings

******** Loading object Texture2D'APBMenus_Art.GI_Graffiti_Red' ********

unknown member TC_VehicleNormalmap of enum ETextureCompressionSettings

******** Loading object Texture2D'APBMenus_Art.GI_MovingTarget_Green' ********

unknown member TC_VehicleNormalmap of enum ETextureCompressionSettings

******** Loading object Texture2D'APBMenus_Art.GI_MovingTarget_Grey' ********

unknown member TC_VehicleNormalmap of enum ETextureCompressionSettings

******** Loading object Texture2D'APBMenus_Art.GI_MovingTarget_Red' ********

unknown member TC_VehicleNormalmap of enum ETextureCompressionSettings

******** Loading object Texture2D'APBMenus_Art.MusicEd_Folder' ********

unknown member TC_VehicleNormalmap of enum ETextureCompressionSettings

******** Loading object Texture2D'APBMenus_Art.MusicEd_Pause' ********

unknown member TC_VehicleNormalmap of enum ETextureCompressionSettings

******** Loading object Texture2D'APBMenus_Art.MusicEd_Play' ********

unknown member TC_VehicleNormalmap of enum ETextureCompressionSettings

******** Loading object Texture2D'APBMenus_Art.MusicEd_Stop' ********

unknown member TC_VehicleNormalmap of enum ETextureCompressionSettings

******** Loading object Texture2D'APBMenus_Art.MusicEd_Volume' ********

unknown member TC_VehicleNormalmap of enum ETextureCompressionSettings

******** Loading object Texture2D'APBMenus_Art.PlayPosition_Bar' ********

unknown member TC_VehicleNormalmap of enum ETextureCompressionSettings

******** Loading object Texture2D'APBMenus_Art.PlayPosition_BG' ********

unknown member TC_VehicleNormalmap of enum ETextureCompressionSettings

******** Loading object Texture2D'APBMenus_Art.Layer_Tools_Reset' ********

unknown member TA_Border of enum ETextureAddress
unknown member TA_Border of enum ETextureAddress

******** Loading object Texture2D'APBMenus_Art.APB_Button_Global_SM_Off' ********

unknown member TA_Border of enum ETextureAddress
unknown member TA_Border of enum ETextureAddress
unknown member TC_VehicleNormalmap of enum ETextureCompressionSettings

******** Loading object Texture2D'APBMenus_Art.APB_Button_Global_SM_On' ********

unknown member TA_Border of enum ETextureAddress
unknown member TA_Border of enum ETextureAddress
unknown member TC_VehicleNormalmap of enum ETextureCompressionSettings

******** Loading object Texture2D'APBMenus_Art.APB_Window_BG' ********

unknown member TC_VehicleNormalmap of enum ETextureCompressionSettings

******** Loading object Texture2D'APBMenus_Art.GlossyButton_Disabled' ********

unknown member TA_Border of enum ETextureAddress
unknown member TA_Border of enum ETextureAddress

******** Loading object Texture2D'APBMenus_Art.GlossyButton_Highlight' ********

unknown member TA_Border of enum ETextureAddress
unknown member TA_Border of enum ETextureAddress

******** Loading object Texture2D'APBMenus_Art.GlossyButton_Locked' ********

unknown member TA_Border of enum ETextureAddress
unknown member TA_Border of enum ETextureAddress

******** Loading object Texture2D'APBMenus_Art.GlossyButton_ReadOnly' ********

unknown member TA_Border of enum ETextureAddress
unknown member TA_Border of enum ETextureAddress

******** Loading object Texture2D'APBMenus_Art.GlossyButton_Regular' ********

unknown member TA_Border of enum ETextureAddress
unknown member TA_Border of enum ETextureAddress
unknown member TC_VehicleNormalmap of enum ETextureCompressionSettings

******** Loading object Texture2D'APBMenus_Art.SwaparrowLeft' ********

unknown member TA_Border of enum ETextureAddress
unknown member TA_Border of enum ETextureAddress

******** Loading object Texture2D'APBMenus_Art.SwaparrowRight' ********

unknown member TA_Border of enum ETextureAddress
unknown member TA_Border of enum ETextureAddress

******** Loading object Texture2D'APBMenus_Art.SwapArrows' ********

unknown member TA_Border of enum ETextureAddress
unknown member TA_Border of enum ETextureAddress

******** Loading object Texture2D'APBMenus_Art.Window_BG_MissionInfo' ********

unknown member TC_VehicleNormalmap of enum ETextureCompressionSettings

******** Loading object Texture2D'APBMenus_Art_Jonathan.deployedweap_small_BG' ********

unknown member TA_Border of enum ETextureAddress
unknown member TA_Border of enum ETextureAddress

******** Loading object Texture2D'APBMenus_Art_Jonathan.deployedweap_small_white_BG' ********

unknown member TA_Border of enum ETextureAddress
unknown member TA_Border of enum ETextureAddress

******** Loading object Texture2D'APBMenus_Art_GameFlowScenes.LoadingIcon_MAIN' ********

unknown member TA_Border of enum ETextureAddress
unknown member TA_Border of enum ETextureAddress

******** Buildings/FinancialDistrict_FinancialDistrict_Block09_Package.UPK ********

Mesh FD_B09_airconunit_VertexLit_LOD_0 has 0 lods
Mesh FD_B09_AstragalSign_VertexLit_LOD_0 has 0 lods
Mesh FD_B09_boxstorespwn_VertexLit_LOD_0 has 0 lods
Mesh FD_B09_Cablingspwn1_VertexLit_LOD_0 has 0 lods
Mesh FD_B09_CasaMajorCo_VertexLit_LOD_0 has 0 lods
Mesh FD_B09_Chevronedge_VertexLit_LOD_0 has 0 lods
Mesh FD_B09_FenceSpwn_VertexLit_LOD_0 has 0 lods
Mesh FD_B09_KimsBarText_VertexLit_LOD_0 has 0 lods
Mesh FD_B09_KimsBarWood_VertexLit_LOD_0 has 0 lods
Mesh FD_B09_parkingbays_VertexLit_LOD_0 has 0 lods
Mesh FD_B09_Piping_VertexLit_LOD_0 has 0 lods
Mesh FD_B09_SanParoPost_VertexLit_LOD_0 has 0 lods
Mesh FD_B09_sprinkler_VertexLit_LOD_0 has 0 lods
Mesh FD_B09_striplights_VertexLit_LOD_0 has 0 lods
Mesh FinancialDistrict_Block09_Business (MC)_0001_VertexLit_LOD_0 has 0 lods
Mesh FinancialDistrict_Block09_Generic_0001_VertexLit_LOD_0 has 0 lods
Mesh FinancialDistrict_Block09_Generic_0002_VertexLit_LOD_0 has 0 lods
Mesh FinancialDistrict_Block09_Generic_0003_VertexLit_LOD_0 has 0 lods
Mesh FinancialDistrict_Block09_Generic_0004_VertexLit_LOD_0 has 0 lods
Mesh FinancialDistrict_Block09_Generic_0005_VertexLit_LOD_0 has 0 lods
Mesh FinancialDistrict_Block09_Generic_0006_VertexLit_LOD_0 has 0 lods
Mesh FinancialDistrict_Block09_Generic_0007_VertexLit_LOD_0 has 0 lods
Mesh FinancialDistrict_Block09_Generic_0008_VertexLit_LOD_0 has 0 lods
Mesh FinancialDistrict_Block09_Generic_0009_VertexLit_LOD_0 has 0 lods
Mesh FinancialDistrict_Block09_Generic_0010_VertexLit_LOD_0 has 0 lods
Mesh FinancialDistrict_Block09_Generic_0011_VertexLit_LOD_0 has 0 lods
Mesh FinancialDistrict_Block09_Generic_0012_VertexLit_LOD_0 has 0 lods
Mesh FinancialDistrict_Block09_Generic_0013_VertexLit_LOD_0 has 0 lods
Mesh FinancialDistrict_Block09_Generic_0014_VertexLit_LOD_0 has 0 lods
Mesh FinancialDistrict_Block09_Generic_0015_VertexLit_LOD_0 has 0 lods
Mesh FinancialDistrict_Block09_Generic_0016_VertexLit_LOD_0 has 0 lods
Mesh FinancialDistrict_Block09_Generic_0017_VertexLit_LOD_0 has 0 lods
Mesh FinancialDistrict_Block09_Generic_0018_VertexLit_LOD_0 has 0 lods
Mesh FinancialDistrict_Block09_Generic_0019_VertexLit_LOD_0 has 0 lods
Mesh FinancialDistrict_Block09_High-street (shop) (MC)_0001_VertexLit_LOD_0 has 0 lods
Mesh FinancialDistrict_Block09_Industrial Zone (LC)_0001_VertexLit_LOD_0 has 0 lods
Mesh FinancialDistrict_Block09_Industrial Zone (LC)_0002_VertexLit_LOD_0 has 0 lods
Mesh FinancialDistrict_Block09_Upmarket Corporate (UC)_0001_VertexLit_LOD_0 has 0 lods
Mesh FinancialDistrict_Block09_Upmarket Corporate (UC)_0002_VertexLit_LOD_0 has 0 lods
Mesh FinancialDistrict_Block09_Upmarket Corporate (UC)_0003_VertexLit_LOD_0 has 0 lods
Mesh FinancialDistrict_Block09_Upmarket Corporate (UC)_0004_VertexLit_LOD_0 has 0 lods
Mesh FinancialDistrict_Block09_Upmarket Corporate (UC)_0005_VertexLit_LOD_0 has 0 lods
Mesh FinancialDistrict_Block09_Upmarket Corporate (UC)_0006_VertexLit_LOD_0 has 0 lods
Mesh FinancialDistrict_Block09_Upmarket Corporate (UC)_0007_VertexLit_LOD_0 has 0 lods
Mesh FinancialDistrict_Block09_Upmarket Corporate (UC)_0008_VertexLit_LOD_0 has 0 lods
Mesh FinancialDistrict_Block09_Upmarket Corporate (UC)_0009_VertexLit_LOD_0 has 0 lods
Mesh FinancialDistrict_Block09_Upmarket Corporate (UC)_0010_VertexLit_LOD_0 has 0 lods
Mesh FinancialDistrict_Block09_Upmarket Corporate (UC)_0011_VertexLit_LOD_0 has 0 lods
Mesh FinancialDistrict_Block09_Upmarket Corporate (UC)_0012_VertexLit_LOD_0 has 0 lods
Mesh FinancialDistrict_Block09_Upmarket Corporate (UC)_0013_VertexLit_LOD_0 has 0 lods
Mesh FinancialDistrict_Block09_Upmarket Corporate (UC)_0014_VertexLit_LOD_0 has 0 lods
Mesh FinancialDistrict_Block09_Upmarket Corporate (UC)_0015_VertexLit_LOD_0 has 0 lods
Mesh FinancialDistrict_Block09_Upmarket Corporate (UC)_0016_VertexLit_LOD_0 has 0 lods
Mesh FinancialDistrict_Block09_Upmarket Corporate (UC)_0017_VertexLit_LOD_0 has 0 lods
Mesh FinancialDistrict_Block09_Upmarket Corporate (UC)_0018_VertexLit_LOD_0 has 0 lods

******** Packages/UIDistrict/Buildings/UIDistrict_UIDistrict_Login01_Package.UPK ********

Mesh UID_Login01_BD01a_VertexLit_LOD_0 has 0 lods
Mesh UID_Login01_BD01b_VertexLit_LOD_0 has 0 lods
Mesh UID_Login01_BD02_VertexLit_LOD_0 has 0 lods
Mesh UID_Login01_BD03_VertexLit_LOD_0 has 0 lods
Mesh UID_Login01_BD04a_VertexLit_LOD_0 has 0 lods
Mesh UID_Login01_BD04b_VertexLit_LOD_0 has 0 lods
Mesh UID_Login01_BD04c_VertexLit_LOD_0 has 0 lods
Mesh UID_Login01_BD04d_VertexLit_LOD_0 has 0 lods
Mesh UID_Login01_BD05_VertexLit_LOD_0 has 0 lods
Mesh UID_Login01_BD06_VertexLit_LOD_0 has 0 lods
Mesh UID_Login01_BD07_VertexLit_LOD_0 has 0 lods
Mesh UID_Login01_BD08_VertexLit_LOD_0 has 0 lods
Mesh UID_Login01_BD09_VertexLit_LOD_0 has 0 lods
Mesh UID_Login01_BD10_VertexLit_LOD_0 has 0 lods
Mesh UID_Login01_BD10a_VertexLit_LOD_0 has 0 lods
Mesh UID_Login01_BD11_VertexLit_LOD_0 has 0 lods
Mesh UID_Login01_BD13_VertexLit_LOD_0 has 0 lods
Mesh UID_Login01_BD14_VertexLit_LOD_0 has 0 lods
Mesh UID_Login01_BD15_VertexLit_LOD_0 has 0 lods
Mesh UID_Login01_BDSignage01_VertexLit_LOD_0 has 0 lods
Mesh UID_Login01_BDSignage02_VertexLit_LOD_0 has 0 lods
Mesh UID_Login01_BDSignage03_VertexLit_LOD_0 has 0 lods
Mesh UID_Login01_BDSignage04_VertexLit_LOD_0 has 0 lods
Mesh UID_Login01_BDSignage05_VertexLit_LOD_0 has 0 lods
Mesh UID_Login01_BDSignage06_VertexLit_LOD_0 has 0 lods
Mesh UID_Login01_BDSignage07_VertexLit_LOD_0 has 0 lods
Mesh UID_Login01_BDSignage08_VertexLit_LOD_0 has 0 lods
Mesh UID_Login01_BDSignage09_VertexLit_LOD_0 has 0 lods
Mesh UID_Login01_BDSignage10_VertexLit_LOD_0 has 0 lods
Mesh UID_Login01_BDSignage12_VertexLit_LOD_0 has 0 lods
Mesh UID_Login01_BDSignage13_VertexLit_LOD_0 has 0 lods
Mesh UID_Login01_FestivalBanners_VertexLit_LOD_0 has 0 lods
Mesh UID_Login01_OfficeBanners01_VertexLit_LOD_0 has 0 lods
Mesh UID_Login01_PNBSign1_VertexLit_LOD_0 has 0 lods
Mesh UID_Login01_PNBSign2_VertexLit_LOD_0 has 0 lods
Mesh UID_Login01_PNBSigngold1_VertexLit_LOD_0 has 0 lods
Mesh UID_Login01_PNBSigngold2_VertexLit_LOD_0 has 0 lods
Mesh UID_Login01_RD01_LOD_3 has 0 lods
Mesh UID_Login01_RD01_VertexLit_LOD_0 has 0 lods
Mesh UID_Login01_RD01a_VertexLit_LOD_0 has 0 lods
Mesh UID_Login01_RD02_LOD_3 has 0 lods
Mesh UID_Login01_RD02_VertexLit_LOD_0 has 0 lods
Mesh UID_Login01_RD03_LOD_3 has 0 lods
Mesh UID_Login01_RD03_VertexLit_LOD_0 has 0 lods
Mesh UID_Login01_RD04_LOD_3 has 0 lods
Mesh UID_Login01_RD04_VertexLit_LOD_0 has 0 lods
Mesh UID_Login01_Skyscraper01_VertexLit_LOD_0 has 0 lods
Mesh UID_Login01_Skyscraper02_VertexLit_LOD_0 has 0 lods
Mesh UID_Login01_SMCTransport02_VertexLit_LOD_0 has 0 lods
Mesh UIDistrict_Login01_Generic_0001_VertexLit_LOD_0 has 0 lods
Mesh UIDistrict_Login01_Generic_0002_LOD_3 has 0 lods
Mesh UIDistrict_Login01_Generic_0002_VertexLit_LOD_0 has 0 lods
Mesh UIDistrict_Login01_Generic_0003_VertexLit_LOD_0 has 0 lods
Mesh UIDistrict_Login01_Generic_0004_LOD_3 has 0 lods
Mesh UIDistrict_Login01_Generic_0004_VertexLit_LOD_0 has 0 lods
Mesh UIDistrict_Login01_Generic_0005_LOD_3 has 0 lods
Mesh UIDistrict_Login01_Generic_0005_VertexLit_LOD_0 has 0 lods
Mesh UIDistrict_Login01_Generic_0006_LOD_3 has 0 lods
Mesh UIDistrict_Login01_Generic_0006_VertexLit_LOD_0 has 0 lods
Mesh UIDistrict_Login01_Generic_0007_LOD_3 has 0 lods
Mesh UIDistrict_Login01_Generic_0007_VertexLit_LOD_0 has 0 lods

******** Loading object Texture2D'APBMenus_Art_GameFlowScenes.LoadingIcon_MAIN' ********

unknown member TA_Border of enum ETextureAddress
unknown member TA_Border of enum ETextureAddress

******** Loading object Texture2D'APBMenus_Art_GameFlowScenes.LoadingIcon_MAIN' ********

unknown member TA_Border of enum ETextureAddress
unknown member TA_Border of enum ETextureAddress

******** Loading object Texture2D'APBMenus_Art.GI_Bomb_Green' ********

unknown member TC_VehicleNormalmap of enum ETextureCompressionSettings

******** Loading object Texture2D'APBMenus_Art.GI_Bomb_Red' ********

unknown member TC_VehicleNormalmap of enum ETextureCompressionSettings

******** Loading object Texture2D'APBMenus_Art.GI_ChkPntTerri_Green' ********

unknown member TC_VehicleNormalmap of enum ETextureCompressionSettings

******** Loading object Texture2D'APBMenus_Art.GI_ChkPntTerri_Grey' ********

unknown member TC_VehicleNormalmap of enum ETextureCompressionSettings

******** Loading object Texture2D'APBMenus_Art.GI_ChkPntTerri_Red' ********

unknown member TC_VehicleNormalmap of enum ETextureCompressionSettings

******** Loading object Texture2D'APBMenus_Art.GI_Graffiti_Green' ********

unknown member TC_VehicleNormalmap of enum ETextureCompressionSettings

******** Loading object Texture2D'APBMenus_Art.GI_Graffiti_Red' ********

unknown member TC_VehicleNormalmap of enum ETextureCompressionSettings

******** Loading object Texture2D'APBMenus_Art.GI_MovingTarget_Green' ********

unknown member TC_VehicleNormalmap of enum ETextureCompressionSettings

******** Loading object Texture2D'APBMenus_Art.GI_MovingTarget_Grey' ********

unknown member TC_VehicleNormalmap of enum ETextureCompressionSettings

******** Loading object Texture2D'APBMenus_Art.GI_MovingTarget_Red' ********

unknown member TC_VehicleNormalmap of enum ETextureCompressionSettings

******** Loading object Texture2D'APBMenus_Art.MusicEd_Folder' ********

unknown member TC_VehicleNormalmap of enum ETextureCompressionSettings

******** Loading object Texture2D'APBMenus_Art.MusicEd_Pause' ********

unknown member TC_VehicleNormalmap of enum ETextureCompressionSettings

******** Loading object Texture2D'APBMenus_Art.MusicEd_Play' ********

unknown member TC_VehicleNormalmap of enum ETextureCompressionSettings

******** Loading object Texture2D'APBMenus_Art.MusicEd_Stop' ********

unknown member TC_VehicleNormalmap of enum ETextureCompressionSettings

******** Loading object Texture2D'APBMenus_Art.MusicEd_Volume' ********

unknown member TC_VehicleNormalmap of enum ETextureCompressionSettings

******** Loading object Texture2D'APBMenus_Art.PlayPosition_Bar' ********

unknown member TC_VehicleNormalmap of enum ETextureCompressionSettings

******** Loading object Texture2D'APBMenus_Art.PlayPosition_BG' ********

unknown member TC_VehicleNormalmap of enum ETextureCompressionSettings

******** Loading object Texture2D'APBMenus_Art.Layer_Tools_Reset' ********

unknown member TA_Border of enum ETextureAddress
unknown member TA_Border of enum ETextureAddress

******** Loading object Texture2D'APBMenus_Art.APB_Button_Global_SM_Off' ********

unknown member TA_Border of enum ETextureAddress
unknown member TA_Border of enum ETextureAddress
unknown member TC_VehicleNormalmap of enum ETextureCompressionSettings

******** Loading object Texture2D'APBMenus_Art.APB_Button_Global_SM_On' ********

unknown member TA_Border of enum ETextureAddress
unknown member TA_Border of enum ETextureAddress
unknown member TC_VehicleNormalmap of enum ETextureCompressionSettings

******** Loading object Texture2D'APBMenus_Art.APB_Window_BG' ********

unknown member TC_VehicleNormalmap of enum ETextureCompressionSettings

******** Loading object Texture2D'APBMenus_Art.GlossyButton_Disabled' ********

unknown member TA_Border of enum ETextureAddress
unknown member TA_Border of enum ETextureAddress

******** Loading object Texture2D'APBMenus_Art.GlossyButton_Highlight' ********

unknown member TA_Border of enum ETextureAddress
unknown member TA_Border of enum ETextureAddress

******** Loading object Texture2D'APBMenus_Art.GlossyButton_Locked' ********

unknown member TA_Border of enum ETextureAddress
unknown member TA_Border of enum ETextureAddress

******** Loading object Texture2D'APBMenus_Art.GlossyButton_ReadOnly' ********

unknown member TA_Border of enum ETextureAddress
unknown member TA_Border of enum ETextureAddress

******** Loading object Texture2D'APBMenus_Art.GlossyButton_Regular' ********

unknown member TA_Border of enum ETextureAddress
unknown member TA_Border of enum ETextureAddress
unknown member TC_VehicleNormalmap of enum ETextureCompressionSettings

******** Loading object Texture2D'APBMenus_Art.SwaparrowLeft' ********

unknown member TA_Border of enum ETextureAddress
unknown member TA_Border of enum ETextureAddress

******** Loading object Texture2D'APBMenus_Art.SwaparrowRight' ********

unknown member TA_Border of enum ETextureAddress
unknown member TA_Border of enum ETextureAddress

******** Loading object Texture2D'APBMenus_Art.SwapArrows' ********

unknown member TA_Border of enum ETextureAddress
unknown member TA_Border of enum ETextureAddress

******** Loading object Texture2D'APBMenus_Art.Window_BG_MissionInfo' ********

unknown member TC_VehicleNormalmap of enum ETextureCompressionSettings

******** Loading object Texture2D'APBMenus_Art_Jonathan.deployedweap_small_BG' ********

unknown member TA_Border of enum ETextureAddress
unknown member TA_Border of enum ETextureAddress

******** Loading object Texture2D'APBMenus_Art_Jonathan.deployedweap_small_white_BG' ********

unknown member TA_Border of enum ETextureAddress
unknown member TA_Border of enum ETextureAddress

******** Loading object Texture2D'APBMenus_Art.GI_Bomb_Green' ********

unknown member TC_VehicleNormalmap of enum ETextureCompressionSettings

******** Loading object Texture2D'APBMenus_Art.GI_Bomb_Red' ********

unknown member TC_VehicleNormalmap of enum ETextureCompressionSettings

******** Loading object Texture2D'APBMenus_Art.GI_ChkPntTerri_Green' ********

unknown member TC_VehicleNormalmap of enum ETextureCompressionSettings

******** Loading object Texture2D'APBMenus_Art.GI_ChkPntTerri_Grey' ********

unknown member TC_VehicleNormalmap of enum ETextureCompressionSettings

******** Loading object Texture2D'APBMenus_Art.GI_ChkPntTerri_Red' ********

unknown member TC_VehicleNormalmap of enum ETextureCompressionSettings

******** Loading object Texture2D'APBMenus_Art.GI_Graffiti_Green' ********

unknown member TC_VehicleNormalmap of enum ETextureCompressionSettings

******** Loading object Texture2D'APBMenus_Art.GI_Graffiti_Red' ********

unknown member TC_VehicleNormalmap of enum ETextureCompressionSettings

******** Loading object Texture2D'APBMenus_Art.GI_MovingTarget_Green' ********

unknown member TC_VehicleNormalmap of enum ETextureCompressionSettings

******** Loading object Texture2D'APBMenus_Art.GI_MovingTarget_Grey' ********

unknown member TC_VehicleNormalmap of enum ETextureCompressionSettings

******** Loading object Texture2D'APBMenus_Art.GI_MovingTarget_Red' ********

unknown member TC_VehicleNormalmap of enum ETextureCompressionSettings

******** Loading object Texture2D'APBMenus_Art.MusicEd_Folder' ********

unknown member TC_VehicleNormalmap of enum ETextureCompressionSettings

******** Loading object Texture2D'APBMenus_Art.MusicEd_Pause' ********

unknown member TC_VehicleNormalmap of enum ETextureCompressionSettings

******** Loading object Texture2D'APBMenus_Art.MusicEd_Play' ********

unknown member TC_VehicleNormalmap of enum ETextureCompressionSettings

******** Loading object Texture2D'APBMenus_Art.MusicEd_Stop' ********

unknown member TC_VehicleNormalmap of enum ETextureCompressionSettings

******** Loading object Texture2D'APBMenus_Art.MusicEd_Volume' ********

unknown member TC_VehicleNormalmap of enum ETextureCompressionSettings

******** Loading object Texture2D'APBMenus_Art.PlayPosition_Bar' ********

unknown member TC_VehicleNormalmap of enum ETextureCompressionSettings

******** Loading object Texture2D'APBMenus_Art.PlayPosition_BG' ********

unknown member TC_VehicleNormalmap of enum ETextureCompressionSettings

******** Loading object Texture2D'APBMenus_Art.Layer_Tools_Reset' ********

unknown member TA_Border of enum ETextureAddress
unknown member TA_Border of enum ETextureAddress

******** Loading object Texture2D'APBMenus_Art.APB_Button_Global_SM_Off' ********

unknown member TA_Border of enum ETextureAddress
unknown member TA_Border of enum ETextureAddress
unknown member TC_VehicleNormalmap of enum ETextureCompressionSettings

******** Loading object Texture2D'APBMenus_Art.APB_Button_Global_SM_On' ********

unknown member TA_Border of enum ETextureAddress
unknown member TA_Border of enum ETextureAddress
unknown member TC_VehicleNormalmap of enum ETextureCompressionSettings

******** Loading object Texture2D'APBMenus_Art.APB_Window_BG' ********

unknown member TC_VehicleNormalmap of enum ETextureCompressionSettings

******** Loading object Texture2D'APBMenus_Art.GlossyButton_Disabled' ********

unknown member TA_Border of enum ETextureAddress
unknown member TA_Border of enum ETextureAddress

******** Loading object Texture2D'APBMenus_Art.GlossyButton_Highlight' ********

unknown member TA_Border of enum ETextureAddress
unknown member TA_Border of enum ETextureAddress

******** Loading object Texture2D'APBMenus_Art.GlossyButton_Locked' ********

unknown member TA_Border of enum ETextureAddress
unknown member TA_Border of enum ETextureAddress

******** Loading object Texture2D'APBMenus_Art.GlossyButton_ReadOnly' ********

unknown member TA_Border of enum ETextureAddress
unknown member TA_Border of enum ETextureAddress

******** Loading object Texture2D'APBMenus_Art.GlossyButton_Regular' ********

unknown member TA_Border of enum ETextureAddress
unknown member TA_Border of enum ETextureAddress
unknown member TC_VehicleNormalmap of enum ETextureCompressionSettings

******** Loading object Texture2D'APBMenus_Art.SwaparrowLeft' ********

unknown member TA_Border of enum ETextureAddress
unknown member TA_Border of enum ETextureAddress

******** Loading object Texture2D'APBMenus_Art.SwaparrowRight' ********

unknown member TA_Border of enum ETextureAddress
unknown member TA_Border of enum ETextureAddress

******** Loading object Texture2D'APBMenus_Art.SwapArrows' ********

unknown member TA_Border of enum ETextureAddress
unknown member TA_Border of enum ETextureAddress

******** Loading object Texture2D'APBMenus_Art.Window_BG_MissionInfo' ********

unknown member TC_VehicleNormalmap of enum ETextureCompressionSettings

******** Loading object Texture2D'APBMenus_Art_Jonathan.deployedweap_small_BG' ********

unknown member TA_Border of enum ETextureAddress
unknown member TA_Border of enum ETextureAddress

******** Loading object Texture2D'APBMenus_Art_Jonathan.deployedweap_small_white_BG' ********

unknown member TA_Border of enum ETextureAddress
unknown member TA_Border of enum ETextureAddress

******** Loading object Texture2D'APBMenus_Art_GameFlowScenes.LoadingIcon_MAIN' ********

unknown member TA_Border of enum ETextureAddress
unknown member TA_Border of enum ETextureAddress

******** Loading object Texture2D'APBMenus_Art.GI_Bomb_Green' ********

unknown member TC_VehicleNormalmap of enum ETextureCompressionSettings

******** Loading object Texture2D'APBMenus_Art.GI_Bomb_Red' ********

unknown member TC_VehicleNormalmap of enum ETextureCompressionSettings

******** Loading object Texture2D'APBMenus_Art.GI_ChkPntTerri_Green' ********

unknown member TC_VehicleNormalmap of enum ETextureCompressionSettings

******** Loading object Texture2D'APBMenus_Art.GI_ChkPntTerri_Grey' ********

unknown member TC_VehicleNormalmap of enum ETextureCompressionSettings

******** Loading object Texture2D'APBMenus_Art.GI_ChkPntTerri_Red' ********

unknown member TC_VehicleNormalmap of enum ETextureCompressionSettings

******** Loading object Texture2D'APBMenus_Art.GI_Graffiti_Green' ********

unknown member TC_VehicleNormalmap of enum ETextureCompressionSettings

******** Loading object Texture2D'APBMenus_Art.GI_Graffiti_Red' ********

unknown member TC_VehicleNormalmap of enum ETextureCompressionSettings

******** Loading object Texture2D'APBMenus_Art.GI_MovingTarget_Green' ********

unknown member TC_VehicleNormalmap of enum ETextureCompressionSettings

******** Loading object Texture2D'APBMenus_Art.GI_MovingTarget_Grey' ********

unknown member TC_VehicleNormalmap of enum ETextureCompressionSettings

******** Loading object Texture2D'APBMenus_Art.GI_MovingTarget_Red' ********

unknown member TC_VehicleNormalmap of enum ETextureCompressionSettings

******** Loading object Texture2D'APBMenus_Art.MusicEd_Folder' ********

unknown member TC_VehicleNormalmap of enum ETextureCompressionSettings

******** Loading object Texture2D'APBMenus_Art.MusicEd_Pause' ********

unknown member TC_VehicleNormalmap of enum ETextureCompressionSettings

******** Loading object Texture2D'APBMenus_Art.MusicEd_Play' ********

unknown member TC_VehicleNormalmap of enum ETextureCompressionSettings

******** Loading object Texture2D'APBMenus_Art.MusicEd_Stop' ********

unknown member TC_VehicleNormalmap of enum ETextureCompressionSettings

******** Loading object Texture2D'APBMenus_Art.MusicEd_Volume' ********

unknown member TC_VehicleNormalmap of enum ETextureCompressionSettings

******** Loading object Texture2D'APBMenus_Art.PlayPosition_Bar' ********

unknown member TC_VehicleNormalmap of enum ETextureCompressionSettings

******** Loading object Texture2D'APBMenus_Art.PlayPosition_BG' ********

unknown member TC_VehicleNormalmap of enum ETextureCompressionSettings

******** Loading object Texture2D'APBMenus_Art.Layer_Tools_Reset' ********

unknown member TA_Border of enum ETextureAddress
unknown member TA_Border of enum ETextureAddress

******** Loading object Texture2D'APBMenus_Art.APB_Button_Global_SM_Off' ********

unknown member TA_Border of enum ETextureAddress
unknown member TA_Border of enum ETextureAddress
unknown member TC_VehicleNormalmap of enum ETextureCompressionSettings

******** Loading object Texture2D'APBMenus_Art.APB_Button_Global_SM_On' ********

unknown member TA_Border of enum ETextureAddress
unknown member TA_Border of enum ETextureAddress
unknown member TC_VehicleNormalmap of enum ETextureCompressionSettings

******** Loading object Texture2D'APBMenus_Art.APB_Window_BG' ********

unknown member TC_VehicleNormalmap of enum ETextureCompressionSettings

******** Loading object Texture2D'APBMenus_Art.GlossyButton_Disabled' ********

unknown member TA_Border of enum ETextureAddress
unknown member TA_Border of enum ETextureAddress

******** Loading object Texture2D'APBMenus_Art.GlossyButton_Highlight' ********

unknown member TA_Border of enum ETextureAddress
unknown member TA_Border of enum ETextureAddress

******** Loading object Texture2D'APBMenus_Art.GlossyButton_Locked' ********

unknown member TA_Border of enum ETextureAddress
unknown member TA_Border of enum ETextureAddress

******** Loading object Texture2D'APBMenus_Art.GlossyButton_ReadOnly' ********

unknown member TA_Border of enum ETextureAddress
unknown member TA_Border of enum ETextureAddress

******** Loading object Texture2D'APBMenus_Art.GlossyButton_Regular' ********

unknown member TA_Border of enum ETextureAddress
unknown member TA_Border of enum ETextureAddress
unknown member TC_VehicleNormalmap of enum ETextureCompressionSettings

******** Loading object Texture2D'APBMenus_Art.SwaparrowLeft' ********

unknown member TA_Border of enum ETextureAddress
unknown member TA_Border of enum ETextureAddress

******** Loading object Texture2D'APBMenus_Art.SwaparrowRight' ********

unknown member TA_Border of enum ETextureAddress
unknown member TA_Border of enum ETextureAddress

******** Loading object Texture2D'APBMenus_Art.SwapArrows' ********

unknown member TA_Border of enum ETextureAddress
unknown member TA_Border of enum ETextureAddress

******** Loading object Texture2D'APBMenus_Art.Window_BG_MissionInfo' ********

unknown member TC_VehicleNormalmap of enum ETextureCompressionSettings

******** Loading object Texture2D'APBMenus_Art_Jonathan.deployedweap_small_BG' ********

unknown member TA_Border of enum ETextureAddress
unknown member TA_Border of enum ETextureAddress

******** Loading object Texture2D'APBMenus_Art_Jonathan.deployedweap_small_white_BG' ********

unknown member TA_Border of enum ETextureAddress
unknown member TA_Border of enum ETextureAddress

******** Loading object Texture2D'APBMenus_Art_GameFlowScenes.LoadingIcon_MAIN' ********

unknown member TA_Border of enum ETextureAddress
unknown member TA_Border of enum ETextureAddress

******** Loading object Texture2D'APBMenus_Art_GameFlowScenes.LoadingIcon_MAIN' ********

unknown member TA_Border of enum ETextureAddress
unknown member TA_Border of enum ETextureAddress

******** Loading object Texture2D'APBMenus_Art.GI_Bomb_Green' ********

unknown member TC_VehicleNormalmap of enum ETextureCompressionSettings

******** Loading object Texture2D'APBMenus_Art.GI_Bomb_Red' ********

unknown member TC_VehicleNormalmap of enum ETextureCompressionSettings

******** Loading object Texture2D'APBMenus_Art.GI_ChkPntTerri_Green' ********

unknown member TC_VehicleNormalmap of enum ETextureCompressionSettings

******** Loading object Texture2D'APBMenus_Art.GI_ChkPntTerri_Grey' ********

unknown member TC_VehicleNormalmap of enum ETextureCompressionSettings

******** Loading object Texture2D'APBMenus_Art.GI_ChkPntTerri_Red' ********

unknown member TC_VehicleNormalmap of enum ETextureCompressionSettings

******** Loading object Texture2D'APBMenus_Art.GI_Graffiti_Green' ********

unknown member TC_VehicleNormalmap of enum ETextureCompressionSettings

******** Loading object Texture2D'APBMenus_Art.GI_Graffiti_Red' ********

unknown member TC_VehicleNormalmap of enum ETextureCompressionSettings

******** Loading object Texture2D'APBMenus_Art.GI_MovingTarget_Green' ********

unknown member TC_VehicleNormalmap of enum ETextureCompressionSettings

******** Loading object Texture2D'APBMenus_Art.GI_MovingTarget_Grey' ********

unknown member TC_VehicleNormalmap of enum ETextureCompressionSettings

******** Loading object Texture2D'APBMenus_Art.GI_MovingTarget_Red' ********

unknown member TC_VehicleNormalmap of enum ETextureCompressionSettings

******** Loading object Texture2D'APBMenus_Art.MusicEd_Folder' ********

unknown member TC_VehicleNormalmap of enum ETextureCompressionSettings

******** Loading object Texture2D'APBMenus_Art.MusicEd_Pause' ********

unknown member TC_VehicleNormalmap of enum ETextureCompressionSettings

******** Loading object Texture2D'APBMenus_Art.MusicEd_Play' ********

unknown member TC_VehicleNormalmap of enum ETextureCompressionSettings

******** Loading object Texture2D'APBMenus_Art.MusicEd_Stop' ********

unknown member TC_VehicleNormalmap of enum ETextureCompressionSettings

******** Loading object Texture2D'APBMenus_Art.MusicEd_Volume' ********

unknown member TC_VehicleNormalmap of enum ETextureCompressionSettings

******** Loading object Texture2D'APBMenus_Art.PlayPosition_Bar' ********

unknown member TC_VehicleNormalmap of enum ETextureCompressionSettings

******** Loading object Texture2D'APBMenus_Art.PlayPosition_BG' ********

unknown member TC_VehicleNormalmap of enum ETextureCompressionSettings

******** Loading object Texture2D'APBMenus_Art.Layer_Tools_Reset' ********

unknown member TA_Border of enum ETextureAddress
unknown member TA_Border of enum ETextureAddress

******** Loading object Texture2D'APBMenus_Art.APB_Button_Global_SM_Off' ********

unknown member TA_Border of enum ETextureAddress
unknown member TA_Border of enum ETextureAddress
unknown member TC_VehicleNormalmap of enum ETextureCompressionSettings

******** Loading object Texture2D'APBMenus_Art.APB_Button_Global_SM_On' ********

unknown member TA_Border of enum ETextureAddress
unknown member TA_Border of enum ETextureAddress
unknown member TC_VehicleNormalmap of enum ETextureCompressionSettings

******** Loading object Texture2D'APBMenus_Art.APB_Window_BG' ********

unknown member TC_VehicleNormalmap of enum ETextureCompressionSettings

******** Loading object Texture2D'APBMenus_Art.GlossyButton_Disabled' ********

unknown member TA_Border of enum ETextureAddress
unknown member TA_Border of enum ETextureAddress

******** Loading object Texture2D'APBMenus_Art.GlossyButton_Highlight' ********

unknown member TA_Border of enum ETextureAddress
unknown member TA_Border of enum ETextureAddress

******** Loading object Texture2D'APBMenus_Art.GlossyButton_Locked' ********

unknown member TA_Border of enum ETextureAddress
unknown member TA_Border of enum ETextureAddress

******** Loading object Texture2D'APBMenus_Art.GlossyButton_ReadOnly' ********

unknown member TA_Border of enum ETextureAddress
unknown member TA_Border of enum ETextureAddress

******** Loading object Texture2D'APBMenus_Art.GlossyButton_Regular' ********

unknown member TA_Border of enum ETextureAddress
unknown member TA_Border of enum ETextureAddress
unknown member TC_VehicleNormalmap of enum ETextureCompressionSettings

******** Loading object Texture2D'APBMenus_Art.SwaparrowLeft' ********

unknown member TA_Border of enum ETextureAddress
unknown member TA_Border of enum ETextureAddress

******** Loading object Texture2D'APBMenus_Art.SwaparrowRight' ********

unknown member TA_Border of enum ETextureAddress
unknown member TA_Border of enum ETextureAddress

******** Loading object Texture2D'APBMenus_Art.SwapArrows' ********

unknown member TA_Border of enum ETextureAddress
unknown member TA_Border of enum ETextureAddress

******** Loading object Texture2D'APBMenus_Art.Window_BG_MissionInfo' ********

unknown member TC_VehicleNormalmap of enum ETextureCompressionSettings

******** Loading object Texture2D'APBMenus_Art_Jonathan.deployedweap_small_BG' ********

unknown member TA_Border of enum ETextureAddress
unknown member TA_Border of enum ETextureAddress

******** Loading object Texture2D'APBMenus_Art_Jonathan.deployedweap_small_white_BG' ********

unknown member TA_Border of enum ETextureAddress
unknown member TA_Border of enum ETextureAddress
