Launching 2011 APB client...
Window: hwnd=269670 title='Release_USER (Unity Build) 1-1-0-STAGING@534926 Inst:0' class='#32770'
  Child texts: ['OK', "Ambiguous package name: Using 'D:\\APBReloaded\\2011 apb\\APB All Points Bulletin\\APB North America\\APBGame\\Content\\Maps\\unpacked\\APBStart.apb', not 'D:\\APBReloaded\\2011 apb\\APB All Points Bulletin\\APB North America\\APBGame\\Content\\Maps\\APBStart.apb'"]
  ^ This is a dialog. Review the child texts above.
Window: hwnd=269670 title='Release_USER (Unity Build) 1-1-0-STAGING@534926 Inst:0' class='#32770'
  Child texts: ['OK', "Ambiguous package name: Using 'D:\\APBReloaded\\2011 apb\\APB All Points Bulletin\\APB North America\\APBGame\\Content\\Maps\\unpacked\\APBStart.apb', not 'D:\\APBReloaded\\2011 apb\\APB All Points Bulletin\\APB North America\\APBGame\\Content\\Maps\\APBStart.apb'"]
  ^ This is a dialog. Review the child texts above.
Window: hwnd=269670 title='Release_USER (Unity Build) 1-1-0-STAGING@534926 Inst:0' class='#32770'
  Child texts: ['OK', "Ambiguous package name: Using 'D:\\APBReloaded\\2011 apb\\APB All Points Bulletin\\APB North America\\APBGame\\Content\\Maps\\unpacked\\APBStart.apb', not 'D:\\APBReloaded\\2011 apb\\APB All Points Bulletin\\APB North America\\APBGame\\Content\\Maps\\APBStart.apb'"]
  ^ This is a dialog. Review the child texts above.
Window: hwnd=269670 title='Release_USER (Unity Build) 1-1-0-STAGING@534926 Inst:0' class='#32770'
  Child texts: ['OK', "Ambiguous package name: Using 'D:\\APBReloaded\\2011 apb\\APB All Points Bulletin\\APB North America\\APBGame\\Content\\Maps\\unpacked\\APBStart.apb', not 'D:\\APBReloaded\\2011 apb\\APB All Points Bulletin\\APB North America\\APBGame\\Content\\Maps\\APBStart.apb'"]
  ^ This is a dialog. Review the child texts above.
Window: hwnd=269670 title='Release_USER (Unity Build) 1-1-0-STAGING@534926 Inst:0' class='#32770'
  Child texts: ['OK', "Ambiguous package name: Using 'D:\\APBReloaded\\2011 apb\\APB All Points Bulletin\\APB North America\\APBGame\\Content\\Maps\\unpacked\\APBStart.apb', not 'D:\\APBReloaded\\2011 apb\\APB All Points Bulletin\\APB North America\\APBGame\\Content\\Maps\\APBStart.apb'"]
  ^ This is a dialog. Review the child texts above.
Window: hwnd=269670 title='Release_USER (Unity Build) 1-1-0-STAGING@534926 Inst:0' class='#32770'
  Child texts: ['OK', "Ambiguous package name: Using 'D:\\APBReloaded\\2011 apb\\APB All Points Bulletin\\APB North America\\APBGame\\Content\\Maps\\unpacked\\APBStart.apb', not 'D:\\APBReloaded\\2011 apb\\APB All Points Bulletin\\APB North America\\APBGame\\Content\\Maps\\APBStart.apb'"]
  ^ This is a dialog. Review the child texts above.
Window: hwnd=269670 title='Release_USER (Unity Build) 1-1-0-STAGING@534926 Inst:0' class='#32770'
  Child texts: ['OK', "Ambiguous package name: Using 'D:\\APBReloaded\\2011 apb\\APB All Points Bulletin\\APB North America\\APBGame\\Content\\Maps\\unpacked\\APBStart.apb', not 'D:\\APBReloaded\\2011 apb\\APB All Points Bulletin\\APB North America\\APBGame\\Content\\Maps\\APBStart.apb'"]
  ^ This is a dialog. Review the child texts above.
Window: hwnd=269670 title='Release_USER (Unity Build) 1-1-0-STAGING@534926 Inst:0' class='#32770'
  Child texts: ['OK', "Ambiguous package name: Using 'D:\\APBReloaded\\2011 apb\\APB All Points Bulletin\\APB North America\\APBGame\\Content\\Maps\\unpacked\\APBStart.apb', not 'D:\\APBReloaded\\2011 apb\\APB All Points Bulletin\\APB North America\\APBGame\\Content\\Maps\\APBStart.apb'"]
  ^ This is a dialog. Review the child texts above.
Window: hwnd=269670 title='Release_USER (Unity Build) 1-1-0-STAGING@534926 Inst:0' class='#32770'
  Child texts: ['OK', "Ambiguous package name: Using 'D:\\APBReloaded\\2011 apb\\APB All Points Bulletin\\APB North America\\APBGame\\Content\\Maps\\unpacked\\APBStart.apb', not 'D:\\APBReloaded\\2011 apb\\APB All Points Bulletin\\APB North America\\APBGame\\Content\\Maps\\APBStart.apb'"]
  ^ This is a dialog. Review the child texts above.
Window: hwnd=269670 title='Release_USER (Unity Build) 1-1-0-STAGING@534926 Inst:0' class='#32770'
  Child texts: ['OK', "Ambiguous package name: Using 'D:\\APBReloaded\\2011 apb\\APB All Points Bulletin\\APB North America\\APBGame\\Content\\Maps\\unpacked\\APBStart.apb', not 'D:\\APBReloaded\\2011 apb\\APB All Points Bulletin\\APB North America\\APBGame\\Content\\Maps\\APBStart.apb'"]
  ^ This is a dialog. Review the child texts above.
Window: hwnd=269670 title='Release_USER (Unity Build) 1-1-0-STAGING@534926 Inst:0' class='#32770'
  Child texts: ['OK', "Ambiguous package name: Using 'D:\\APBReloaded\\2011 apb\\APB All Points Bulletin\\APB North America\\APBGame\\Content\\Maps\\unpacked\\APBStart.apb', not 'D:\\APBReloaded\\2011 apb\\APB All Points Bulletin\\APB North America\\APBGame\\Content\\Maps\\APBStart.apb'"]
  ^ This is a dialog. Review the child texts above.
Window: hwnd=269670 title='Release_USER (Unity Build) 1-1-0-STAGING@534926 Inst:0' class='#32770'
  Child texts: ['OK', "Ambiguous package name: Using 'D:\\APBReloaded\\2011 apb\\APB All Points Bulletin\\APB North America\\APBGame\\Content\\Maps\\unpacked\\APBStart.apb', not 'D:\\APBReloaded\\2011 apb\\APB All Points Bulletin\\APB North America\\APBGame\\Content\\Maps\\APBStart.apb'"]
  ^ This is a dialog. Review the child texts above.
Window: hwnd=269670 title='Release_USER (Unity Build) 1-1-0-STAGING@534926 Inst:0' class='#32770'
  Child texts: ['OK', "Ambiguous package name: Using 'D:\\APBReloaded\\2011 apb\\APB All Points Bulletin\\APB North America\\APBGame\\Content\\Maps\\unpacked\\APBStart.apb', not 'D:\\APBReloaded\\2011 apb\\APB All Points Bulletin\\APB North America\\APBGame\\Content\\Maps\\APBStart.apb'"]
  ^ This is a dialog. Review the child texts above.
Window: hwnd=269670 title='Release_USER (Unity Build) 1-1-0-STAGING@534926 Inst:0' class='#32770'
  Child texts: ['OK', "Ambiguous package name: Using 'D:\\APBReloaded\\2011 apb\\APB All Points Bulletin\\APB North America\\APBGame\\Content\\Maps\\unpacked\\APBStart.apb', not 'D:\\APBReloaded\\2011 apb\\APB All Points Bulletin\\APB North America\\APBGame\\Content\\Maps\\APBStart.apb'"]
  ^ This is a dialog. Review the child texts above.
Window: hwnd=269670 title='Release_USER (Unity Build) 1-1-0-STAGING@534926 Inst:0' class='#32770'
  Child texts: ['OK', "Ambiguous package name: Using 'D:\\APBReloaded\\2011 apb\\APB All Points Bulletin\\APB North America\\APBGame\\Content\\Maps\\unpacked\\APBStart.apb', not 'D:\\APBReloaded\\2011 apb\\APB All Points Bulletin\\APB North America\\APBGame\\Content\\Maps\\APBStart.apb'"]
  ^ This is a dialog. Review the child texts above.
Window: hwnd=269670 title='Release_USER (Unity Build) 1-1-0-STAGING@534926 Inst:0' class='#32770'
  Child texts: ['OK', "Ambiguous package name: Using 'D:\\APBReloaded\\2011 apb\\APB All Points Bulletin\\APB North America\\APBGame\\Content\\Maps\\unpacked\\APBStart.apb', not 'D:\\APBReloaded\\2011 apb\\APB All Points Bulletin\\APB North America\\APBGame\\Content\\Maps\\APBStart.apb'"]
  ^ This is a dialog. Review the child texts above.
Window: hwnd=269670 title='Release_USER (Unity Build) 1-1-0-STAGING@534926 Inst:0' class='#32770'
  Child texts: ['OK', "Ambiguous package name: Using 'D:\\APBReloaded\\2011 apb\\APB All Points Bulletin\\APB North America\\APBGame\\Content\\Maps\\unpacked\\APBStart.apb', not 'D:\\APBReloaded\\2011 apb\\APB All Points Bulletin\\APB North America\\APBGame\\Content\\Maps\\APBStart.apb'"]
  ^ This is a dialog. Review the child texts above.
Window: hwnd=269670 title='Release_USER (Unity Build) 1-1-0-STAGING@534926 Inst:0' class='#32770'
  Child texts: ['OK', "Ambiguous package name: Using 'D:\\APBReloaded\\2011 apb\\APB All Points Bulletin\\APB North America\\APBGame\\Content\\Maps\\unpacked\\APBStart.apb', not 'D:\\APBReloaded\\2011 apb\\APB All Points Bulletin\\APB North America\\APBGame\\Content\\Maps\\APBStart.apb'"]
  ^ This is a dialog. Review the child texts above.
Window: hwnd=269670 title='Release_USER (Unity Build) 1-1-0-STAGING@534926 Inst:0' class='#32770'
  Child texts: ['OK', "Ambiguous package name: Using 'D:\\APBReloaded\\2011 apb\\APB All Points Bulletin\\APB North America\\APBGame\\Content\\Maps\\unpacked\\APBStart.apb', not 'D:\\APBReloaded\\2011 apb\\APB All Points Bulletin\\APB North America\\APBGame\\Content\\Maps\\APBStart.apb'"]
  ^ This is a dialog. Review the child texts above.
Window: hwnd=269670 title='Release_USER (Unity Build) 1-1-0-STAGING@534926 Inst:0' class='#32770'
  Child texts: ['OK', "Ambiguous package name: Using 'D:\\APBReloaded\\2011 apb\\APB All Points Bulletin\\APB North America\\APBGame\\Content\\Maps\\unpacked\\APBStart.apb', not 'D:\\APBReloaded\\2011 apb\\APB All Points Bulletin\\APB North America\\APBGame\\Content\\Maps\\APBStart.apb'"]
  ^ This is a dialog. Review the child texts above.
Window: hwnd=269670 title='Release_USER (Unity Build) 1-1-0-STAGING@534926 Inst:0' class='#32770'
  Child texts: ['OK', "Ambiguous package name: Using 'D:\\APBReloaded\\2011 apb\\APB All Points Bulletin\\APB North America\\APBGame\\Content\\Maps\\unpacked\\APBStart.apb', not 'D:\\APBReloaded\\2011 apb\\APB All Points Bulletin\\APB North America\\APBGame\\Content\\Maps\\APBStart.apb'"]
  ^ This is a dialog. Review the child texts above.
Window: hwnd=269670 title='Release_USER (Unity Build) 1-1-0-STAGING@534926 Inst:0' class='#32770'
  Child texts: ['OK', "Ambiguous package name: Using 'D:\\APBReloaded\\2011 apb\\APB All Points Bulletin\\APB North America\\APBGame\\Content\\Maps\\unpacked\\APBStart.apb', not 'D:\\APBReloaded\\2011 apb\\APB All Points Bulletin\\APB North America\\APBGame\\Content\\Maps\\APBStart.apb'"]
  ^ This is a dialog. Review the child texts above.
Window: hwnd=269670 title='Release_USER (Unity Build) 1-1-0-STAGING@534926 Inst:0' class='#32770'
  Child texts: ['OK', "Ambiguous package name: Using 'D:\\APBReloaded\\2011 apb\\APB All Points Bulletin\\APB North America\\APBGame\\Content\\Maps\\unpacked\\APBStart.apb', not 'D:\\APBReloaded\\2011 apb\\APB All Points Bulletin\\APB North America\\APBGame\\Content\\Maps\\APBStart.apb'"]
  ^ This is a dialog. Review the child texts above.
Window: hwnd=269670 title='Release_USER (Unity Build) 1-1-0-STAGING@534926 Inst:0' class='#32770'
  Child texts: ['OK', "Ambiguous package name: Using 'D:\\APBReloaded\\2011 apb\\APB All Points Bulletin\\APB North America\\APBGame\\Content\\Maps\\unpacked\\APBStart.apb', not 'D:\\APBReloaded\\2011 apb\\APB All Points Bulletin\\APB North America\\APBGame\\Content\\Maps\\APBStart.apb'"]
  ^ This is a dialog. Review the child texts above.
Window: hwnd=269670 title='Release_USER (Unity Build) 1-1-0-STAGING@534926 Inst:0' class='#32770'
  Child texts: ['OK', "Ambiguous package name: Using 'D:\\APBReloaded\\2011 apb\\APB All Points Bulletin\\APB North America\\APBGame\\Content\\Maps\\unpacked\\APBStart.apb', not 'D:\\APBReloaded\\2011 apb\\APB All Points Bulletin\\APB North America\\APBGame\\Content\\Maps\\APBStart.apb'"]
  ^ This is a dialog. Review the child texts above.
Window: hwnd=269670 title='Release_USER (Unity Build) 1-1-0-STAGING@534926 Inst:0' class='#32770'
  Child texts: ['OK', "Ambiguous package name: Using 'D:\\APBReloaded\\2011 apb\\APB All Points Bulletin\\APB North America\\APBGame\\Content\\Maps\\unpacked\\APBStart.apb', not 'D:\\APBReloaded\\2011 apb\\APB All Points Bulletin\\APB North America\\APBGame\\Content\\Maps\\APBStart.apb'"]
  ^ This is a dialog. Review the child texts above.
Window: hwnd=269670 title='Release_USER (Unity Build) 1-1-0-STAGING@534926 Inst:0' class='#32770'
  Child texts: ['OK', "Ambiguous package name: Using 'D:\\APBReloaded\\2011 apb\\APB All Points Bulletin\\APB North America\\APBGame\\Content\\Maps\\unpacked\\APBStart.apb', not 'D:\\APBReloaded\\2011 apb\\APB All Points Bulletin\\APB North America\\APBGame\\Content\\Maps\\APBStart.apb'"]
  ^ This is a dialog. Review the child texts above.
Window: hwnd=269670 title='Release_USER (Unity Build) 1-1-0-STAGING@534926 Inst:0' class='#32770'
  Child texts: ['OK', "Ambiguous package name: Using 'D:\\APBReloaded\\2011 apb\\APB All Points Bulletin\\APB North America\\APBGame\\Content\\Maps\\unpacked\\APBStart.apb', not 'D:\\APBReloaded\\2011 apb\\APB All Points Bulletin\\APB North America\\APBGame\\Content\\Maps\\APBStart.apb'"]
  ^ This is a dialog. Review the child texts above.
Window: hwnd=269670 title='Release_USER (Unity Build) 1-1-0-STAGING@534926 Inst:0' class='#32770'
  Child texts: ['OK', "Ambiguous package name: Using 'D:\\APBReloaded\\2011 apb\\APB All Points Bulletin\\APB North America\\APBGame\\Content\\Maps\\unpacked\\APBStart.apb', not 'D:\\APBReloaded\\2011 apb\\APB All Points Bulletin\\APB North America\\APBGame\\Content\\Maps\\APBStart.apb'"]
  ^ This is a dialog. Review the child texts above.
Window: hwnd=269670 title='Release_USER (Unity Build) 1-1-0-STAGING@534926 Inst:0' class='#32770'
  Child texts: ['OK', "Ambiguous package name: Using 'D:\\APBReloaded\\2011 apb\\APB All Points Bulletin\\APB North America\\APBGame\\Content\\Maps\\unpacked\\APBStart.apb', not 'D:\\APBReloaded\\2011 apb\\APB All Points Bulletin\\APB North America\\APBGame\\Content\\Maps\\APBStart.apb'"]
  ^ This is a dialog. Review the child texts above.
Window: hwnd=269670 title='Release_USER (Unity Build) 1-1-0-STAGING@534926 Inst:0' class='#32770'
  Child texts: ['OK', "Ambiguous package name: Using 'D:\\APBReloaded\\2011 apb\\APB All Points Bulletin\\APB North America\\APBGame\\Content\\Maps\\unpacked\\APBStart.apb', not 'D:\\APBReloaded\\2011 apb\\APB All Points Bulletin\\APB North America\\APBGame\\Content\\Maps\\APBStart.apb'"]
  ^ This is a dialog. Review the child texts above.
Window: hwnd=269670 title='Release_USER (Unity Build) 1-1-0-STAGING@534926 Inst:0' class='#32770'
  Child texts: ['OK', "Ambiguous package name: Using 'D:\\APBReloaded\\2011 apb\\APB All Points Bulletin\\APB North America\\APBGame\\Content\\Maps\\unpacked\\APBStart.apb', not 'D:\\APBReloaded\\2011 apb\\APB All Points Bulletin\\APB North America\\APBGame\\Content\\Maps\\APBStart.apb'"]
  ^ This is a dialog. Review the child texts above.
Window: hwnd=269670 title='Release_USER (Unity Build) 1-1-0-STAGING@534926 Inst:0' class='#32770'
  Child texts: ['OK', "Ambiguous package name: Using 'D:\\APBReloaded\\2011 apb\\APB All Points Bulletin\\APB North America\\APBGame\\Content\\Maps\\unpacked\\APBStart.apb', not 'D:\\APBReloaded\\2011 apb\\APB All Points Bulletin\\APB North America\\APBGame\\Content\\Maps\\APBStart.apb'"]
  ^ This is a dialog. Review the child texts above.
Window: hwnd=269670 title='Release_USER (Unity Build) 1-1-0-STAGING@534926 Inst:0' class='#32770'
  Child texts: ['OK', "Ambiguous package name: Using 'D:\\APBReloaded\\2011 apb\\APB All Points Bulletin\\APB North America\\APBGame\\Content\\Maps\\unpacked\\APBStart.apb', not 'D:\\APBReloaded\\2011 apb\\APB All Points Bulletin\\APB North America\\APBGame\\Content\\Maps\\APBStart.apb'"]
  ^ This is a dialog. Review the child texts above.
Window: hwnd=269670 title='Release_USER (Unity Build) 1-1-0-STAGING@534926 Inst:0' class='#32770'
  Child texts: ['OK', "Ambiguous package name: Using 'D:\\APBReloaded\\2011 apb\\APB All Points Bulletin\\APB North America\\APBGame\\Content\\Maps\\unpacked\\APBStart.apb', not 'D:\\APBReloaded\\2011 apb\\APB All Points Bulletin\\APB North America\\APBGame\\Content\\Maps\\APBStart.apb'"]
  ^ This is a dialog. Review the child texts above.
Window: hwnd=269670 title='Release_USER (Unity Build) 1-1-0-STAGING@534926 Inst:0' class='#32770'
  Child texts: ['OK', "Ambiguous package name: Using 'D:\\APBReloaded\\2011 apb\\APB All Points Bulletin\\APB North America\\APBGame\\Content\\Maps\\unpacked\\APBStart.apb', not 'D:\\APBReloaded\\2011 apb\\APB All Points Bulletin\\APB North America\\APBGame\\Content\\Maps\\APBStart.apb'"]
  ^ This is a dialog. Review the child texts above.
Window: hwnd=269670 title='Release_USER (Unity Build) 1-1-0-STAGING@534926 Inst:0' class='#32770'
  Child texts: ['OK', "Ambiguous package name: Using 'D:\\APBReloaded\\2011 apb\\APB All Points Bulletin\\APB North America\\APBGame\\Content\\Maps\\unpacked\\APBStart.apb', not 'D:\\APBReloaded\\2011 apb\\APB All Points Bulletin\\APB North America\\APBGame\\Content\\Maps\\APBStart.apb'"]
  ^ This is a dialog. Review the child texts above.
Window: hwnd=269670 title='Release_USER (Unity Build) 1-1-0-STAGING@534926 Inst:0' class='#32770'
  Child texts: ['OK', "Ambiguous package name: Using 'D:\\APBReloaded\\2011 apb\\APB All Points Bulletin\\APB North America\\APBGame\\Content\\Maps\\unpacked\\APBStart.apb', not 'D:\\APBReloaded\\2011 apb\\APB All Points Bulletin\\APB North America\\APBGame\\Content\\Maps\\APBStart.apb'"]
  ^ This is a dialog. Review the child texts above.
Window: hwnd=269670 title='Release_USER (Unity Build) 1-1-0-STAGING@534926 Inst:0' class='#32770'
  Child texts: ['OK', "Ambiguous package name: Using 'D:\\APBReloaded\\2011 apb\\APB All Points Bulletin\\APB North America\\APBGame\\Content\\Maps\\unpacked\\APBStart.apb', not 'D:\\APBReloaded\\2011 apb\\APB All Points Bulletin\\APB North America\\APBGame\\Content\\Maps\\APBStart.apb'"]
  ^ This is a dialog. Review the child texts above.
Window: hwnd=269670 title='Release_USER (Unity Build) 1-1-0-STAGING@534926 Inst:0' class='#32770'
  Child texts: ['OK', "Ambiguous package name: Using 'D:\\APBReloaded\\2011 apb\\APB All Points Bulletin\\APB North America\\APBGame\\Content\\Maps\\unpacked\\APBStart.apb', not 'D:\\APBReloaded\\2011 apb\\APB All Points Bulletin\\APB North America\\APBGame\\Content\\Maps\\APBStart.apb'"]
  ^ This is a dialog. Review the child texts above.
Window: hwnd=269670 title='Release_USER (Unity Build) 1-1-0-STAGING@534926 Inst:0' class='#32770'
  Child texts: ['OK', "Ambiguous package name: Using 'D:\\APBReloaded\\2011 apb\\APB All Points Bulletin\\APB North America\\APBGame\\Content\\Maps\\unpacked\\APBStart.apb', not 'D:\\APBReloaded\\2011 apb\\APB All Points Bulletin\\APB North America\\APBGame\\Content\\Maps\\APBStart.apb'"]
  ^ This is a dialog. Review the child texts above.
Window: hwnd=269670 title='Release_USER (Unity Build) 1-1-0-STAGING@534926 Inst:0' class='#32770'
  Child texts: ['OK', "Ambiguous package name: Using 'D:\\APBReloaded\\2011 apb\\APB All Points Bulletin\\APB North America\\APBGame\\Content\\Maps\\unpacked\\APBStart.apb', not 'D:\\APBReloaded\\2011 apb\\APB All Points Bulletin\\APB North America\\APBGame\\Content\\Maps\\APBStart.apb'"]
  ^ This is a dialog. Review the child texts above.
Window: hwnd=269670 title='Release_USER (Unity Build) 1-1-0-STAGING@534926 Inst:0' class='#32770'
  Child texts: ['OK', "Ambiguous package name: Using 'D:\\APBReloaded\\2011 apb\\APB All Points Bulletin\\APB North America\\APBGame\\Content\\Maps\\unpacked\\APBStart.apb', not 'D:\\APBReloaded\\2011 apb\\APB All Points Bulletin\\APB North America\\APBGame\\Content\\Maps\\APBStart.apb'"]
  ^ This is a dialog. Review the child texts above.
Window: hwnd=269670 title='Release_USER (Unity Build) 1-1-0-STAGING@534926 Inst:0' class='#32770'
  Child texts: ['OK', "Ambiguous package name: Using 'D:\\APBReloaded\\2011 apb\\APB All Points Bulletin\\APB North America\\APBGame\\Content\\Maps\\unpacked\\APBStart.apb', not 'D:\\APBReloaded\\2011 apb\\APB All Points Bulletin\\APB North America\\APBGame\\Content\\Maps\\APBStart.apb'"]
  ^ This is a dialog. Review the child texts above.
Window: hwnd=269670 title='Release_USER (Unity Build) 1-1-0-STAGING@534926 Inst:0' class='#32770'
  Child texts: ['OK', "Ambiguous package name: Using 'D:\\APBReloaded\\2011 apb\\APB All Points Bulletin\\APB North America\\APBGame\\Content\\Maps\\unpacked\\APBStart.apb', not 'D:\\APBReloaded\\2011 apb\\APB All Points Bulletin\\APB North America\\APBGame\\Content\\Maps\\APBStart.apb'"]
  ^ This is a dialog. Review the child texts above.
Window: hwnd=269670 title='Release_USER (Unity Build) 1-1-0-STAGING@534926 Inst:0' class='#32770'
  Child texts: ['OK', "Ambiguous package name: Using 'D:\\APBReloaded\\2011 apb\\APB All Points Bulletin\\APB North America\\APBGame\\Content\\Maps\\unpacked\\APBStart.apb', not 'D:\\APBReloaded\\2011 apb\\APB All Points Bulletin\\APB North America\\APBGame\\Content\\Maps\\APBStart.apb'"]
  ^ This is a dialog. Review the child texts above.
Window: hwnd=269670 title='Release_USER (Unity Build) 1-1-0-STAGING@534926 Inst:0' class='#32770'
  Child texts: ['OK', "Ambiguous package name: Using 'D:\\APBReloaded\\2011 apb\\APB All Points Bulletin\\APB North America\\APBGame\\Content\\Maps\\unpacked\\APBStart.apb', not 'D:\\APBReloaded\\2011 apb\\APB All Points Bulletin\\APB North America\\APBGame\\Content\\Maps\\APBStart.apb'"]
  ^ This is a dialog. Review the child texts above.
Window: hwnd=269670 title='Release_USER (Unity Build) 1-1-0-STAGING@534926 Inst:0' class='#32770'
  Child texts: ['OK', "Ambiguous package name: Using 'D:\\APBReloaded\\2011 apb\\APB All Points Bulletin\\APB North America\\APBGame\\Content\\Maps\\unpacked\\APBStart.apb', not 'D:\\APBReloaded\\2011 apb\\APB All Points Bulletin\\APB North America\\APBGame\\Content\\Maps\\APBStart.apb'"]
  ^ This is a dialog. Review the child texts above.
Window: hwnd=269670 title='Release_USER (Unity Build) 1-1-0-STAGING@534926 Inst:0' class='#32770'
  Child texts: ['OK', "Ambiguous package name: Using 'D:\\APBReloaded\\2011 apb\\APB All Points Bulletin\\APB North America\\APBGame\\Content\\Maps\\unpacked\\APBStart.apb', not 'D:\\APBReloaded\\2011 apb\\APB All Points Bulletin\\APB North America\\APBGame\\Content\\Maps\\APBStart.apb'"]
  ^ This is a dialog. Review the child texts above.
Window: hwnd=269670 title='Release_USER (Unity Build) 1-1-0-STAGING@534926 Inst:0' class='#32770'
  Child texts: ['OK', "Ambiguous package name: Using 'D:\\APBReloaded\\2011 apb\\APB All Points Bulletin\\APB North America\\APBGame\\Content\\Maps\\unpacked\\APBStart.apb', not 'D:\\APBReloaded\\2011 apb\\APB All Points Bulletin\\APB North America\\APBGame\\Content\\Maps\\APBStart.apb'"]
  ^ This is a dialog. Review the child texts above.
Window: hwnd=269670 title='Release_USER (Unity Build) 1-1-0-STAGING@534926 Inst:0' class='#32770'
  Child texts: ['OK', "Ambiguous package name: Using 'D:\\APBReloaded\\2011 apb\\APB All Points Bulletin\\APB North America\\APBGame\\Content\\Maps\\unpacked\\APBStart.apb', not 'D:\\APBReloaded\\2011 apb\\APB All Points Bulletin\\APB North America\\APBGame\\Content\\Maps\\APBStart.apb'"]
  ^ This is a dialog. Review the child texts above.
Window: hwnd=269670 title='Release_USER (Unity Build) 1-1-0-STAGING@534926 Inst:0' class='#32770'
  Child texts: ['OK', "Ambiguous package name: Using 'D:\\APBReloaded\\2011 apb\\APB All Points Bulletin\\APB North America\\APBGame\\Content\\Maps\\unpacked\\APBStart.apb', not 'D:\\APBReloaded\\2011 apb\\APB All Points Bulletin\\APB North America\\APBGame\\Content\\Maps\\APBStart.apb'"]
  ^ This is a dialog. Review the child texts above.
Window: hwnd=269670 title='Release_USER (Unity Build) 1-1-0-STAGING@534926 Inst:0' class='#32770'
  Child texts: ['OK', "Ambiguous package name: Using 'D:\\APBReloaded\\2011 apb\\APB All Points Bulletin\\APB North America\\APBGame\\Content\\Maps\\unpacked\\APBStart.apb', not 'D:\\APBReloaded\\2011 apb\\APB All Points Bulletin\\APB North America\\APBGame\\Content\\Maps\\APBStart.apb'"]
  ^ This is a dialog. Review the child texts above.
Window: hwnd=269670 title='Release_USER (Unity Build) 1-1-0-STAGING@534926 Inst:0' class='#32770'
  Child texts: ['OK', "Ambiguous package name: Using 'D:\\APBReloaded\\2011 apb\\APB All Points Bulletin\\APB North America\\APBGame\\Content\\Maps\\unpacked\\APBStart.apb', not 'D:\\APBReloaded\\2011 apb\\APB All Points Bulletin\\APB North America\\APBGame\\Content\\Maps\\APBStart.apb'"]
  ^ This is a dialog. Review the child texts above.
Window: hwnd=269670 title='Release_USER (Unity Build) 1-1-0-STAGING@534926 Inst:0' class='#32770'
  Child texts: ['OK', "Ambiguous package name: Using 'D:\\APBReloaded\\2011 apb\\APB All Points Bulletin\\APB North America\\APBGame\\Content\\Maps\\unpacked\\APBStart.apb', not 'D:\\APBReloaded\\2011 apb\\APB All Points Bulletin\\APB North America\\APBGame\\Content\\Maps\\APBStart.apb'"]
  ^ This is a dialog. Review the child texts above.
Window: hwnd=269670 title='Release_USER (Unity Build) 1-1-0-STAGING@534926 Inst:0' class='#32770'
  Child texts: ['OK', "Ambiguous package name: Using 'D:\\APBReloaded\\2011 apb\\APB All Points Bulletin\\APB North America\\APBGame\\Content\\Maps\\unpacked\\APBStart.apb', not 'D:\\APBReloaded\\2011 apb\\APB All Points Bulletin\\APB North America\\APBGame\\Content\\Maps\\APBStart.apb'"]
  ^ This is a dialog. Review the child texts above.
Window: hwnd=269670 title='Release_USER (Unity Build) 1-1-0-STAGING@534926 Inst:0' class='#32770'
  Child texts: ['OK', "Ambiguous package name: Using 'D:\\APBReloaded\\2011 apb\\APB All Points Bulletin\\APB North America\\APBGame\\Content\\Maps\\unpacked\\APBStart.apb', not 'D:\\APBReloaded\\2011 apb\\APB All Points Bulletin\\APB North America\\APBGame\\Content\\Maps\\APBStart.apb'"]
  ^ This is a dialog. Review the child texts above.
Window: hwnd=269670 title='Release_USER (Unity Build) 1-1-0-STAGING@534926 Inst:0' class='#32770'
  Child texts: ['OK', "Ambiguous package name: Using 'D:\\APBReloaded\\2011 apb\\APB All Points Bulletin\\APB North America\\APBGame\\Content\\Maps\\unpacked\\APBStart.apb', not 'D:\\APBReloaded\\2011 apb\\APB All Points Bulletin\\APB North America\\APBGame\\Content\\Maps\\APBStart.apb'"]
  ^ This is a dialog. Review the child texts above.
Window: hwnd=269670 title='Release_USER (Unity Build) 1-1-0-STAGING@534926 Inst:0' class='#32770'
  Child texts: ['OK', "Ambiguous package name: Using 'D:\\APBReloaded\\2011 apb\\APB All Points Bulletin\\APB North America\\APBGame\\Content\\Maps\\unpacked\\APBStart.apb', not 'D:\\APBReloaded\\2011 apb\\APB All Points Bulletin\\APB North America\\APBGame\\Content\\Maps\\APBStart.apb'"]
  ^ This is a dialog. Review the child texts above.
Window: hwnd=269670 title='Release_USER (Unity Build) 1-1-0-STAGING@534926 Inst:0' class='#32770'
  Child texts: ['OK', "Ambiguous package name: Using 'D:\\APBReloaded\\2011 apb\\APB All Points Bulletin\\APB North America\\APBGame\\Content\\Maps\\unpacked\\APBStart.apb', not 'D:\\APBReloaded\\2011 apb\\APB All Points Bulletin\\APB North America\\APBGame\\Content\\Maps\\APBStart.apb'"]
  ^ This is a dialog. Review the child texts above.
Timeout reached. Killing APB.exe
