Collecting pyautogui
  Using cached PyAutoGUI-0.9.54.tar.gz (61 kB)
  Installing build dependencies: started
  Installing build dependencies: finished with status 'done'
  Getting requirements to build wheel: started
  Getting requirements to build wheel: finished with status 'done'
  Preparing metadata (pyproject.toml): started
  Preparing metadata (pyproject.toml): finished with status 'done'
Collecting pymsgbox (from pyautogui)
  Downloading pymsgbox-2.0.1-py3-none-any.whl.metadata (4.4 kB)
Collecting pytweening>=1.0.4 (from pyautogui)
  Using cached pytweening-1.2.0.tar.gz (171 kB)
  Installing build dependencies: started
  Installing build dependencies: finished with status 'done'
  Getting requirements to build wheel: started
  Getting requirements to build wheel: finished with status 'done'
  Preparing metadata (pyproject.toml): started
  Preparing metadata (pyproject.toml): finished with status 'done'
Collecting pyscreeze>=0.1.21 (from pyautogui)
  Using cached pyscreeze-1.0.1.tar.gz (27 kB)
  Installing build dependencies: started
  Installing build dependencies: finished with status 'done'
  Getting requirements to build wheel: started
  Getting requirements to build wheel: finished with status 'done'
  Preparing metadata (pyproject.toml): started
  Preparing metadata (pyproject.toml): finished with status 'done'
Collecting pygetwindow>=0.0.5 (from pyautogui)
  Using cached PyGetWindow-0.0.9.tar.gz (9.7 kB)
  Installing build dependencies: started
  Installing build dependencies: finished with status 'done'
  Getting requirements to build wheel: started
  Getting requirements to build wheel: finished with status 'done'
  Preparing metadata (pyproject.toml): started
  Preparing metadata (pyproject.toml): finished with status 'done'
Collecting mouseinfo (from pyautogui)
  Using cached MouseInfo-0.1.3.tar.gz (10 kB)
  Installing build dependencies: started
  Installing build dependencies: finished with status 'done'
  Getting requirements to build wheel: started
  Getting requirements to build wheel: finished with status 'done'
  Preparing metadata (pyproject.toml): started
  Preparing metadata (pyproject.toml): finished with status 'done'
Collecting pyrect (from pygetwindow>=0.0.5->pyautogui)
  Using cached PyRect-0.2.0.tar.gz (17 kB)
  Installing build dependencies: started
  Installing build dependencies: finished with status 'done'
  Getting requirements to build wheel: started
  Getting requirements to build wheel: finished with status 'done'
  Preparing metadata (pyproject.toml): started
  Preparing metadata (pyproject.toml): finished with status 'done'
Requirement already satisfied: Pillow>=9.3.0 in c:\users\support\appdata\local\programs\python\python311\lib\site-packages (from pyscreeze>=0.1.21->pyautogui) (12.2.0)
Collecting pyperclip (from mouseinfo->pyautogui)
  Downloading pyperclip-1.11.0-py3-none-any.whl.metadata (2.4 kB)
Downloading pymsgbox-2.0.1-py3-none-any.whl (10.0 kB)
Downloading pyperclip-1.11.0-py3-none-any.whl (11 kB)
Building wheels for collected packages: pyautogui, pygetwindow, pyscreeze, pytweening, mouseinfo, pyrect
  Building wheel for pyautogui (pyproject.toml): started
  Building wheel for pyautogui (pyproject.toml): finished with status 'done'
  Created wheel for pyautogui: filename=pyautogui-0.9.54-py3-none-any.whl size=37706 sha256=67cf15ab963439cde7a730c9a7694d7fcd8c21112e8b0e48e44070b12ff1f6f1
  Stored in directory: c:\users\support\appdata\local\pip\cache\wheels\95\dc\b1\fe122b791e0db8bf439a0e6e1d2628e48f10bf430cae13521b
  Building wheel for pygetwindow (pyproject.toml): started
  Building wheel for pygetwindow (pyproject.toml): finished with status 'done'
  Created wheel for pygetwindow: filename=pygetwindow-0.0.9-py3-none-any.whl size=11137 sha256=d10f39d5385d34900c9b6eb4699e90f5b9ada4261d2edbbf6ff205fcae4686f4
  Stored in directory: c:\users\support\appdata\local\pip\cache\wheels\07\75\0b\7ca0b598eb4c21d43ba4bcc78a0538dfcf803a5997da33bc19
  Building wheel for pyscreeze (pyproject.toml): started
  Building wheel for pyscreeze (pyproject.toml): finished with status 'done'
  Created wheel for pyscreeze: filename=pyscreeze-1.0.1-py3-none-any.whl size=14481 sha256=fa0c5bde0871239ed292e064d6f3a7310176d0a118753853508d55cad4ae81e3
  Stored in directory: c:\users\support\appdata\local\pip\cache\wheels\cd\e3\dd\267b393d8e8f607e47194942740d080d9bfd835cd4375a3de1
  Building wheel for pytweening (pyproject.toml): started
  Building wheel for pytweening (pyproject.toml): finished with status 'done'
  Created wheel for pytweening: filename=pytweening-1.2.0-py3-none-any.whl size=8135 sha256=b81204dc5b5d6ed513f6d12e5af1160b96d0e59e00bd824462d4e4b639b9acbe
  Stored in directory: c:\users\support\appdata\local\pip\cache\wheels\db\81\dc\0d61a3c9614f288e057ab63924e2a49edbeed4ffc916dcda1e
  Building wheel for mouseinfo (pyproject.toml): started
  Building wheel for mouseinfo (pyproject.toml): finished with status 'done'
  Created wheel for mouseinfo: filename=mouseinfo-0.1.3-py3-none-any.whl size=10966 sha256=cbf7a773f72283b40d349df0b2c41f91ed92b3e2a43e99444305290375a80a24
  Stored in directory: c:\users\support\appdata\local\pip\cache\wheels\20\0b\7f\939ac9ff785b09951c706150537572c00123412f260a6024f3
  Building wheel for pyrect (pyproject.toml): started
  Building wheel for pyrect (pyproject.toml): finished with status 'done'
  Created wheel for pyrect: filename=pyrect-0.2.0-py2.py3-none-any.whl size=11305 sha256=73b1b81bee4ee390dc8cbca33d69a65da9dbbb35e1b267020bddded34deda8fe
  Stored in directory: c:\users\support\appdata\local\pip\cache\wheels\c4\e9\fc\b7a666dd4f9a3168fb44d643079b41d36ddab52f470707e820
Successfully built pyautogui pygetwindow pyscreeze pytweening mouseinfo pyrect
Installing collected packages: pytweening, pyrect, pyperclip, pyscreeze, pymsgbox, pygetwindow, mouseinfo, pyautogui

Successfully installed mouseinfo-0.1.3 pyautogui-0.9.54 pygetwindow-0.0.9 pymsgbox-2.0.1 pyperclip-1.11.0 pyrect-0.2.0 pyscreeze-1.0.1 pytweening-1.2.0

[notice] A new release of pip is available: 25.3 -> 26.1.2
[notice] To update, run: python.exe -m pip install --upgrade pip
