Found 191 game files (0 skipped) in 1 folders at path "D:/APBReloaded/2011 apb/APB All Points Bulletin/APB North America/APBGame/Content/Interface"
Scanned game directory in 0.0 sec, 207 allocs, 0.00 MBytes serialized in 0 calls.
Loading package: APBMenus_Art_GameFlowScenes.upk Ver: 547/31 Engine: 3908 Names: 159 Exports: 158 Imports: 19 Game: 80001D
Loaded in 0.0 sec, 15 allocs, 0.02 MBytes serialized in 4 calls.
Loading Material3 Flames_APB from package APBMenus_Art_GameFlowScenes.upk
StrProperty: unknown UMaterial3 RWTGuid
ArrayProperty: unknown UMaterial3 Channels
Loading Material3 Flames_APB_BLK from package APBMenus_Art_GameFlowScenes.upk
StrProperty: unknown UMaterial3 RWTGuid
ArrayProperty: unknown UMaterial3 Channels
Loading Material3 Flames_BG from package APBMenus_Art_GameFlowScenes.upk
StrProperty: unknown UMaterial3 RWTGuid
ArrayProperty: unknown UMaterial3 Channels
Loading Material3 Flames_Crim from package APBMenus_Art_GameFlowScenes.upk
StrProperty: unknown UMaterial3 RWTGuid
ArrayProperty: unknown UMaterial3 Channels
Loading Material3 Flames_Enf from package APBMenus_Art_GameFlowScenes.upk
StrProperty: unknown UMaterial3 RWTGuid
ArrayProperty: unknown UMaterial3 Channels
Loading Material3 LoadingArrows from package APBMenus_Art_GameFlowScenes.upk
Loading package: APBMenus_Art_WS_TargetInfo.upk Ver: 547/31 Engine: 3908 Names: 66 Exports: 12 Imports: 9 Game: 80001D
StrProperty: unknown UMaterial3 RWTGuid
ArrayProperty: unknown UMaterial3 Channels
Loading Material3 LoadingScreen_FactionIcon_Crim_Mat from package APBMenus_Art_GameFlowScenes.upk
StrProperty: unknown UMaterial3 RWTGuid
ArrayProperty: unknown UMaterial3 Channels
Loading Material3 LoadingScreen_FactionIcon_Enf_Mat from package APBMenus_Art_GameFlowScenes.upk
StrProperty: unknown UMaterial3 RWTGuid
ArrayProperty: unknown UMaterial3 Channels
Loading Texture2D CharacterSelectIcon from package APBMenus_Art_GameFlowScenes.upk
ByteProperty: unknown UTexture2D LODCategory
Loading Texture2D Constant_BG from package APBMenus_Art_GameFlowScenes.upk
ByteProperty: unknown UTexture2D LODCategory
Loading Texture2D CriminalFactionicon from package APBMenus_Art_GameFlowScenes.upk
ByteProperty: unknown UTexture2D LODCategory
Loading Texture2D CriminalFactionicon_Unselected from package APBMenus_Art_GameFlowScenes.upk
ByteProperty: unknown UTexture2D LODCategory
Loading Texture2D EnforcerFactionicon from package APBMenus_Art_GameFlowScenes.upk
ByteProperty: unknown UTexture2D LODCategory
Loading Texture2D EnforcerFactionicon_Unselected from package APBMenus_Art_GameFlowScenes.upk
ByteProperty: unknown UTexture2D LODCategory
Loading Texture2D factionheadericon from package APBMenus_Art_GameFlowScenes.upk
ByteProperty: unknown UTexture2D LODCategory
Loading Texture2D FactionSelectbulletpoint from package APBMenus_Art_GameFlowScenes.upk
ByteProperty: unknown UTexture2D LODCategory
Loading Texture2D FactionSelectbulletpoint_Unselected from package APBMenus_Art_GameFlowScenes.upk
******** Loading object Texture2D'APBMenus_Art_GameFlowScenes.LoadingIcon_MAIN' ********
*** unknown member TA_Border of enum ETextureAddress
ByteProperty: unknown UTexture2D LODCategory
Loading Texture2D factionselectbuttongrey from package APBMenus_Art_GameFlowScenes.upk
ByteProperty: unknown UTexture2D LODCategory
Loading Texture2D FemaleAvatar from package APBMenus_Art_GameFlowScenes.upk
ByteProperty: unknown UTexture2D LODCategory
Loading Texture2D frontendFooter from package APBMenus_Art_GameFlowScenes.upk
ByteProperty: unknown UTexture2D LODCategory
Loading Texture2D JKICON_login_header_key from package APBMenus_Art_GameFlowScenes.upk
ByteProperty: unknown UTexture2D LODCategory
Loading Texture2D LoadingArrows_BG from package APBMenus_Art_GameFlowScenes.upk
ByteProperty: unknown UTexture2D LODCategory
Loading Texture2D LoadingArrows_Mask from package APBMenus_Art_GameFlowScenes.upk
ByteProperty: unknown UTexture2D LODCategory
Loading Texture2D LoadingArrows_Ring from package APBMenus_Art_GameFlowScenes.upk
ByteProperty: unknown UTexture2D LODCategory
Loading Texture2D LoadingIcon_MAIN from package APBMenus_Art_GameFlowScenes.upk
*** unknown member TA_Border of enum ETextureAddress
ByteProperty: unknown UTexture2D LODCategory
Loading Texture2D LoadingScreen_APB from package APBMenus_Art_GameFlowScenes.upk
ByteProperty: unknown UTexture2D LODCategory
Loading Texture2D LoadingScreen_APBFlame_Alpha from package APBMenus_Art_GameFlowScenes.upk
ByteProperty: unknown UTexture2D LODCategory
Loading Texture2D LoadingScreen_FactionIcon_Crim from package APBMenus_Art_GameFlowScenes.upk
ByteProperty: unknown UTexture2D LODCategory
Loading Texture2D LoadingScreen_FactionIcon_Crim_Mask from package APBMenus_Art_GameFlowScenes.upk
ByteProperty: unknown UTexture2D LODCategory
Loading Texture2D LoadingScreen_FactionIcon_Enf from package APBMenus_Art_GameFlowScenes.upk
ByteProperty: unknown UTexture2D LODCategory
Loading Texture2D LoadingScreen_FactionIcon_Enf_Mask from package APBMenus_Art_GameFlowScenes.upk
ByteProperty: unknown UTexture2D LODCategory
Loading Texture2D LoadingScreen_FI_Crim_Alpha from package APBMenus_Art_GameFlowScenes.upk
ByteProperty: unknown UTexture2D LODCategory
Loading Texture2D LoadingScreen_FI_Enf_Alpha from package APBMenus_Art_GameFlowScenes.upk
ByteProperty: unknown UTexture2D LODCategory
Loading Texture2D LoadingScreen_Flames from package APBMenus_Art_GameFlowScenes.upk
ByteProperty: unknown UTexture2D LODCategory
Loading Texture2D LoadingScreen_Flames_Alpha from package APBMenus_Art_GameFlowScenes.upk
ByteProperty: unknown UTexture2D LODCategory
Loading Texture2D LoadingScreen_Flames_Emburs from package APBMenus_Art_GameFlowScenes.upk
ByteProperty: unknown UTexture2D LODCategory
Loading Texture2D LoadingScreen_Flames_Emburs_02 from package APBMenus_Art_GameFlowScenes.upk
ByteProperty: unknown UTexture2D LODCategory
Loading Texture2D LoadingScreen_Flames_Mask from package APBMenus_Art_GameFlowScenes.upk
ByteProperty: unknown UTexture2D LODCategory
Loading Texture2D LoadingScreen_Flames_RimGlow from package APBMenus_Art_GameFlowScenes.upk
ByteProperty: unknown UTexture2D LODCategory
Loading Texture2D LoadingScreen_Overlay from package APBMenus_Art_GameFlowScenes.upk
ByteProperty: unknown UTexture2D LODCategory
Loading Texture2D MaleAvatar from package APBMenus_Art_GameFlowScenes.upk
ByteProperty: unknown UTexture2D LODCategory
Loading Texture2D NewBackgroundImage from package APBMenus_Art_GameFlowScenes.upk
ByteProperty: unknown UTexture2D LODCategory
Loading Texture2D newCriminalcon from package APBMenus_Art_GameFlowScenes.upk
ByteProperty: unknown UTexture2D LODCategory
Loading Texture2D newEnforcerIcon from package APBMenus_Art_GameFlowScenes.upk
ByteProperty: unknown UTexture2D LODCategory
Loading Texture2D splatter1 from package APBMenus_Art_GameFlowScenes.upk
ByteProperty: unknown UTexture2D LODCategory
Loading Texture2D worldselecticon from package APBMenus_Art_GameFlowScenes.upk
ByteProperty: unknown UTexture2D LODCategory
Loading Texture2D Timer_BG from package APBMenus_Art_WS_TargetInfo.upk
ByteProperty: unknown UTexture2D LODCategory
Exporting objects ...
Exporting Material3 Flames_APB to D:/APBReloaded/work/login_swap/textures/2011/APBMenus_Art_GameFlowScenes/Material3/Flames_APB.mat
Exporting Texture2D LoadingScreen_APBFlame_Alpha to D:/APBReloaded/work/login_swap/textures/2011/APBMenus_Art_GameFlowScenes/Texture2D/LoadingScreen_APBFlame_Alpha.tga
Exporting Texture2D LoadingScreen_Flames to D:/APBReloaded/work/login_swap/textures/2011/APBMenus_Art_GameFlowScenes/Texture2D/LoadingScreen_Flames.tga
Exporting Material3 Flames_APB_BLK to D:/APBReloaded/work/login_swap/textures/2011/APBMenus_Art_GameFlowScenes/Material3/Flames_APB_BLK.mat
Exporting Material3 Flames_BG to D:/APBReloaded/work/login_swap/textures/2011/APBMenus_Art_GameFlowScenes/Material3/Flames_BG.mat
Exporting Texture2D LoadingScreen_Flames_RimGlow to D:/APBReloaded/work/login_swap/textures/2011/APBMenus_Art_GameFlowScenes/Texture2D/LoadingScreen_Flames_RimGlow.tga
Exporting Texture2D LoadingScreen_Flames_Alpha to D:/APBReloaded/work/login_swap/textures/2011/APBMenus_Art_GameFlowScenes/Texture2D/LoadingScreen_Flames_Alpha.tga
Exporting Texture2D LoadingScreen_Flames_Emburs to D:/APBReloaded/work/login_swap/textures/2011/APBMenus_Art_GameFlowScenes/Texture2D/LoadingScreen_Flames_Emburs.tga
Exporting Texture2D LoadingScreen_Flames_Mask to D:/APBReloaded/work/login_swap/textures/2011/APBMenus_Art_GameFlowScenes/Texture2D/LoadingScreen_Flames_Mask.tga
Exporting Texture2D LoadingScreen_Flames_Emburs_02 to D:/APBReloaded/work/login_swap/textures/2011/APBMenus_Art_GameFlowScenes/Texture2D/LoadingScreen_Flames_Emburs_02.tga
Exporting Material3 Flames_Crim to D:/APBReloaded/work/login_swap/textures/2011/APBMenus_Art_GameFlowScenes/Material3/Flames_Crim.mat
Exporting Texture2D LoadingScreen_FI_Crim_Alpha to D:/APBReloaded/work/login_swap/textures/2011/APBMenus_Art_GameFlowScenes/Texture2D/LoadingScreen_FI_Crim_Alpha.tga
Exporting Material3 Flames_Enf to D:/APBReloaded/work/login_swap/textures/2011/APBMenus_Art_GameFlowScenes/Material3/Flames_Enf.mat
Exporting Texture2D LoadingScreen_FI_Enf_Alpha to D:/APBReloaded/work/login_swap/textures/2011/APBMenus_Art_GameFlowScenes/Texture2D/LoadingScreen_FI_Enf_Alpha.tga
Exporting Material3 LoadingArrows to D:/APBReloaded/work/login_swap/textures/2011/APBMenus_Art_GameFlowScenes/Material3/LoadingArrows.mat
Exporting Texture2D LoadingIcon_MAIN to D:/APBReloaded/work/login_swap/textures/2011/APBMenus_Art_GameFlowScenes/Texture2D/LoadingIcon_MAIN.tga
Exporting Texture2D Timer_BG to D:/APBReloaded/work/login_swap/textures/2011/APBMenus_Art_WS_TargetInfo/Texture2D/Timer_BG.tga
Exporting Material3 LoadingScreen_FactionIcon_Crim_Mat to D:/APBReloaded/work/login_swap/textures/2011/APBMenus_Art_GameFlowScenes/Material3/LoadingScreen_FactionIcon_Crim_Mat.mat
Exporting Texture2D LoadingScreen_FactionIcon_Crim_Mask to D:/APBReloaded/work/login_swap/textures/2011/APBMenus_Art_GameFlowScenes/Texture2D/LoadingScreen_FactionIcon_Crim_Mask.tga
Exporting Texture2D LoadingScreen_FactionIcon_Crim to D:/APBReloaded/work/login_swap/textures/2011/APBMenus_Art_GameFlowScenes/Texture2D/LoadingScreen_FactionIcon_Crim.tga
Exporting Material3 LoadingScreen_FactionIcon_Enf_Mat to D:/APBReloaded/work/login_swap/textures/2011/APBMenus_Art_GameFlowScenes/Material3/LoadingScreen_FactionIcon_Enf_Mat.mat
Exporting Texture2D LoadingScreen_FactionIcon_Enf_Mask to D:/APBReloaded/work/login_swap/textures/2011/APBMenus_Art_GameFlowScenes/Texture2D/LoadingScreen_FactionIcon_Enf_Mask.tga
Exporting Texture2D CharacterSelectIcon to D:/APBReloaded/work/login_swap/textures/2011/APBMenus_Art_GameFlowScenes/Texture2D/CharacterSelectIcon.tga
Exporting Texture2D Constant_BG to D:/APBReloaded/work/login_swap/textures/2011/APBMenus_Art_GameFlowScenes/Texture2D/Constant_BG.tga
Exporting Texture2D CriminalFactionicon to D:/APBReloaded/work/login_swap/textures/2011/APBMenus_Art_GameFlowScenes/Texture2D/CriminalFactionicon.tga
Exporting Texture2D CriminalFactionicon_Unselected to D:/APBReloaded/work/login_swap/textures/2011/APBMenus_Art_GameFlowScenes/Texture2D/CriminalFactionicon_Unselected.tga
Exporting Texture2D EnforcerFactionicon to D:/APBReloaded/work/login_swap/textures/2011/APBMenus_Art_GameFlowScenes/Texture2D/EnforcerFactionicon.tga
Exporting Texture2D EnforcerFactionicon_Unselected to D:/APBReloaded/work/login_swap/textures/2011/APBMenus_Art_GameFlowScenes/Texture2D/EnforcerFactionicon_Unselected.tga
Exporting Texture2D factionheadericon to D:/APBReloaded/work/login_swap/textures/2011/APBMenus_Art_GameFlowScenes/Texture2D/factionheadericon.tga
Exporting Texture2D FactionSelectbulletpoint to D:/APBReloaded/work/login_swap/textures/2011/APBMenus_Art_GameFlowScenes/Texture2D/FactionSelectbulletpoint.tga
Exporting Texture2D FactionSelectbulletpoint_Unselected to D:/APBReloaded/work/login_swap/textures/2011/APBMenus_Art_GameFlowScenes/Texture2D/FactionSelectbulletpoint_Unselected.tga
Exporting Texture2D factionselectbuttongrey to D:/APBReloaded/work/login_swap/textures/2011/APBMenus_Art_GameFlowScenes/Texture2D/factionselectbuttongrey.tga
Exporting Texture2D FemaleAvatar to D:/APBReloaded/work/login_swap/textures/2011/APBMenus_Art_GameFlowScenes/Texture2D/FemaleAvatar.tga
Exporting Texture2D frontendFooter to D:/APBReloaded/work/login_swap/textures/2011/APBMenus_Art_GameFlowScenes/Texture2D/frontendFooter.tga
Exporting Texture2D JKICON_login_header_key to D:/APBReloaded/work/login_swap/textures/2011/APBMenus_Art_GameFlowScenes/Texture2D/JKICON_login_header_key.tga
Exporting Texture2D LoadingArrows_BG to D:/APBReloaded/work/login_swap/textures/2011/APBMenus_Art_GameFlowScenes/Texture2D/LoadingArrows_BG.tga
Exporting Texture2D LoadingArrows_Mask to D:/APBReloaded/work/login_swap/textures/2011/APBMenus_Art_GameFlowScenes/Texture2D/LoadingArrows_Mask.tga
Exporting Texture2D LoadingArrows_Ring to D:/APBReloaded/work/login_swap/textures/2011/APBMenus_Art_GameFlowScenes/Texture2D/LoadingArrows_Ring.tga
Exporting Texture2D LoadingScreen_APB to D:/APBReloaded/work/login_swap/textures/2011/APBMenus_Art_GameFlowScenes/Texture2D/LoadingScreen_APB.tga
Exporting Texture2D LoadingScreen_FactionIcon_Enf to D:/APBReloaded/work/login_swap/textures/2011/APBMenus_Art_GameFlowScenes/Texture2D/LoadingScreen_FactionIcon_Enf.tga
Exporting Texture2D LoadingScreen_Overlay to D:/APBReloaded/work/login_swap/textures/2011/APBMenus_Art_GameFlowScenes/Texture2D/LoadingScreen_Overlay.tga
Exporting Texture2D MaleAvatar to D:/APBReloaded/work/login_swap/textures/2011/APBMenus_Art_GameFlowScenes/Texture2D/MaleAvatar.tga
Exporting Texture2D NewBackgroundImage to D:/APBReloaded/work/login_swap/textures/2011/APBMenus_Art_GameFlowScenes/Texture2D/NewBackgroundImage.tga
Exporting Texture2D newCriminalcon to D:/APBReloaded/work/login_swap/textures/2011/APBMenus_Art_GameFlowScenes/Texture2D/newCriminalcon.tga
Exporting Texture2D newEnforcerIcon to D:/APBReloaded/work/login_swap/textures/2011/APBMenus_Art_GameFlowScenes/Texture2D/newEnforcerIcon.tga
Exporting Texture2D splatter1 to D:/APBReloaded/work/login_swap/textures/2011/APBMenus_Art_GameFlowScenes/Texture2D/splatter1.tga
Exporting Texture2D worldselecticon to D:/APBReloaded/work/login_swap/textures/2011/APBMenus_Art_GameFlowScenes/Texture2D/worldselecticon.tga
Memory: allocated 25684356 bytes in 186 blocks
Exported 47/47 objects in 0.1 sec
