exporting 94 packages -> D:\APBReloaded\Content\Extracted\2011\UI\umodel
[1/94] SKIP APBMenus_Art_Backup.upk (already has TGA)
[2/94] SKIP APBMenus_Art_Colour.upk (already has TGA)
[3/94] SKIP APBMenus_Art_Cargo.upk (already has TGA)
[4/94] SKIP APBMenus_Art_TES.upk (already has TGA)
[5/94] SKIP APBMenus_Art_Group.upk (already has TGA)
[6/94] SKIP APBMenus_Art_VehicleInfo.upk (already has TGA)
[7/94] SKIP APBMenus_Art_TimeDisplay.upk (already has TGA)
[8/94] SKIP APBMenus_Art_PopUpDialogs.upk (already has TGA)
[9/94] APBMenus_CharacterCustomisation_Resources.upk (5 KB) ...
  OK exit=0
[10/94] APBMenus_Art_FX.upk (5 KB) ...
  OK exit=0
[11/94] APBMenus_Art_BG_Materials.upk (5 KB) ...
  OK exit=0
[12/94] SKIP APBMenus_Art_FileSelector.upk (already has TGA)
[13/94] SKIP APBMenus_Art_Cash.upk (already has TGA)
[14/94] SKIP APBMenus_Art_ZoneNotifier.upk (already has TGA)
[15/94] SKIP APBMenus_Art_Social.upk (already has TGA)
[16/94] SKIP APBMenus_Art_Usables.upk (already has TGA)
[17/94] SKIP APBMenus_Art_InfoBrowser.upk (already has TGA)
[18/94] SKIP APBMenus_Art_FactionIcons.upk (already has TGA)
[19/94] SKIP APBMenus_Art_WeaponCustomisation.upk (already has TGA)
[20/94] SKIP APBMenus_Art_StorageInventory.upk (already has TGA)
[21/94] SKIP APBMenus_Art_VendingIcons.upk (already has TGA)
[22/94] SKIP APBMenus_Art_Reticule.upk (already has TGA)
[23/94] SKIP APBMenus_Art_DeploymentInventory2.upk (already has TGA)
[24/94] SKIP APBMenus_Art_Mail.upk (already has TGA)
[25/94] SKIP APBMenus_Art_TaskMarkers.upk (already has TGA)
[26/94] SKIP APBMenus_Art_MusicPlayer.upk (already has TGA)
[27/94] SKIP APBMenus_GameFlow_OBTPreOrder.upk (already has TGA)
[28/94] SKIP APBMenus_Art_ChatInterface.upk (already has TGA)
[29/94] SKIP APBMenus_Art_PopUpMenu.upk (already has TGA)
[30/94] SKIP APBMenus_GameFlow_CharacterNameChange.upk (already has TGA)
[31/94] SKIP APBMenus_Art_WS_TargetInfo.upk (already has TGA)
[32/94] SKIP APBMenus_Art_Icons.upk (already has TGA)
[33/94] SKIP APBMenus_HUD_ProgressCircle_Art.upk (already has TGA)
[34/94] SKIP APBMenus_AcceptDecline_Grouping.upk (already has TGA)
[35/94] SKIP APBMenus_Art_MissionInfo.upk (already has TGA)
[36/94] SKIP APBMenus_Art_MusicStudio.upk (already has TGA)
[37/94] SKIP APBMenus__Art_CrimeEventAlert.upk (already has TGA)
[38/94] SKIP APBMenus_Art_Jeshua.upk (already has TGA)
[39/94] SKIP APBMenus_Art_InfoBrowserIcons.upk (already has TGA)
[40/94] SKIP APBMenus_Art_RandomCharacter.upk (already has TGA)
[41/94] SKIP APBMenus_Gecko.upk (already has TGA)
[42/94] SKIP APBMenus_Art_DistrictMap.upk (already has TGA)
[43/94] SKIP APBMenus_Art_DirectionMarker.upk (already has TGA)
[44/94] SKIP APBMenus_Art_Upgrades.upk (already has TGA)
[45/94] SKIP APBMenus_Art_ItemPreview.upk (already has TGA)
[46/94] SKIP APBMenus_Art_Organisation.upk (already has TGA)
[47/94] SKIP APBMenus_Art_JamesK.upk (already has TGA)
[48/94] SKIP APBMenus_Art_LargeFactionIcons.upk (already has TGA)
[49/94] SKIP APBMenus_CharacterCustomisation_FacialHair.upk (already has TGA)
[50/94] SKIP APBMenus_Art_VehicleSpeedo.upk (already has TGA)
[51/94] SKIP APBMenus_CharacterMenu.upk (already has TGA)
[52/94] SKIP APBMenus_Art_HUD_Ceremony.upk (already has TGA)
[53/94] SKIP APBMenus_Art_EquipmentIcons.upk (already has TGA)
[54/94] SKIP APBMenus_Art_Uzi.upk (already has TGA)
[55/94] SKIP APBMenus_AcceptDecline.upk (already has TGA)
[56/94] SKIP APBMenus_Art_ClothingCustomisation.upk (already has TGA)
[57/94] SKIP APBMenus_FrontEnd.upk (already has TGA)
[58/94] SKIP APBMenus_Art_Weapons.upk (already has TGA)
[59/94] SKIP APBMenus_CharacterCustomisation_Hair.upk (already has TGA)
[60/94] SKIP APBMenus_Art_WeaponInfo.upk (already has TGA)
[61/94] SKIP APBMenus_Art_WS_CharacterInfo.upk (already has TGA)
[62/94] SKIP APBMenus_Art_StatusBars.upk (already has TGA)
[63/94] SKIP APBMenus_Art_HUDIcons.upk (already has TGA)
[64/94] SKIP APBMenus_Art_ThreatIcons.upk (already has TGA)
[65/94] SKIP APBMenus_VideoPlayback.upk (already has TGA)
[66/94] SKIP APBMenus_Art_UpgradeIcons.upk (already has TGA)
[67/94] SKIP APBMenus_Art_MissionSummary.upk (already has TGA)
[68/94] SKIP APBMenus_Art_Radar.upk (already has TGA)
[69/94] SKIP APBMenus_CharacterCustomisation_Tattoos.upk (already has TGA)
[70/94] SKIP APBMenus_Art_Medals.upk (already has TGA)
[71/94] SKIP APBMenus_Art_Roles.upk (already has TGA)
[72/94] SKIP APBMenus_Art_AcceptDecline.upk (already has TGA)
[73/94] SKIP APBMenus_DistrictMap.upk (already has TGA)
[74/94] SKIP APBMenus_Art_CharacterCustomisation.upk (already has TGA)
[75/94] SKIP APBMenus_Art_Achievements.upk (already has TGA)
[76/94] SKIP APBMenus_Art_Scoreboard.upk (already has TGA)
[77/94] SKIP APBMenus_Art_CSAIcons.upk (already has TGA)
[78/94] SKIP APBMenus_Skins.upk (already has TGA)
[79/94] SKIP APBMenus_Font.upk (already has TGA)
[80/94] SKIP APBMenus_CharacterCustomisation.upk (already has TGA)
[81/94] SKIP APBMenus_Art_ContactPortraits.upk (already has TGA)
[82/94] SKIP APBMenus_Art_DistrictPictures.upk (already has TGA)
[83/94] SKIP APBMenus_Art_Jonathan.upk (already has TGA)
[84/94] SKIP APBMenus_Art_Heat.upk (already has TGA)
[85/94] SKIP APBMenus_Options.upk (already has TGA)
[86/94] SKIP APBMenus_Art_ClothingIcons.upk (already has TGA)
[87/94] SKIP APBMenus_Art_SymbolEditor.upk (already has TGA)
[88/94] SKIP APBMenus_Art_MiniMap.upk (already has TGA)
[89/94] SKIP APBMenus_GameFlowScenes.upk (already has TGA)
[90/94] SKIP APBMenus_Art.upk (already has TGA)
[91/94] SKIP APBMenus_Art_VehicleIcons.upk (already has TGA)
[92/94] SKIP APBMenus_Art_Adam.upk (already has TGA)
[93/94] SKIP APBMenus_Art_DisplayPoints.upk (already has TGA)
[94/94] APBMenus_Art_GameFlowScenes.upk (48911 KB) ...
  OK exit=0
done ok=94 fail=0 skipped=90 tga=2407 meshes=0 -> D:\APBReloaded\Content\Extracted\2011\UI\umodel\export_manifest.json
