{
  "started": 1784461123.7611172,
  "steps": {
    "copy_config_movies": [
      {
        "src": "D:\\APBReloaded\\2011 apb\\APB All Points Bulletin\\APB North America\\APBGame\\Config\\APBCompat_APBLoginLevel.ini",
        "dst": "D:\\APBReloaded\\Content\\Extracted\\2011_rtw\\Config\\APBCompat_APBLoginLevel.ini",
        "ok": true,
        "size": 2740
      },
      {
        "src": "D:\\APBReloaded\\2011 apb\\APB All Points Bulletin\\APB North America\\APBGame\\Config\\APBCompat_Dev_APBLoginLevel.ini",
        "dst": "D:\\APBReloaded\\Content\\Extracted\\2011_rtw\\Config\\APBCompat_Dev_APBLoginLevel.ini",
        "ok": true,
        "size": 2742
      },
      {
        "src": "D:\\APBReloaded\\2011 apb\\APB All Points Bulletin\\APB North America\\APBGame\\Config\\APBUI.ini",
        "dst": "D:\\APBReloaded\\Content\\Extracted\\2011_rtw\\Config\\APBUI.ini",
        "ok": true,
        "size": 4683
      },
      {
        "src": "D:\\APBReloaded\\2011 apb\\APB All Points Bulletin\\APB North America\\APBGame\\Config\\DefaultUI.ini",
        "dst": "D:\\APBReloaded\\Content\\Extracted\\2011_rtw\\Config\\DefaultUI.ini",
        "ok": true,
        "size": 7641
      },
      {
        "src": "D:\\APBReloaded\\2011 apb\\APB All Points Bulletin\\APB North America\\APBGame\\Config\\APBEngine.ini",
        "dst": "D:\\APBReloaded\\Content\\Extracted\\2011_rtw\\Config\\APBEngine.ini",
        "ok": true,
        "size": 64173
      },
      {
        "src": "D:\\APBReloaded\\2011 apb\\APB All Points Bulletin\\APB North America\\APBGame\\Config\\APBGame.ini",
        "dst": "D:\\APBReloaded\\Content\\Extracted\\2011_rtw\\Config\\APBGame.ini",
        "ok": true,
        "size": 16180
      },
      {
        "src": "D:\\APBReloaded\\2011 apb\\APB All Points Bulletin\\APB North America\\APBGame\\Movies\\SplashScreen.bik",
        "dst": "D:\\APBReloaded\\Content\\Extracted\\2011_rtw\\Movies\\SplashScreen.bik",
        "ok": true,
        "size": 15963092
      },
      {
        "src": "D:\\APBReloaded\\2011 apb\\APB All Points Bulletin\\APB North America\\APBGame\\Movies\\IntroTitles.bik",
        "dst": "D:\\APBReloaded\\Content\\Extracted\\2011_rtw\\Movies\\IntroTitles.bik",
        "ok": true,
        "size": 39627064
      },
      {
        "src": "D:\\APBReloaded\\2011 apb\\APB All Points Bulletin\\APB North America\\APBGame\\Movies\\LoadingMovieV1.bik",
        "dst": "D:\\APBReloaded\\Content\\Extracted\\2011_rtw\\Movies\\LoadingMovieV1.bik",
        "ok": true,
        "size": 71752516
      },
      {
        "src": "D:\\APBReloaded\\2011 apb\\APB All Points Bulletin\\APB North America\\APBGame\\Splash\\PC\\Splash.bmp",
        "dst": "D:\\APBReloaded\\Content\\Extracted\\2011_rtw\\Splash\\Splash.bmp",
        "ok": true,
        "size": 675896
      },
      {
        "src": "D:\\APBReloaded\\2011 apb\\APB All Points Bulletin\\APB North America\\APBGame\\Splash\\PC\\EdSplash.bmp",
        "dst": "D:\\APBReloaded\\Content\\Extracted\\2011_rtw\\Splash\\EdSplash.bmp",
        "ok": true,
        "size": 675896
      },
      {
        "src": "D:\\APBReloaded\\2011 apb\\APB All Points Bulletin\\APB North America\\Binaries\\client.config",
        "dst": "D:\\APBReloaded\\Content\\Extracted\\2011_rtw\\Config\\client.config",
        "ok": true,
        "size": 149
      },
      {
        "src": "D:\\APBReloaded\\2011 apb\\APB All Points Bulletin\\APB North America\\Launcher\\launcher.config",
        "dst": "D:\\APBReloaded\\Content\\Extracted\\2011_rtw\\Config\\launcher.config",
        "ok": true,
        "size": 426
      },
      {
        "src": "D:\\APBReloaded\\2011 apb\\APB All Points Bulletin\\APB North America\\Launcher\\environment.config",
        "dst": "D:\\APBReloaded\\Content\\Extracted\\2011_rtw\\Config\\environment.config",
        "ok": true,
        "size": 414
      },
      {
        "src": "D:\\APBReloaded\\2011 apb\\APB All Points Bulletin\\APB North America\\APBGame\\Localization\\INT\\APBGame.int
OK extract report -> D:\APBReloaded\Content\Extracted\2011_rtw\extract_2011_login_report.json
