Found 226 game files (0 skipped) in 2 folders at path "C:/Program Files (x86)/Steam/steamapps/common/APB Reloaded/APBGame/Content/Release/Packages/Interface"
Scanned game directory in 0.0 sec, 247 allocs, 0.00 MBytes serialized in 0 calls.
Loading package: APBMenus_Art_GameFlowScenes.upk Ver: 564/33 Engine: 3908 Names: 128 Exports: 41 Imports: 13 Game: 80001D
Loaded in 0.0 sec, 20 allocs, 0.00 MBytes serialized in 1 calls.
Loading Material3 LoadingArrows from package APBMenus_Art_GameFlowScenes.upk
Loading package: APBMenus_Art_WS_TargetInfo.upk Ver: 564/33 Engine: 3908 Names: 70 Exports: 12 Imports: 9 Game: 80001D
StrProperty: unknown UMaterial3 RWTGuid
ArrayProperty: unknown UMaterial3 Channels
Loading Texture2D ArcIcon64x64 from package APBMenus_Art_GameFlowScenes.upk
ByteProperty: unknown UTexture2D LODCategory
Loading Texture2D Constant_BG from package APBMenus_Art_GameFlowScenes.upk
ByteProperty: unknown UTexture2D LODCategory
******** Loading object Texture2D'APBMenus_Art_GameFlowScenes.LoadingIcon_MAIN' ********
Loading Texture2D CriminalFactionicon from package APBMenus_Art_GameFlowScenes.upk
ByteProperty: unknown UTexture2D LODCategory
Loading Texture2D CriminalFactionicon_Unselected from package APBMenus_Art_GameFlowScenes.upk
ByteProperty: unknown UTexture2D LODCategory
Loading Texture2D EnforcerFactionicon from package APBMenus_Art_GameFlowScenes.upk
ByteProperty: unknown UTexture2D LODCategory
Loading Texture2D EnforcerFactionicon_Unselected from package APBMenus_Art_GameFlowScenes.upk
ByteProperty: unknown UTexture2D LODCategory
Loading Texture2D EpicGamesIcon64x64 from package APBMenus_Art_GameFlowScenes.upk
ByteProperty: unknown UTexture2D LODCategory
Loading Texture2D factionheadericon from package APBMenus_Art_GameFlowScenes.upk
ByteProperty: unknown UTexture2D LODCategory
Loading Texture2D FactionSelectbulletpoint from package APBMenus_Art_GameFlowScenes.upk
ByteProperty: unknown UTexture2D LODCategory
Loading Texture2D FactionSelectbulletpoint_Unselected from package APBMenus_Art_GameFlowScenes.upk
ByteProperty: unknown UTexture2D LODCategory
*** unknown member TA_Border of enum ETextureAddress
*** unknown member TA_Border of enum ETextureAddress
Loading Texture2D factionselectbuttongrey from package APBMenus_Art_GameFlowScenes.upk
ByteProperty: unknown UTexture2D LODCategory
Loading Texture2D frontendFooter from package APBMenus_Art_GameFlowScenes.upk
ByteProperty: unknown UTexture2D LODCategory
Loading Texture2D JKICON_login_header_key from package APBMenus_Art_GameFlowScenes.upk
ByteProperty: unknown UTexture2D LODCategory
Loading Texture2D KongregateIcon64x64 from package APBMenus_Art_GameFlowScenes.upk
ByteProperty: unknown UTexture2D LODCategory
Loading Texture2D KongregateLogo from package APBMenus_Art_GameFlowScenes.upk
ByteProperty: unknown UTexture2D LODCategory
Loading Texture2D LoadingArrows_BG from package APBMenus_Art_GameFlowScenes.upk
ByteProperty: unknown UTexture2D LODCategory
Loading Texture2D LoadingArrows_Mask from package APBMenus_Art_GameFlowScenes.upk
ByteProperty: unknown UTexture2D LODCategory
Loading Texture2D LoadingArrows_Ring from package APBMenus_Art_GameFlowScenes.upk
ByteProperty: unknown UTexture2D LODCategory
Loading Texture2D LoadingIcon_MAIN from package APBMenus_Art_GameFlowScenes.upk
ByteProperty: unknown UTexture2D LODCategory
Loading Texture2D LoadingScreen_APB from package APBMenus_Art_GameFlowScenes.upk
ByteProperty: unknown UTexture2D LODCategory
Loading Texture2D LoadingScreen_APBFlame_Alpha from package APBMenus_Art_GameFlowScenes.upk
ByteProperty: unknown UTexture2D LODCategory
Loading Texture2D Login_APB_Logo from package APBMenus_Art_GameFlowScenes.upk
ByteProperty: unknown UTexture2D LODCategory
Loading Texture2D NewBackgroundImage from package APBMenus_Art_GameFlowScenes.upk
ByteProperty: unknown UTexture2D LODCategory
Loading Texture2D newCriminalcon from package APBMenus_Art_GameFlowScenes.upk
ByteProperty: unknown UTexture2D LODCategory
Loading Texture2D newEnforcerIcon from package APBMenus_Art_GameFlowScenes.upk
ByteProperty: unknown UTexture2D LODCategory
Loading Texture2D splatter1 from package APBMenus_Art_GameFlowScenes.upk
ByteProperty: unknown UTexture2D LODCategory
Loading Texture2D SteamIcon64x64 from package APBMenus_Art_GameFlowScenes.upk
ByteProperty: unknown UTexture2D LODCategory
Loading Texture2D SteamLogo from package APBMenus_Art_GameFlowScenes.upk
ByteProperty: unknown UTexture2D LODCategory
Loading Texture2D worldselecticon from package APBMenus_Art_GameFlowScenes.upk
ByteProperty: unknown UTexture2D LODCategory
Loading Texture2D Timer_BG from package APBMenus_Art_WS_TargetInfo.upk
ByteProperty: unknown UTexture2D LODCategory
Exporting objects ...
Exporting Material3 LoadingArrows to D:/APBReloaded/work/login_swap/textures/retail/APBMenus_Art_GameFlowScenes/Material3/LoadingArrows.mat
Exporting Texture2D LoadingIcon_MAIN to D:/APBReloaded/work/login_swap/textures/retail/APBMenus_Art_GameFlowScenes/Texture2D/LoadingIcon_MAIN.tga
Exporting Texture2D Timer_BG to D:/APBReloaded/work/login_swap/textures/retail/APBMenus_Art_WS_TargetInfo/Texture2D/Timer_BG.tga
Exporting Texture2D ArcIcon64x64 to D:/APBReloaded/work/login_swap/textures/retail/APBMenus_Art_GameFlowScenes/Texture2D/ArcIcon64x64.tga
Exporting Texture2D Constant_BG to D:/APBReloaded/work/login_swap/textures/retail/APBMenus_Art_GameFlowScenes/Texture2D/Constant_BG.tga
Exporting Texture2D CriminalFactionicon to D:/APBReloaded/work/login_swap/textures/retail/APBMenus_Art_GameFlowScenes/Texture2D/CriminalFactionicon.tga
Exporting Texture2D CriminalFactionicon_Unselected to D:/APBReloaded/work/login_swap/textures/retail/APBMenus_Art_GameFlowScenes/Texture2D/CriminalFactionicon_Unselected.tga
Exporting Texture2D EnforcerFactionicon to D:/APBReloaded/work/login_swap/textures/retail/APBMenus_Art_GameFlowScenes/Texture2D/EnforcerFactionicon.tga
Exporting Texture2D EnforcerFactionicon_Unselected to D:/APBReloaded/work/login_swap/textures/retail/APBMenus_Art_GameFlowScenes/Texture2D/EnforcerFactionicon_Unselected.tga
Exporting Texture2D EpicGamesIcon64x64 to D:/APBReloaded/work/login_swap/textures/retail/APBMenus_Art_GameFlowScenes/Texture2D/EpicGamesIcon64x64.tga
Exporting Texture2D factionheadericon to D:/APBReloaded/work/login_swap/textures/retail/APBMenus_Art_GameFlowScenes/Texture2D/factionheadericon.tga
Exporting Texture2D FactionSelectbulletpoint to D:/APBReloaded/work/login_swap/textures/retail/APBMenus_Art_GameFlowScenes/Texture2D/FactionSelectbulletpoint.tga
Exporting Texture2D FactionSelectbulletpoint_Unselected to D:/APBReloaded/work/login_swap/textures/retail/APBMenus_Art_GameFlowScenes/Texture2D/FactionSelectbulletpoint_Unselected.tga
Exporting Texture2D factionselectbuttongrey to D:/APBReloaded/work/login_swap/textures/retail/APBMenus_Art_GameFlowScenes/Texture2D/factionselectbuttongrey.tga
Exporting Texture2D frontendFooter to D:/APBReloaded/work/login_swap/textures/retail/APBMenus_Art_GameFlowScenes/Texture2D/frontendFooter.tga
Exporting Texture2D JKICON_login_header_key to D:/APBReloaded/work/login_swap/textures/retail/APBMenus_Art_GameFlowScenes/Texture2D/JKICON_login_header_key.tga
Exporting Texture2D KongregateIcon64x64 to D:/APBReloaded/work/login_swap/textures/retail/APBMenus_Art_GameFlowScenes/Texture2D/KongregateIcon64x64.tga
Exporting Texture2D KongregateLogo to D:/APBReloaded/work/login_swap/textures/retail/APBMenus_Art_GameFlowScenes/Texture2D/KongregateLogo.tga
Exporting Texture2D LoadingArrows_BG to D:/APBReloaded/work/login_swap/textures/retail/APBMenus_Art_GameFlowScenes/Texture2D/LoadingArrows_BG.tga
Exporting Texture2D LoadingArrows_Mask to D:/APBReloaded/work/login_swap/textures/retail/APBMenus_Art_GameFlowScenes/Texture2D/LoadingArrows_Mask.tga
Exporting Texture2D LoadingArrows_Ring to D:/APBReloaded/work/login_swap/textures/retail/APBMenus_Art_GameFlowScenes/Texture2D/LoadingArrows_Ring.tga
Exporting Texture2D LoadingScreen_APB to D:/APBReloaded/work/login_swap/textures/retail/APBMenus_Art_GameFlowScenes/Texture2D/LoadingScreen_APB.tga
Exporting Texture2D LoadingScreen_APBFlame_Alpha to D:/APBReloaded/work/login_swap/textures/retail/APBMenus_Art_GameFlowScenes/Texture2D/LoadingScreen_APBFlame_Alpha.tga
Exporting Texture2D Login_APB_Logo to D:/APBReloaded/work/login_swap/textures/retail/APBMenus_Art_GameFlowScenes/Texture2D/Login_APB_Logo.tga
Exporting Texture2D NewBackgroundImage to D:/APBReloaded/work/login_swap/textures/retail/APBMenus_Art_GameFlowScenes/Texture2D/NewBackgroundImage.tga
Exporting Texture2D newCriminalcon to D:/APBReloaded/work/login_swap/textures/retail/APBMenus_Art_GameFlowScenes/Texture2D/newCriminalcon.tga
Exporting Texture2D newEnforcerIcon to D:/APBReloaded/work/login_swap/textures/retail/APBMenus_Art_GameFlowScenes/Texture2D/newEnforcerIcon.tga
Exporting Texture2D splatter1 to D:/APBReloaded/work/login_swap/textures/retail/APBMenus_Art_GameFlowScenes/Texture2D/splatter1.tga
Exporting Texture2D SteamIcon64x64 to D:/APBReloaded/work/login_swap/textures/retail/APBMenus_Art_GameFlowScenes/Texture2D/SteamIcon64x64.tga
Exporting Texture2D SteamLogo to D:/APBReloaded/work/login_swap/textures/retail/APBMenus_Art_GameFlowScenes/Texture2D/SteamLogo.tga
Exporting Texture2D worldselecticon to D:/APBReloaded/work/login_swap/textures/retail/APBMenus_Art_GameFlowScenes/Texture2D/worldselecticon.tga
Memory: allocated 3028229 bytes in 132 blocks
Exported 31/31 objects in 0.1 sec
