
Welcome to .NET 9.0!
---------------------
SDK Version: 9.0.316

Telemetry
---------
The .NET tools collect usage data in order to help us improve your experience. It is collected by Microsoft and shared with the community. You can opt-out of telemetry by setting the DOTNET_CLI_TELEMETRY_OPTOUT environment variable to '1' or 'true' using your favorite shell.

Read more about .NET CLI Tools telemetry: https://aka.ms/dotnet-cli-telemetry

----------------
Installed an ASP.NET Core HTTPS development certificate.
To trust the certificate, run 'dotnet dev-certs https --trust'
Learn about HTTPS: https://aka.ms/dotnet-https

----------------
Write your first app: https://aka.ms/dotnet-hello-world
Find out what's new: https://aka.ms/dotnet-whats-new
Explore documentation: https://aka.ms/dotnet-docs
Report issues and find source on GitHub: https://github.com/dotnet/core
Use 'dotnet --help' to see available commands or visit: https://aka.ms/dotnet-cli
--------------------------------------------------------------------------------------
  Determining projects to restore...
  Nothing to do. None of the projects specified contain packages to restore.
C:\Program Files\dotnet\sdk\9.0.316\Microsoft.Common.CurrentVersion.targets(2433,5): warning MSB3245: Could not resolve this reference. Could not locate the assembly "STR.Common, Version=1.0.5922.33591, Culture=neutral, processorArchitecture=MSIL". Check to make sure the assembly exists on disk. If this reference is required by your code, you may get compilation errors. [D:\APBReloaded\work\login_swap\tools\UPKManager_src\UPKManager-1.3.2\UpkManager.Entities\UpkManager.Entities.csproj]
  UpkManager.Lzo -> D:\APBReloaded\work\login_swap\tools\UPKManager_src\UPKManager-1.3.2\UpkManager.Lzo\bin\Release\UpkManager.Lzo.dll
D:\APBReloaded\work\login_swap\tools\UPKManager_src\UPKManager-1.3.2\UpkManager.Entities\UpkFile.cs(3,7): error CS0246: The type or namespace name 'STR' could not be found (are you missing a using directive or an assembly reference?) [D:\APBReloaded\work\login_swap\tools\UPKManager_src\UPKManager-1.3.2\UpkManager.Entities\UpkManager.Entities.csproj]
D:\APBReloaded\work\login_swap\tools\UPKManager_src\UPKManager-1.3.2\UpkManager.Entities\UpkManagerException.cs(3,7): error CS0246: The type or namespace name 'STR' could not be found (are you missing a using directive or an assembly reference?) [D:\APBReloaded\work\login_swap\tools\UPKManager_src\UPKManager-1.3.2\UpkManager.Entities\UpkManager.Entities.csproj]
D:\APBReloaded\work\login_swap\tools\UPKManager_src\UPKManager-1.3.2\UpkManager.Entities\UpkManagerException.cs(8,38): error CS0246: The type or namespace name 'ModelBase' could not be found (are you missing a using directive or an assembly reference?) [D:\APBReloaded\work\login_swap\tools\UPKManager_src\UPKManager-1.3.2\UpkManager.Entities\UpkManager.Entities.csproj]
D:\APBReloaded\work\login_swap\tools\UPKManager_src\UPKManager-1.3.2\UpkManager.Entities\UpkFile.cs(8,26): error CS0246: The type or namespace name 'ModelBase' could not be found (are you missing a using directive or an assembly reference?) [D:\APBReloaded\work\login_swap\tools\UPKManager_src\UPKManager-1.3.2\UpkManager.Entities\UpkManager.Entities.csproj]
C:\Program Files\dotnet\sdk\9.0.316\Microsoft.Common.CurrentVersion.targets(2433,5): warning MSB3245: Could not resolve this reference. Could not locate the assembly "AutoMapper, Version=4.2.1.0, Culture=neutral, PublicKeyToken=be96cd2c38ef1005, processorArchitecture=MSIL". Check to make sure the assembly exists on disk. If this reference is required by your code, you may get compilation errors. [D:\APBReloaded\work\login_swap\tools\UPKManager_src\UPKManager-1.3.2\UpkManager.Domain\UpkManager.Domain.csproj]
C:\Program Files\dotnet\sdk\9.0.316\Microsoft.Common.CurrentVersion.targets(2433,5): warning MSB3245: Could not resolve this reference. Could not locate the assembly "CSharpImageLibrary, Version=3.1.6.0, Culture=neutral, processorArchitecture=MSIL". Check to make sure the assembly exists on disk. If this reference is required by your code, you may get compilation errors. [D:\APBReloaded\work\login_swap\tools\UPKManager_src\UPKManager-1.3.2\UpkManager.Domain\UpkManager.Domain.csproj]
C:\Program Files\dotnet\sdk\9.0.316\Microsoft.Common.CurrentVersion.targets(2433,5): warning MSB3245: Could not resolve this reference. Could not locate the assembly "Microsoft.IO.RecyclableMemoryStream, Version=1.1.0.0, Culture=neutral, PublicKeyToken=31bf3856ad364e35, processorArchitecture=MSIL". Check to make sure the assembly exists on disk. If this reference is required by your code, you may get compilation errors. [D:\APBReloaded\work\login_swap\tools\UPKManager_src\UPKManager-1.3.2\UpkManager.Domain\UpkManager.Domain.csproj]
C:\Program Files\dotnet\sdk\9.0.316\Microsoft.Common.CurrentVersion.targets(2433,5): warning MSB3245: Could not resolve this reference. Could not locate the assembly "STR.Common, Version=1.0.5922.33591, Culture=neutral, processorArchitecture=MSIL". Check to make sure the assembly exists on disk. If this reference is required by your code, you may get compilation errors. [D:\APBReloaded\work\login_swap\tools\UPKManager_src\UPKManager-1.3.2\UpkManager.Domain\UpkManager.Domain.csproj]
C:\Program Files\dotnet\sdk\9.0.316\Microsoft.Common.CurrentVersion.targets(2433,5): warning MSB3245: Could not resolve this reference. Could not locate the assembly "UsefulThings, Version=1.5.6.0, Culture=neutral, processorArchitecture=MSIL". Check to make sure the assembly exists on disk. If this reference is required by your code, you may get compilation errors. [D:\APBReloaded\work\login_swap\tools\UPKManager_src\UPKManager-1.3.2\UpkManager.Domain\UpkManager.Domain.csproj]
D:\APBReloaded\work\login_swap\tools\UPKManager_src\UPKManager-1.3.2\UpkManager.Domain\Contracts\IAutoMapperConfiguration.cs(1,7): error CS0246: The type or namespace name 'AutoMapper' could not be found (are you missing a using directive or an assembly reference?) [D:\APBReloaded\work\login_swap\tools\UPKManager_src\UPKManager-1.3.2\UpkManager.Domain\UpkManager.Domain.csproj]
D:\APBReloaded\work\login_swap\tools\UPKManager_src\UPKManager-1.3.2\UpkManager.Domain\Models\UpkFile\DomainHeader.cs(7,7): error CS0246: The type or namespace name 'STR' could not be found (are you missing a using directive or an assembly reference?) [D:\APBReloaded\work\login_swap\tools\UPKManager_src\UPKManager-1.3.2\UpkManager.Domain\UpkManager.Domain.csproj]
D:\APBReloaded\work\login_swap\tools\UPKManager_src\UPKManager-1.3.2\UpkManager.Domain\Models\UpkFile\Objects\Textures\DomainObjectTexture2D.cs(7,7): error CS0246: The type or namespace name 'CSharpImageLibrary' could not be found (are you missing a using directive or an assembly reference?) [D:\APBReloaded\work\login_swap\tools\UPKManager_src\UPKManager-1.3.2\UpkManager.Domain\UpkManager.Domain.csproj]
D:\APBReloaded\work\login_swap\tools\UPKManager_src\UPKManager-1.3.2\UpkManager.Domain\Contracts\IAutoMapperConfiguration.cs(8,27): error CS0246: The type or namespace name 'IMapperConfiguration' could not be found (are you missing a using directive or an assembly reference?) [D:\APBReloaded\work\login_swap\tools\UPKManager_src\UPKManager-1.3.2\UpkManager.Domain\UpkManager.Domain.csproj]
D:\APBReloaded\work\login_swap\tools\UPKManager_src\UPKManager-1.3.2\UpkManager.Domain\Models\UpkFile\Objects\Textures\DomainObjectTexture2D.cs(222,61): error CS0246: The type or namespace name 'ImageEngineFormat' could not be found (are you missing a using directive or an assembly reference?) [D:\APBReloaded\work\login_swap\tools\UPKManager_src\UPKManager-1.3.2\UpkManager.Domain\UpkManager.Domain.csproj]

Build FAILED.

C:\Program Files\dotnet\sdk\9.0.316\Microsoft.Common.CurrentVersion.targets(2433,5): warning MSB3245: Could not resolve this reference. Could not locate the assembly "STR.Common, Version=1.0.5922.33591, Culture=neutral, processorArchitecture=MSIL". Check to make sure the assembly exists on disk. If this reference is required by your code, you may get compilation errors. [D:\APBReloaded\work\login_swap\tools\UPKManager_src\UPKManager-1.3.2\UpkManager.Entities\UpkManager.Entities.csproj]
C:\Program Files\dotnet\sdk\9.0.316\Microsoft.Common.CurrentVersion.targets(2433,5): warning MSB3245: Could not resolve this reference. Could not locate the assembly "AutoMapper, Version=4.2.1.0, Culture=neutral, PublicKeyToken=be96cd2c38ef1005, processorArchitecture=MSIL". Check to make sure the assembly exists on disk. If this reference is required by your code, you may get compilation errors. [D:\APBReloaded\work\login_swap\tools\UPKManager_src\UPKManager-1.3.2\UpkManager.Domain\UpkManager.Domain.csproj]
C:\Program Files\dotnet\sdk\9.0.316\Microsoft.Common.CurrentVersion.targets(2433,5): warning MSB3245: Could not resolve this reference. Could not locate the assembly "CSharpImageLibrary, Version=3.1.6.0, Culture=neutral, processorArchitecture=MSIL". Check to make sure the assembly exists on disk. If this reference is required by your code, you may get compilation errors. [D:\APBReloaded\work\login_swap\tools\UPKManager_src\UPKManager-1.3.2\UpkManager.Domain\UpkManager.Domain.csproj]
C:\Program Files\dotnet\sdk\9.0.316\Microsoft.Common.CurrentVersion.targets(2433,5): warning MSB3245: Could not resolve this reference. Could not locate the assembly "Microsoft.IO.RecyclableMemoryStream, Version=1.1.0.0, Culture=neutral, PublicKeyToken=31bf3856ad364e35, processorArchitecture=MSIL". Check to make sure the assembly exists on disk. If this reference is required by your code, you may get compilation errors. [D:\APBReloaded\work\login_swap\tools\UPKManager_src\UPKManager-1.3.2\UpkManager.Domain\UpkManager.Domain.csproj]
C:\Program Files\dotnet\sdk\9.0.316\Microsoft.Common.CurrentVersion.targets(2433,5): warning MSB3245: Could not resolve this reference. Could not locate the assembly "STR.Common, Version=1.0.5922.33591, Culture=neutral, processorArchitecture=MSIL". Check to make sure the assembly exists on disk. If this reference is required by your code, you may get compilation errors. [D:\APBReloaded\work\login_swap\tools\UPKManager_src\UPKManager-1.3.2\UpkManager.Domain\UpkManager.Domain.csproj]
C:\Program Files\dotnet\sdk\9.0.316\Microsoft.Common.CurrentVersion.targets(2433,5): warning MSB3245: Could not resolve this reference. Could not locate the assembly "UsefulThings, Version=1.5.6.0, Culture=neutral, processorArchitecture=MSIL". Check to make sure the assembly exists on disk. If this reference is required by your code, you may get compilation errors. [D:\APBReloaded\work\login_swap\tools\UPKManager_src\UPKManager-1.3.2\UpkManager.Domain\UpkManager.Domain.csproj]
D:\APBReloaded\work\login_swap\tools\UPKManager_src\UPKManager-1.3.2\UpkManager.Entities\UpkFile.cs(3,7): error CS0246: The type or namespace name 'STR' could not be found (are you missing a using directive or an assembly reference?) [D:\APBReloaded\work\login_swap\tools\UPKManager_src\UPKManager-1.3.2\UpkManager.Entities\UpkManager.Entities.csproj]
D:\APBReloaded\work\login_swap\tools\UPKManager_src\UPKManager-1.3.2\UpkManager.Entities\UpkManagerException.cs(3,7): error CS0246: The type or namespace name 'STR' could not be found (are you missing a using directive or an assembly reference?) [D:\APBReloaded\work\login_swap\tools\UPKManager_src\UPKManager-1.3.2\UpkManager.Entities\UpkManager.Entities.csproj]
D:\APBReloaded\work\login_swap\tools\UPKManager_src\UPKManager-1.3.2\UpkManager.Entities\UpkManagerException.cs(8,38): error CS0246: The type or namespace name 'ModelBase' could not be found (are you missing a using directive or an assembly reference?) [D:\APBReloaded\work\login_swap\tools\UPKManager_src\UPKManager-1.3.2\UpkManager.Entities\UpkManager.Entities.csproj]
D:\APBReloaded\work\login_swap\tools\UPKManager_src\UPKManager-1.3.2\UpkManager.Entities\UpkFile.cs(8,26): error CS0246: The type or namespace name 'ModelBase' could not be found (are you missing a using directive or an assembly reference?) [D:\APBReloaded\work\login_swap\tools\UPKManager_src\UPKManager-1.3.2\UpkManager.Entities\UpkManager.Entities.csproj]
D:\APBReloaded\work\login_swap\tools\UPKManager_src\UPKManager-1.3.2\UpkManager.Domain\Contracts\IAutoMapperConfiguration.cs(1,7): error CS0246: The type or namespace name 'AutoMapper' could not be found (are you missing a using directive or an assembly reference?) [D:\APBReloaded\work\login_swap\tools\UPKManager_src\UPKManager-1.3.2\UpkManager.Domain\UpkManager.Domain.csproj]
D:\APBReloaded\work\login_swap\tools\UPKManager_src\UPKManager-1.3.2\UpkManager.Domain\Models\UpkFile\DomainHeader.cs(7,7): error CS0246: The type or namespace name 'STR' could not be found (are you missing a using directive or an assembly reference?) [D:\APBReloaded\work\login_swap\tools\UPKManager_src\UPKManager-1.3.2\UpkManager.Domain\UpkManager.Domain.csproj]
D:\APBReloaded\work\login_swap\tools\UPKManager_src\UPKManager-1.3.2\UpkManager.Domain\Models\UpkFile\Objects\Textures\DomainObjectTexture2D.cs(7,7): error CS0246: The type or namespace name 'CSharpImageLibrary' could not be found (are you missing a using directive or an assembly reference?) [D:\APBReloaded\work\login_swap\tools\UPKManager_src\UPKManager-1.3.2\UpkManager.Domain\UpkManager.Domain.csproj]
D:\APBReloaded\work\login_swap\tools\UPKManager_src\UPKManager-1.3.2\UpkManager.Domain\Contracts\IAutoMapperConfiguration.cs(8,27): error CS0246: The type or namespace name 'IMapperConfiguration' could not be found (are you missing a using directive or an assembly reference?) [D:\APBReloaded\work\login_swap\tools\UPKManager_src\UPKManager-1.3.2\UpkManager.Domain\UpkManager.Domain.csproj]
D:\APBReloaded\work\login_swap\tools\UPKManager_src\UPKManager-1.3.2\UpkManager.Domain\Models\UpkFile\Objects\Textures\DomainObjectTexture2D.cs(222,61): error CS0246: The type or namespace name 'ImageEngineFormat' could not be found (are you missing a using directive or an assembly reference?) [D:\APBReloaded\work\login_swap\tools\UPKManager_src\UPKManager-1.3.2\UpkManager.Domain\UpkManager.Domain.csproj]
    6 Warning(s)
    9 Error(s)

Time Elapsed 00:00:02.01
