2026-07-21T07:05:54.9806067Z START packages=1 imported_lod0_stems=3049 material_database_dirs=479 force=True
2026-07-21T07:05:54.9897915Z DUMP 1/1 package=FinancialDistrict_FinancialDistrict_Block01_Package district=Financial
2026-07-21T07:06:49.0756510Z START packages=1 imported_lod0_stems=3049 material_database_dirs=479 force=True
2026-07-21T07:06:49.0916766Z DUMP 1/1 package=FinancialDistrict_FinancialDistrict_Block01_Package district=Financial
2026-07-21T07:06:49.4138932Z PARSED 1/1 package=FinancialDistrict_FinancialDistrict_Block01_Package static_meshes=179 material_keys=98 checkpoint=D:\APBReloaded\work\logs\binding_chunks\FinancialDistrict_FinancialDistrict_Block01_Package.json
2026-07-21T07:09:12.8981824Z START packages=1 imported_lod0_stems=3049 material_database_dirs=479 force=True
2026-07-21T07:09:12.9192125Z DUMP 1/1 package=FinancialDistrict_FinancialDistrict_Block01_Package district=Financial
2026-07-21T07:09:13.2608295Z PARSED 1/1 package=FinancialDistrict_FinancialDistrict_Block01_Package static_meshes=179 material_keys=98 checkpoint=D:\APBReloaded\work\logs\binding_chunks\FinancialDistrict_FinancialDistrict_Block01_Package.json
2026-07-21T07:15:22.387729+00:00 START packages=1 imported_lod0_stems=3049 material_database_dirs=479 force=True
2026-07-21T07:15:22.388506+00:00 DUMP 1/1 package=FinancialDistrict_FinancialDistrict_Block01_Package
2026-07-21T07:15:22.614117+00:00 PARSED 1/1 package=FinancialDistrict_FinancialDistrict_Block01_Package static_meshes=179
2026-07-21T07:15:22.616130+00:00 COMPLETE meshes=21 slots=53 resolved=53 resolved_percent=100.0 unresolved_packages= output=D:\APBReloaded\work\mesh_material_bindings.json
2026-07-21T07:17:22.686766+00:00 START packages=340 imported_lod0_stems=3049 material_database_dirs=479 force=True
2026-07-21T07:17:22.687385+00:00 DUMP 1/340 package=FinancialDistrict_FinancialDistrict_Block01_Package
2026-07-21T07:17:22.909369+00:00 PARSED 1/340 package=FinancialDistrict_FinancialDistrict_Block01_Package static_meshes=179
2026-07-21T07:17:22.909738+00:00 DUMP 2/340 package=FinancialDistrict_FinancialDistrict_Block02_Package
2026-07-21T07:17:23.154246+00:00 PARSED 2/340 package=FinancialDistrict_FinancialDistrict_Block02_Package static_meshes=223
2026-07-21T07:17:23.154623+00:00 DUMP 3/340 package=FinancialDistrict_FinancialDistrict_Block03_Package
2026-07-21T07:17:23.379568+00:00 PARSED 3/340 package=FinancialDistrict_FinancialDistrict_Block03_Package static_meshes=259
2026-07-21T07:17:23.380014+00:00 DUMP 4/340 package=FinancialDistrict_FinancialDistrict_Block04_Package
2026-07-21T07:17:23.626453+00:00 PARSED 4/340 package=FinancialDistrict_FinancialDistrict_Block04_Package static_meshes=182
2026-07-21T07:17:23.626786+00:00 DUMP 5/340 package=FinancialDistrict_FinancialDistrict_Block05_Package
2026-07-21T07:17:23.922184+00:00 PARSED 5/340 package=FinancialDistrict_FinancialDistrict_Block05_Package static_meshes=265
2026-07-21T07:17:23.922533+00:00 DUMP 6/340 package=FinancialDistrict_FinancialDistrict_Block06_Package
2026-07-21T07:17:24.158220+00:00 PARSED 6/340 package=FinancialDistrict_FinancialDistrict_Block06_Package static_meshes=133
2026-07-21T07:17:24.158594+00:00 DUMP 7/340 package=FinancialDistrict_FinancialDistrict_Block07_Package
2026-07-21T07:17:24.443118+00:00 PARSED 7/340 package=FinancialDistrict_FinancialDistrict_Block07_Package static_meshes=265
2026-07-21T07:17:24.443652+00:00 DUMP 8/340 package=FinancialDistrict_FinancialDistrict_Block08_Package
2026-07-21T07:17:24.684434+00:00 PARSED 8/340 package=FinancialDistrict_FinancialDistrict_Block08_Package static_meshes=175
2026-07-21T07:17:24.684762+00:00 DUMP 9/340 package=FinancialDistrict_FinancialDistrict_Block09_Package
2026-07-21T07:17:24.968140+00:00 PARSED 9/340 package=FinancialDistrict_FinancialDistrict_Block09_Package static_meshes=288
2026-07-21T07:17:24.968458+00:00 DUMP 10/340 package=FinancialDistrict_FinancialDistrict_Block10_Package
2026-07-21T07:17:25.248938+00:00 PARSED 10/340 package=FinancialDistrict_FinancialDistrict_Block10_Package static_meshes=214
2026-07-21T07:17:25.249367+00:00 DUMP 11/340 package=FinancialDistrict_FinancialDistrict_Block11_Package
2026-07-21T07:17:25.493672+00:00 PARSED 11/340 package=FinancialDistrict_FinancialDistrict_Block11_Package static_meshes=134
2026-07-21T07:17:25.493988+00:00 DUMP 12/340 package=FinancialDistrict_FinancialDistrict_Block12_Package
2026-07-21T07:17:25.762671+00:00 PARSED 12/340 package=FinancialDistrict_FinancialDistrict_Block12_Package static_meshes=256
2026-07-21T07:17:25.762990+00:00 DUMP 13/340 package=FinancialDistrict_FinancialDistrict_Block13_Package
2026-07-21T07:17:26.009446+00:00 PARSED 13/340 package=FinancialDistrict_FinancialDistrict_Block13_Package static_meshes=133
2026-07-21T07:17:26.009757+00:00 DUMP 14/340 package=FinancialDistrict_FinancialDistrict_Block14_Package
2026-07-21T07:17:26.227096+00:00 PARSED 14/340 package=FinancialDistrict_FinancialDistrict_Block14_Package static_meshes=142
2026-07-21T07:17:26.227466+00:00 DUMP 15/340 package=FinancialDistrict_FinancialDistrict_Block15_Package
2026-07-21T07:17:26.478761+00:00 PARSED 15/340 package=FinancialDistrict_FinancialDistrict_Block15_Package static_meshes=187
2026-07-21T07:17:26.479097+00:00 DUMP 16/340 package=FinancialDistrict_FinancialDistrict_Block16_Package
2026-07-21T07:17:26.693850+00:00 PARSED 16/340 package=FinancialDistrict_FinancialDistrict_Block16_Package static_meshes=117
2026-07-21T07:17:26.694198+00:00 DUMP 17/340 package=FinancialDistrict_FinancialDistrict_Block17_Package
2026-07-21T07:17:26.912606+00:00 PARSED 17/340 package=FinancialDistrict_FinancialDistrict_Block17_Package static_meshes=170
2026-07-21T07:17:26.912928+00:00 DUMP 18/340 package=FinancialDistrict_FinancialDistrict_Block18_Package
2026-07-21T07:17:27.146946+00:00 PARSED 18/340 package=FinancialDistrict_FinancialDistrict_Block18_Package static_meshes=119
2026-07-21T07:17:27.147316+00:00 DUMP 19/340 package=FinancialDistrict_FinancialDistrict_Block19_Package
2026-07-21T07:17:27.400947+00:00 PARSED 19/340 package=FinancialDistrict_FinancialDistrict_Block19_Package static_meshes=152
2026-07-21T07:17:27.401343+00:00 DUMP 20/340 package=FinancialDistrict_FinancialDistrict_Block20_Package
2026-07-21T07:17:27.666135+00:00 PARSED 20/340 package=FinancialDistrict_FinancialDistrict_Block20_Package static_meshes=221
2026-07-21T07:17:27.666475+00:00 DUMP 21/340 package=FinancialDistrict_FinancialDistrict_Block21_Package
2026-07-21T07:17:27.933459+00:00 PARSED 21/340 package=FinancialDistrict_FinancialDistrict_Block21_Package static_meshes=204
2026-07-21T07:17:27.933824+00:00 DUMP 22/340 package=FinancialDistrict_FinancialDistrict_Block22_Package
2026-07-21T07:17:28.195309+00:00 PARSED 22/340 package=FinancialDistrict_FinancialDistrict_Block22_Package static_meshes=154
2026-07-21T07:17:28.195621+00:00 DUMP 23/340 package=FinancialDistrict_FinancialDistrict_Block23_Package
2026-07-21T07:17:28.438395+00:00 PARSED 23/340 package=FinancialDistrict_FinancialDistrict_Block23_Package static_meshes=136
2026-07-21T07:17:28.438732+00:00 DUMP 24/340 package=FinancialDistrict_FinancialDistrict_Block24_Package
2026-07-21T07:17:28.677944+00:00 PARSED 24/340 package=FinancialDistrict_FinancialDistrict_Block24_Package static_meshes=248
2026-07-21T07:17:28.678399+00:00 DUMP 25/340 package=FinancialDistrict_FinancialDistrict_Block25_Package
2026-07-21T07:17:28.940802+00:00 PARSED 25/340 package=FinancialDistrict_FinancialDistrict_Block25_Package static_meshes=130
2026-07-21T07:17:28.941147+00:00 DUMP 26/340 package=FinancialDistrict_FinancialDistrict_Block26_Package
2026-07-21T07:17:29.214092+00:00 PARSED 26/340 package=FinancialDistrict_FinancialDistrict_Block26_Package static_meshes=185
2026-07-21T07:17:29.214567+00:00 DUMP 27/340 package=FinancialDistrict_FinancialDistrict_Block27_Package
2026-07-21T07:17:29.438115+00:00 PARSED 27/340 package=FinancialDistrict_FinancialDistrict_Block27_Package static_meshes=110
2026-07-21T07:17:29.438458+00:00 DUMP 28/340 package=FinancialDistrict_FinancialDistrict_Block28_Package
2026-07-21T07:17:29.672307+00:00 PARSED 28/340 package=FinancialDistrict_FinancialDistrict_Block28_Package static_meshes=177
2026-07-21T07:17:29.672783+00:00 DUMP 29/340 package=FinancialDistrict_FinancialDistrict_Block29_Package
2026-07-21T07:17:29.913899+00:00 PARSED 29/340 package=FinancialDistrict_FinancialDistrict_Block29_Package static_meshes=191
2026-07-21T07:17:29.914296+00:00 DUMP 30/340 package=FinancialDistrict_FinancialDistrict_Block30_Package
2026-07-21T07:17:30.196319+00:00 PARSED 30/340 package=FinancialDistrict_FinancialDistrict_Block30_Package static_meshes=198
2026-07-21T07:17:30.196760+00:00 DUMP 31/340 package=FinancialDistrict_FinancialDistrict_Block31_Package
2026-07-21T07:17:30.472649+00:00 PARSED 31/340 package=FinancialDistrict_FinancialDistrict_Block31_Package static_meshes=164
2026-07-21T07:17:30.473035+00:00 DUMP 32/340 package=FinancialDistrict_FinancialDistrict_Block32_Package
2026-07-21T07:17:30.731638+00:00 PARSED 32/340 package=FinancialDistrict_FinancialDistrict_Block32_Package static_meshes=125
2026-07-21T07:17:30.731991+00:00 DUMP 33/340 package=FinancialDistrict_FinancialDistrict_Block33_Package
2026-07-21T07:17:30.985056+00:00 PARSED 33/340 package=FinancialDistrict_FinancialDistrict_Block33_Package static_meshes=227
2026-07-21T07:17:30.985442+00:00 DUMP 34/340 package=FinancialDistrict_FinancialDistrict_Block34_Package
2026-07-21T07:17:31.271452+00:00 PARSED 34/340 package=FinancialDistrict_FinancialDistrict_Block34_Package static_meshes=291
2026-07-21T07:17:31.271887+00:00 DUMP 35/340 package=FinancialDistrict_FinancialDistrict_Block35_Package
2026-07-21T07:17:31.566201+00:00 PARSED 35/340 package=FinancialDistrict_FinancialDistrict_Block35_Package static_meshes=204
2026-07-21T07:17:31.566640+00:00 DUMP 36/340 package=FinancialDistrict_FinancialDistrict_Block36_Package
2026-07-21T07:17:31.846028+00:00 PARSED 36/340 package=FinancialDistrict_FinancialDistrict_Block36_Package static_meshes=204
2026-07-21T07:17:31.846510+00:00 DUMP 37/340 package=FinancialDistrict_FinancialDistrict_Block37_Package
2026-07-21T07:17:32.116934+00:00 PARSED 37/340 package=FinancialDistrict_FinancialDistrict_Block37_Package static_meshes=171
2026-07-21T07:17:32.117363+00:00 DUMP 38/340 package=FinancialDistrict_FinancialDistrict_Block38_Package
2026-07-21T07:17:32.402069+00:00 PARSED 38/340 package=FinancialDistrict_FinancialDistrict_Block38_Package static_meshes=122
2026-07-21T07:17:32.402563+00:00 DUMP 39/340 package=FinancialDistrict_FinancialDistrict_Block39_Package
2026-07-21T07:17:32.717541+00:00 PARSED 39/340 package=FinancialDistrict_FinancialDistrict_Block39_Package static_meshes=176
2026-07-21T07:17:32.717889+00:00 DUMP 40/340 package=FinancialDistrict_FinancialDistrict_Block40_Package
2026-07-21T07:17:32.964358+00:00 PARSED 40/340 package=FinancialDistrict_FinancialDistrict_Block40_Package static_meshes=125
2026-07-21T07:17:32.964719+00:00 DUMP 41/340 package=FinancialDistrict_FinancialDistrict_Block41_Package
2026-07-21T07:17:33.260470+00:00 PARSED 41/340 package=FinancialDistrict_FinancialDistrict_Block41_Package static_meshes=162
2026-07-21T07:17:33.260859+00:00 DUMP 42/340 package=FinancialDistrict_FinancialDistrict_Block42_Package
2026-07-21T07:17:33.538216+00:00 PARSED 42/340 package=FinancialDistrict_FinancialDistrict_Block42_Package static_meshes=119
2026-07-21T07:17:33.538562+00:00 DUMP 43/340 package=FinancialDistrict_FinancialDistrict_Block43_Package
2026-07-21T07:17:33.841814+00:00 PARSED 43/340 package=FinancialDistrict_FinancialDistrict_Block43_Package static_meshes=133
2026-07-21T07:17:33.842290+00:00 DUMP 44/340 package=FinancialDistrict_FinancialDistrict_Block44_Package
2026-07-21T07:17:34.086934+00:00 PARSED 44/340 package=FinancialDistrict_FinancialDistrict_Block44_Package static_meshes=131
2026-07-21T07:17:34.087310+00:00 DUMP 45/340 package=FinancialDistrict_FinancialDistrict_Temp_Package
2026-07-21T07:17:34.246345+00:00 PARSED 45/340 package=FinancialDistrict_FinancialDistrict_Temp_Package static_meshes=0
2026-07-21T07:17:34.246937+00:00 DUMP 46/340 package=FinancialDistrict_Features
2026-07-21T07:17:34.741587+00:00 PARSED 46/340 package=FinancialDistrict_Features static_meshes=470
2026-07-21T07:17:34.742065+00:00 DUMP 47/340 package=MiniMap_Financial
2026-07-21T07:17:34.937226+00:00 PARSED 47/340 package=MiniMap_Financial static_meshes=0
2026-07-21T07:17:34.937604+00:00 DUMP 48/340 package=FinancialDistrict_TILE_000_000_BLOCK_500_750ROADS_Package
2026-07-21T07:17:35.174816+00:00 PARSED 48/340 package=FinancialDistrict_TILE_000_000_BLOCK_500_750ROADS_Package static_meshes=14
2026-07-21T07:17:35.175263+00:00 DUMP 49/340 package=FinancialDistrict_TILE_000_000_BLOCK_750_750ROADS_Package
2026-07-21T07:17:35.408717+00:00 PARSED 49/340 package=FinancialDistrict_TILE_000_000_BLOCK_750_750ROADS_Package static_meshes=30
2026-07-21T07:17:35.409094+00:00 DUMP 50/340 package=FinancialDistrict_TILE_000_001_BLOCK_500_000ROADS_Package
2026-07-21T07:17:35.609920+00:00 PARSED 50/340 package=FinancialDistrict_TILE_000_001_BLOCK_500_000ROADS_Package static_meshes=10
2026-07-21T07:17:35.610273+00:00 DUMP 51/340 package=FinancialDistrict_TILE_000_001_BLOCK_750_000ROADS_Package
2026-07-21T07:17:35.807515+00:00 PARSED 51/340 package=FinancialDistrict_TILE_000_001_BLOCK_750_000ROADS_Package static_meshes=14
2026-07-21T07:17:35.807911+00:00 DUMP 52/340 package=FinancialDistrict_TILE_000_001_BLOCK_750_250ROADS_Package
2026-07-21T07:17:36.013292+00:00 PARSED 52/340 package=FinancialDistrict_TILE_000_001_BLOCK_750_250ROADS_Package static_meshes=30
2026-07-21T07:17:36.013711+00:00 DUMP 53/340 package=FinancialDistrict_TILE_000_001_BLOCK_750_500ROADS_Package
2026-07-21T07:17:36.196974+00:00 PARSED 53/340 package=FinancialDistrict_TILE_000_001_BLOCK_750_500ROADS_Package static_meshes=8
2026-07-21T07:17:36.197312+00:00 DUMP 54/340 package=FinancialDistrict_TILE_001_000_BLOCK_000_750ROADS_Package
2026-07-21T07:17:36.380756+00:00 PARSED 54/340 package=FinancialDistrict_TILE_001_000_BLOCK_000_750ROADS_Package static_meshes=22
2026-07-21T07:17:36.381146+00:00 DUMP 55/340 package=FinancialDistrict_TILE_001_000_BLOCK_250_500ROADS_Package
2026-07-21T07:17:36.613392+00:00 PARSED 55/340 package=FinancialDistrict_TILE_001_000_BLOCK_250_500ROADS_Package static_meshes=2
2026-07-21T07:17:36.613905+00:00 DUMP 56/340 package=FinancialDistrict_TILE_001_000_BLOCK_250_750ROADS_Package
2026-07-21T07:17:36.921889+00:00 PARSED 56/340 package=FinancialDistrict_TILE_001_000_BLOCK_250_750ROADS_Package static_meshes=270
2026-07-21T07:17:36.922356+00:00 DUMP 57/340 package=FinancialDistrict_TILE_001_000_BLOCK_500_500ROADS_Package
2026-07-21T07:17:37.094021+00:00 PARSED 57/340 package=FinancialDistrict_TILE_001_000_BLOCK_500_500ROADS_Package static_meshes=0
2026-07-21T07:17:37.094373+00:00 DUMP 58/340 package=FinancialDistrict_TILE_001_000_BLOCK_500_750ROADS_Package
2026-07-21T07:17:37.304028+00:00 PARSED 58/340 package=FinancialDistrict_TILE_001_000_BLOCK_500_750ROADS_Package static_meshes=26
2026-07-21T07:17:37.304478+00:00 DUMP 59/340 package=FinancialDistrict_TILE_001_000_BLOCK_750_750ROADS_Package
2026-07-21T07:17:37.507859+00:00 PARSED 59/340 package=FinancialDistrict_TILE_001_000_BLOCK_750_750ROADS_Package static_meshes=6
2026-07-21T07:17:37.508315+00:00 DUMP 60/340 package=FinancialDistrict_TILE_001_001_BLOCK_000_000ROADS_Package
2026-07-21T07:17:37.700371+00:00 PARSED 60/340 package=FinancialDistrict_TILE_001_001_BLOCK_000_000ROADS_Package static_meshes=32
2026-07-21T07:17:37.700775+00:00 DUMP 61/340 package=FinancialDistrict_TILE_001_001_BLOCK_000_250ROADS_Package
2026-07-21T07:17:37.895166+00:00 PARSED 61/340 package=FinancialDistrict_TILE_001_001_BLOCK_000_250ROADS_Package static_meshes=24
2026-07-21T07:17:37.895711+00:00 DUMP 62/340 package=FinancialDistrict_TILE_001_001_BLOCK_000_500ROADS_Package
2026-07-21T07:17:38.097530+00:00 PARSED 62/340 package=FinancialDistrict_TILE_001_001_BLOCK_000_500ROADS_Package static_meshes=24
2026-07-21T07:17:38.097875+00:00 DUMP 63/340 package=FinancialDistrict_TILE_001_001_BLOCK_000_750ROADS_Package
2026-07-21T07:17:38.311275+00:00 PARSED 63/340 package=FinancialDistrict_TILE_001_001_BLOCK_000_750ROADS_Package static_meshes=10
2026-07-21T07:17:38.311652+00:00 DUMP 64/340 package=FinancialDistrict_TILE_001_001_BLOCK_250_000ROADS_Package
2026-07-21T07:17:38.510469+00:00 PARSED 64/340 package=FinancialDistrict_TILE_001_001_BLOCK_250_000ROADS_Package static_meshes=28
2026-07-21T07:17:38.510903+00:00 DUMP 65/340 package=FinancialDistrict_TILE_001_001_BLOCK_250_250ROADS_Package
2026-07-21T07:17:38.727603+00:00 PARSED 65/340 package=FinancialDistrict_TILE_001_001_BLOCK_250_250ROADS_Package static_meshes=20
2026-07-21T07:17:38.727987+00:00 DUMP 66/340 package=FinancialDistrict_TILE_001_001_BLOCK_250_500ROADS_Package
2026-07-21T07:17:38.935832+00:00 PARSED 66/340 package=FinancialDistrict_TILE_001_001_BLOCK_250_500ROADS_Package static_meshes=34
2026-07-21T07:17:38.936176+00:00 DUMP 67/340 package=FinancialDistrict_TILE_001_001_BLOCK_250_750ROADS_Package
2026-07-21T07:17:39.151544+00:00 PARSED 67/340 package=FinancialDistrict_TILE_001_001_BLOCK_250_750ROADS_Package static_meshes=14
2026-07-21T07:17:39.151935+00:00 DUMP 68/340 package=FinancialDistrict_TILE_001_001_BLOCK_500_000ROADS_Package
2026-07-21T07:17:39.352136+00:00 PARSED 68/340 package=FinancialDistrict_TILE_001_001_BLOCK_500_000ROADS_Package static_meshes=22
2026-07-21T07:17:39.352457+00:00 DUMP 69/340 package=FinancialDistrict_TILE_001_001_BLOCK_500_250ROADS_Package
2026-07-21T07:17:39.562908+00:00 PARSED 69/340 package=FinancialDistrict_TILE_001_001_BLOCK_500_250ROADS_Package static_meshes=28
2026-07-21T07:17:39.563301+00:00 DUMP 70/340 package=FinancialDistrict_TILE_001_001_BLOCK_500_500ROADS_Package
2026-07-21T07:17:39.763231+00:00 PARSED 70/340 package=FinancialDistrict_TILE_001_001_BLOCK_500_500ROADS_Package static_meshes=10
2026-07-21T07:17:39.763759+00:00 DUMP 71/340 package=FinancialDistrict_TILE_001_001_BLOCK_500_750ROADS_Package
2026-07-21T07:17:39.941330+00:00 PARSED 71/340 package=FinancialDistrict_TILE_001_001_BLOCK_500_750ROADS_Package static_meshes=0
2026-07-21T07:17:39.941743+00:00 DUMP 72/340 package=FinancialDistrict_TILE_001_001_BLOCK_750_000ROADS_Package
2026-07-21T07:17:40.148334+00:00 PARSED 72/340 package=FinancialDistrict_TILE_001_001_BLOCK_750_000ROADS_Package static_meshes=10
2026-07-21T07:17:40.148692+00:00 DUMP 73/340 package=FinancialDistrict_TILE_001_001_BLOCK_750_250ROADS_Package
2026-07-21T07:17:40.322558+00:00 PARSED 73/340 package=FinancialDistrict_TILE_001_001_BLOCK_750_250ROADS_Package static_meshes=6
2026-07-21T07:17:40.322900+00:00 DUMP 74/340 package=FinancialDistrict_TILE_000_000_BLOCK_250_250TERRAIN_Package
2026-07-21T07:17:40.506326+00:00 PARSED 74/340 package=FinancialDistrict_TILE_000_000_BLOCK_250_250TERRAIN_Package static_meshes=2
2026-07-21T07:17:40.506689+00:00 DUMP 75/340 package=FinancialDistrict_TILE_000_000_BLOCK_250_500TERRAIN_Package
2026-07-21T07:17:40.698758+00:00 PARSED 75/340 package=FinancialDistrict_TILE_000_000_BLOCK_250_500TERRAIN_Package static_meshes=6
2026-07-21T07:17:40.699226+00:00 DUMP 76/340 package=FinancialDistrict_TILE_000_000_BLOCK_250_750TERRAIN_Package
2026-07-21T07:17:40.904280+00:00 PARSED 76/340 package=FinancialDistrict_TILE_000_000_BLOCK_250_750TERRAIN_Package static_meshes=4
2026-07-21T07:17:40.904619+00:00 DUMP 77/340 package=FinancialDistrict_TILE_000_000_BLOCK_500_250TERRAIN_Package
2026-07-21T07:17:41.110989+00:00 PARSED 77/340 package=FinancialDistrict_TILE_000_000_BLOCK_500_250TERRAIN_Package static_meshes=2
2026-07-21T07:17:41.111616+00:00 DUMP 78/340 package=FinancialDistrict_TILE_000_000_BLOCK_500_500TERRAIN_Package
2026-07-21T07:17:41.385563+00:00 PARSED 78/340 package=FinancialDistrict_TILE_000_000_BLOCK_500_500TERRAIN_Package static_meshes=16
2026-07-21T07:17:41.385948+00:00 DUMP 79/340 package=FinancialDistrict_TILE_000_000_BLOCK_500_750TERRAIN_Package
2026-07-21T07:17:41.585283+00:00 PARSED 79/340 package=FinancialDistrict_TILE_000_000_BLOCK_500_750TERRAIN_Package static_meshes=38
2026-07-21T07:17:41.585628+00:00 DUMP 80/340 package=FinancialDistrict_TILE_000_000_BLOCK_750_250TERRAIN_Package
2026-07-21T07:17:41.782260+00:00 PARSED 80/340 package=FinancialDistrict_TILE_000_000_BLOCK_750_250TERRAIN_Package static_meshes=0
2026-07-21T07:17:41.782658+00:00 DUMP 81/340 package=FinancialDistrict_TILE_000_000_BLOCK_750_500TERRAIN_Package
2026-07-21T07:17:41.972163+00:00 PARSED 81/340 package=FinancialDistrict_TILE_000_000_BLOCK_750_500TERRAIN_Package static_meshes=12
2026-07-21T07:17:41.972581+00:00 DUMP 82/340 package=FinancialDistrict_TILE_000_000_BLOCK_750_750TERRAIN_Package
2026-07-21T07:17:42.195848+00:00 PARSED 82/340 package=FinancialDistrict_TILE_000_000_BLOCK_750_750TERRAIN_Package static_meshes=28
2026-07-21T07:17:42.196258+00:00 DUMP 83/340 package=FinancialDistrict_TILE_000_001_BLOCK_250_000TERRAIN_Package
2026-07-21T07:17:42.379667+00:00 PARSED 83/340 package=FinancialDistrict_TILE_000_001_BLOCK_250_000TERRAIN_Package static_meshes=4
2026-07-21T07:17:42.380103+00:00 DUMP 84/340 package=FinancialDistrict_TILE_000_001_BLOCK_250_250TERRAIN_Package
2026-07-21T07:17:42.578654+00:00 PARSED 84/340 package=FinancialDistrict_TILE_000_001_BLOCK_250_250TERRAIN_Package static_meshes=2
2026-07-21T07:17:42.579069+00:00 DUMP 85/340 package=FinancialDistrict_TILE_000_001_BLOCK_250_500TERRAIN_Package
2026-07-21T07:17:42.763372+00:00 PARSED 85/340 package=FinancialDistrict_TILE_000_001_BLOCK_250_500TERRAIN_Package static_meshes=2
2026-07-21T07:17:42.763750+00:00 DUMP 86/340 package=FinancialDistrict_TILE_000_001_BLOCK_250_750TERRAIN_Package
2026-07-21T07:17:42.942460+00:00 PARSED 86/340 package=FinancialDistrict_TILE_000_001_BLOCK_250_750TERRAIN_Package static_meshes=0
2026-07-21T07:17:42.942852+00:00 DUMP 87/340 package=FinancialDistrict_TILE_000_001_BLOCK_500_000TERRAIN_Package
2026-07-21T07:17:43.135509+00:00 PARSED 87/340 package=FinancialDistrict_TILE_000_001_BLOCK_500_000TERRAIN_Package static_meshes=34
2026-07-21T07:17:43.135838+00:00 DUMP 88/340 package=FinancialDistrict_TILE_000_001_BLOCK_500_250TERRAIN_Package
2026-07-21T07:17:43.371246+00:00 PARSED 88/340 package=FinancialDistrict_TILE_000_001_BLOCK_500_250TERRAIN_Package static_meshes=38
2026-07-21T07:17:43.371734+00:00 DUMP 89/340 package=FinancialDistrict_TILE_000_001_BLOCK_500_500TERRAIN_Package
2026-07-21T07:17:43.557359+00:00 PARSED 89/340 package=FinancialDistrict_TILE_000_001_BLOCK_500_500TERRAIN_Package static_meshes=4
2026-07-21T07:17:43.557706+00:00 DUMP 90/340 package=FinancialDistrict_TILE_000_001_BLOCK_500_750TERRAIN_Package
2026-07-21T07:17:43.742112+00:00 PARSED 90/340 package=FinancialDistrict_TILE_000_001_BLOCK_500_750TERRAIN_Package static_meshes=4
2026-07-21T07:17:43.742481+00:00 DUMP 91/340 package=FinancialDistrict_TILE_000_001_BLOCK_750_000TERRAIN_Package
2026-07-21T07:17:43.951293+00:00 PARSED 91/340 package=FinancialDistrict_TILE_000_001_BLOCK_750_000TERRAIN_Package static_meshes=32
2026-07-21T07:17:43.951647+00:00 DUMP 92/340 package=FinancialDistrict_TILE_000_001_BLOCK_750_250TERRAIN_Package
2026-07-21T07:17:44.151035+00:00 PARSED 92/340 package=FinancialDistrict_TILE_000_001_BLOCK_750_250TERRAIN_Package static_meshes=34
2026-07-21T07:17:44.151435+00:00 DUMP 93/340 package=FinancialDistrict_TILE_000_001_BLOCK_750_500TERRAIN_Package
2026-07-21T07:17:44.371114+00:00 PARSED 93/340 package=FinancialDistrict_TILE_000_001_BLOCK_750_500TERRAIN_Package static_meshes=30
2026-07-21T07:17:44.371483+00:00 DUMP 94/340 package=FinancialDistrict_TILE_000_001_BLOCK_750_750TERRAIN_Package
2026-07-21T07:17:44.566999+00:00 PARSED 94/340 package=FinancialDistrict_TILE_000_001_BLOCK_750_750TERRAIN_Package static_meshes=20
2026-07-21T07:17:44.567342+00:00 DUMP 95/340 package=FinancialDistrict_TILE_001_000_BLOCK_000_250TERRAIN_Package
2026-07-21T07:17:44.740922+00:00 PARSED 95/340 package=FinancialDistrict_TILE_001_000_BLOCK_000_250TERRAIN_Package static_meshes=0
2026-07-21T07:17:44.741426+00:00 DUMP 96/340 package=FinancialDistrict_TILE_001_000_BLOCK_000_500TERRAIN_Package
2026-07-21T07:17:44.936619+00:00 PARSED 96/340 package=FinancialDistrict_TILE_001_000_BLOCK_000_500TERRAIN_Package static_meshes=12
2026-07-21T07:17:44.937052+00:00 DUMP 97/340 package=FinancialDistrict_TILE_001_000_BLOCK_000_750TERRAIN_Package
2026-07-21T07:17:45.135798+00:00 PARSED 97/340 package=FinancialDistrict_TILE_001_000_BLOCK_000_750TERRAIN_Package static_meshes=34
2026-07-21T07:17:45.136119+00:00 DUMP 98/340 package=FinancialDistrict_TILE_001_000_BLOCK_250_250TERRAIN_Package
2026-07-21T07:17:45.305652+00:00 PARSED 98/340 package=FinancialDistrict_TILE_001_000_BLOCK_250_250TERRAIN_Package static_meshes=0
2026-07-21T07:17:45.306057+00:00 DUMP 99/340 package=FinancialDistrict_TILE_001_000_BLOCK_250_500TERRAIN_Package
2026-07-21T07:17:45.494683+00:00 PARSED 99/340 package=FinancialDistrict_TILE_001_000_BLOCK_250_500TERRAIN_Package static_meshes=14
2026-07-21T07:17:45.495386+00:00 DUMP 100/340 package=FinancialDistrict_TILE_001_000_BLOCK_250_750TERRAIN_Package
2026-07-21T07:17:45.692100+00:00 PARSED 100/340 package=FinancialDistrict_TILE_001_000_BLOCK_250_750TERRAIN_Package static_meshes=38
2026-07-21T07:17:45.692428+00:00 DUMP 101/340 package=FinancialDistrict_TILE_001_000_BLOCK_500_250TERRAIN_Package
2026-07-21T07:17:45.869702+00:00 PARSED 101/340 package=FinancialDistrict_TILE_001_000_BLOCK_500_250TERRAIN_Package static_meshes=0
2026-07-21T07:17:45.870184+00:00 DUMP 102/340 package=FinancialDistrict_TILE_001_000_BLOCK_500_500TERRAIN_Package
2026-07-21T07:17:46.066415+00:00 PARSED 102/340 package=FinancialDistrict_TILE_001_000_BLOCK_500_500TERRAIN_Package static_meshes=12
2026-07-21T07:17:46.066794+00:00 DUMP 103/340 package=FinancialDistrict_TILE_001_000_BLOCK_500_750TERRAIN_Package
2026-07-21T07:17:46.282197+00:00 PARSED 103/340 package=FinancialDistrict_TILE_001_000_BLOCK_500_750TERRAIN_Package static_meshes=28
2026-07-21T07:17:46.282628+00:00 DUMP 104/340 package=FinancialDistrict_TILE_001_000_BLOCK_750_250TERRAIN_Package
2026-07-21T07:17:46.488851+00:00 PARSED 104/340 package=FinancialDistrict_TILE_001_000_BLOCK_750_250TERRAIN_Package static_meshes=0
2026-07-21T07:17:46.489342+00:00 DUMP 105/340 package=FinancialDistrict_TILE_001_000_BLOCK_750_500TERRAIN_Package
2026-07-21T07:17:46.685699+00:00 PARSED 105/340 package=FinancialDistrict_TILE_001_000_BLOCK_750_500TERRAIN_Package static_meshes=2
2026-07-21T07:17:46.686123+00:00 DUMP 106/340 package=FinancialDistrict_TILE_001_000_BLOCK_750_750TERRAIN_Package
2026-07-21T07:17:46.872980+00:00 PARSED 106/340 package=FinancialDistrict_TILE_001_000_BLOCK_750_750TERRAIN_Package static_meshes=22
2026-07-21T07:17:46.873399+00:00 DUMP 107/340 package=FinancialDistrict_TILE_001_001_BLOCK_000_000TERRAIN_Package
2026-07-21T07:17:47.073808+00:00 PARSED 107/340 package=FinancialDistrict_TILE_001_001_BLOCK_000_000TERRAIN_Package static_meshes=30
2026-07-21T07:17:47.074195+00:00 DUMP 108/340 package=FinancialDistrict_TILE_001_001_BLOCK_000_250TERRAIN_Package
2026-07-21T07:17:47.273550+00:00 PARSED 108/340 package=FinancialDistrict_TILE_001_001_BLOCK_000_250TERRAIN_Package static_meshes=24
2026-07-21T07:17:47.273890+00:00 DUMP 109/340 package=FinancialDistrict_TILE_001_001_BLOCK_000_500TERRAIN_Package
2026-07-21T07:17:47.469310+00:00 PARSED 109/340 package=FinancialDistrict_TILE_001_001_BLOCK_000_500TERRAIN_Package static_meshes=38
2026-07-21T07:17:47.469742+00:00 DUMP 110/340 package=FinancialDistrict_TILE_001_001_BLOCK_000_750TERRAIN_Package
2026-07-21T07:17:47.662564+00:00 PARSED 110/340 package=FinancialDistrict_TILE_001_001_BLOCK_000_750TERRAIN_Package static_meshes=26
2026-07-21T07:17:47.663002+00:00 DUMP 111/340 package=FinancialDistrict_TILE_001_001_BLOCK_250_000TERRAIN_Package
2026-07-21T07:17:47.892816+00:00 PARSED 111/340 package=FinancialDistrict_TILE_001_001_BLOCK_250_000TERRAIN_Package static_meshes=98
2026-07-21T07:17:47.893188+00:00 DUMP 112/340 package=FinancialDistrict_TILE_001_001_BLOCK_250_250TERRAIN_Package
2026-07-21T07:17:48.117435+00:00 PARSED 112/340 package=FinancialDistrict_TILE_001_001_BLOCK_250_250TERRAIN_Package static_meshes=40
2026-07-21T07:17:48.117843+00:00 DUMP 113/340 package=FinancialDistrict_TILE_001_001_BLOCK_250_500TERRAIN_Package
2026-07-21T07:17:48.336249+00:00 PARSED 113/340 package=FinancialDistrict_TILE_001_001_BLOCK_250_500TERRAIN_Package static_meshes=26
2026-07-21T07:17:48.336599+00:00 DUMP 114/340 package=FinancialDistrict_TILE_001_001_BLOCK_250_750TERRAIN_Package
2026-07-21T07:17:48.535383+00:00 PARSED 114/340 package=FinancialDistrict_TILE_001_001_BLOCK_250_750TERRAIN_Package static_meshes=26
2026-07-21T07:17:48.535731+00:00 DUMP 115/340 package=FinancialDistrict_TILE_001_001_BLOCK_500_000TERRAIN_Package
2026-07-21T07:17:48.750322+00:00 PARSED 115/340 package=FinancialDistrict_TILE_001_001_BLOCK_500_000TERRAIN_Package static_meshes=36
2026-07-21T07:17:48.750722+00:00 DUMP 116/340 package=FinancialDistrict_TILE_001_001_BLOCK_500_250TERRAIN_Package
2026-07-21T07:17:48.934518+00:00 PARSED 116/340 package=FinancialDistrict_TILE_001_001_BLOCK_500_250TERRAIN_Package static_meshes=28
2026-07-21T07:17:48.934851+00:00 DUMP 117/340 package=FinancialDistrict_TILE_001_001_BLOCK_500_500TERRAIN_Package
2026-07-21T07:17:49.127551+00:00 PARSED 117/340 package=FinancialDistrict_TILE_001_001_BLOCK_500_500TERRAIN_Package static_meshes=36
2026-07-21T07:17:49.127944+00:00 DUMP 118/340 package=FinancialDistrict_TILE_001_001_BLOCK_500_750TERRAIN_Package
2026-07-21T07:17:49.320679+00:00 PARSED 118/340 package=FinancialDistrict_TILE_001_001_BLOCK_500_750TERRAIN_Package static_meshes=6
2026-07-21T07:17:49.321148+00:00 DUMP 119/340 package=FinancialDistrict_TILE_001_001_BLOCK_750_000TERRAIN_Package
2026-07-21T07:17:49.514167+00:00 PARSED 119/340 package=FinancialDistrict_TILE_001_001_BLOCK_750_000TERRAIN_Package static_meshes=22
2026-07-21T07:17:49.514535+00:00 DUMP 120/340 package=FinancialDistrict_TILE_001_001_BLOCK_750_250TERRAIN_Package
2026-07-21T07:17:49.743568+00:00 PARSED 120/340 package=FinancialDistrict_TILE_001_001_BLOCK_750_250TERRAIN_Package static_meshes=28
2026-07-21T07:17:49.743939+00:00 DUMP 121/340 package=FinancialDistrict_TILE_001_001_BLOCK_750_500TERRAIN_Package
2026-07-21T07:17:49.956538+00:00 PARSED 121/340 package=FinancialDistrict_TILE_001_001_BLOCK_750_500TERRAIN_Package static_meshes=16
2026-07-21T07:17:49.956957+00:00 DUMP 122/340 package=FinancialDistrict_TILE_001_001_BLOCK_750_750TERRAIN_Package
2026-07-21T07:17:50.148307+00:00 PARSED 122/340 package=FinancialDistrict_TILE_001_001_BLOCK_750_750TERRAIN_Package static_meshes=0
2026-07-21T07:17:50.148660+00:00 DUMP 123/340 package=ReflectionMap-FD
2026-07-21T07:17:50.338351+00:00 PARSED 123/340 package=ReflectionMap-FD static_meshes=0
2026-07-21T07:17:50.338796+00:00 DUMP 124/340 package=ExitSigns
2026-07-21T07:17:50.523192+00:00 PARSED 124/340 package=ExitSigns static_meshes=5
2026-07-21T07:17:50.523561+00:00 DUMP 125/340 package=FinancialAirConditioningUnit
2026-07-21T07:17:50.694357+00:00 PARSED 125/340 package=FinancialAirConditioningUnit static_meshes=0
2026-07-21T07:17:50.694705+00:00 DUMP 126/340 package=FinancialAmmoStore
2026-07-21T07:17:50.881948+00:00 PARSED 126/340 package=FinancialAmmoStore static_meshes=1
2026-07-21T07:17:50.882404+00:00 DUMP 127/340 package=FinancialAwnings
2026-07-21T07:17:51.062260+00:00 PARSED 127/340 package=FinancialAwnings static_meshes=2
2026-07-21T07:17:51.062590+00:00 DUMP 128/340 package=FinancialDoors_Office1
2026-07-21T07:17:51.236019+00:00 PARSED 128/340 package=FinancialDoors_Office1 static_meshes=0
2026-07-21T07:17:51.236454+00:00 DUMP 129/340 package=FinancialWindows_Office1
2026-07-21T07:17:51.413291+00:00 PARSED 129/340 package=FinancialWindows_Office1 static_meshes=0
2026-07-21T07:17:51.413780+00:00 DUMP 130/340 package=GarageDoorsSegmented
2026-07-21T07:17:51.589532+00:00 PARSED 130/340 package=GarageDoorsSegmented static_meshes=8
2026-07-21T07:17:51.589862+00:00 DUMP 131/340 package=Shop_ShopFaked_Dining
2026-07-21T07:17:51.794486+00:00 PARSED 131/340 package=Shop_ShopFaked_Dining static_meshes=0
2026-07-21T07:17:51.794860+00:00 DUMP 132/340 package=Shop_ShopFaked_Retail
2026-07-21T07:17:52.010266+00:00 PARSED 132/340 package=Shop_ShopFaked_Retail static_meshes=0
2026-07-21T07:17:52.010644+00:00 DUMP 133/340 package=ShopFront_Financial
2026-07-21T07:17:52.202753+00:00 PARSED 133/340 package=ShopFront_Financial static_meshes=13
2026-07-21T07:17:52.203100+00:00 DUMP 134/340 package=VehicleNoEntrySign
2026-07-21T07:17:52.386959+00:00 PARSED 134/340 package=VehicleNoEntrySign static_meshes=1
2026-07-21T07:17:52.387295+00:00 DUMP 135/340 package=WindowGuards
2026-07-21T07:17:52.561977+00:00 PARSED 135/340 package=WindowGuards static_meshes=0
2026-07-21T07:17:52.562361+00:00 DUMP 136/340 package=AmmoVendingMachine
2026-07-21T07:17:52.738037+00:00 PARSED 136/340 package=AmmoVendingMachine static_meshes=1
2026-07-21T07:17:52.738418+00:00 DUMP 137/340 package=Bank_lights
2026-07-21T07:17:52.919314+00:00 PARSED 137/340 package=Bank_lights static_meshes=0
2026-07-21T07:17:52.919716+00:00 DUMP 138/340 package=Bank_Package
2026-07-21T07:17:53.117532+00:00 PARSED 138/340 package=Bank_Package static_meshes=16
2026-07-21T07:17:53.117901+00:00 DUMP 139/340 package=Bank_Vault_Doors
2026-07-21T07:17:53.293881+00:00 PARSED 139/340 package=Bank_Vault_Doors static_meshes=4
2026-07-21T07:17:53.294216+00:00 DUMP 140/340 package=FD_Lanterns
2026-07-21T07:17:53.503305+00:00 PARSED 140/340 package=FD_Lanterns static_meshes=10
2026-07-21T07:17:53.503659+00:00 DUMP 141/340 package=FinancialAmmoCrates
2026-07-21T07:17:53.688030+00:00 PARSED 141/340 package=FinancialAmmoCrates static_meshes=3
2026-07-21T07:17:53.688400+00:00 DUMP 142/340 package=FinancialCableReels
2026-07-21T07:17:53.864332+00:00 PARSED 142/340 package=FinancialCableReels static_meshes=9
2026-07-21T07:17:53.864717+00:00 DUMP 143/340 package=FinancialCafeFurniture
2026-07-21T07:17:54.054557+00:00 PARSED 143/340 package=FinancialCafeFurniture static_meshes=7
2026-07-21T07:17:54.055029+00:00 DUMP 144/340 package=FinancialCandyCane
2026-07-21T07:17:54.232340+00:00 PARSED 144/340 package=FinancialCandyCane static_meshes=1
2026-07-21T07:17:54.232684+00:00 DUMP 145/340 package=FinancialCivicGarbageCan
2026-07-21T07:17:54.427913+00:00 PARSED 145/340 package=FinancialCivicGarbageCan static_meshes=12
2026-07-21T07:17:54.428254+00:00 DUMP 146/340 package=FinancialConcertHallDome
2026-07-21T07:17:54.619538+00:00 PARSED 146/340 package=FinancialConcertHallDome static_meshes=0
2026-07-21T07:17:54.619970+00:00 DUMP 147/340 package=FinancialConcreteCrucible
2026-07-21T07:17:54.796639+00:00 PARSED 147/340 package=FinancialConcreteCrucible static_meshes=1
2026-07-21T07:17:54.796976+00:00 DUMP 148/340 package=FinancialConstructionPipes
2026-07-21T07:17:54.993208+00:00 PARSED 148/340 package=FinancialConstructionPipes static_meshes=4
2026-07-21T07:17:54.993566+00:00 DUMP 149/340 package=FinancialCrashBarrier
2026-07-21T07:17:55.176470+00:00 PARSED 149/340 package=FinancialCrashBarrier static_meshes=7
2026-07-21T07:17:55.176824+00:00 DUMP 150/340 package=FinancialCutoutDevilDog
2026-07-21T07:17:55.351229+00:00 PARSED 150/340 package=FinancialCutoutDevilDog static_meshes=1
2026-07-21T07:17:55.351662+00:00 DUMP 151/340 package=FinancialEscalator
2026-07-21T07:17:55.578246+00:00 PARSED 151/340 package=FinancialEscalator static_meshes=1
2026-07-21T07:17:55.578671+00:00 DUMP 152/340 package=FinancialFlagPole_Tiptoe
2026-07-21T07:17:55.770161+00:00 PARSED 152/340 package=FinancialFlagPole_Tiptoe static_meshes=0
2026-07-21T07:17:55.770623+00:00 DUMP 153/340 package=FinancialFlagPole
2026-07-21T07:17:55.982109+00:00 PARSED 153/340 package=FinancialFlagPole static_meshes=0
2026-07-21T07:17:55.982616+00:00 DUMP 154/340 package=FinancialFreewayScafolding
2026-07-21T07:17:56.189750+00:00 PARSED 154/340 package=FinancialFreewayScafolding static_meshes=2
2026-07-21T07:17:56.190128+00:00 DUMP 155/340 package=FinancialLightsModern
2026-07-21T07:17:56.392099+00:00 PARSED 155/340 package=FinancialLightsModern static_meshes=8
2026-07-21T07:17:56.392466+00:00 DUMP 156/340 package=FinancialOfficeDesk
2026-07-21T07:17:56.576119+00:00 PARSED 156/340 package=FinancialOfficeDesk static_meshes=2
2026-07-21T07:17:56.576558+00:00 DUMP 157/340 package=FinancialParkBench
2026-07-21T07:17:56.766531+00:00 PARSED 157/340 package=FinancialParkBench static_meshes=6
2026-07-21T07:17:56.766890+00:00 DUMP 158/340 package=FinancialPortaCabin
2026-07-21T07:17:56.956822+00:00 PARSED 158/340 package=FinancialPortaCabin static_meshes=7
2026-07-21T07:17:56.957181+00:00 DUMP 159/340 package=FinancialSnowPile
2026-07-21T07:17:57.156345+00:00 PARSED 159/340 package=FinancialSnowPile static_meshes=1
2026-07-21T07:17:57.156800+00:00 DUMP 160/340 package=FinancialStreetlights
2026-07-21T07:17:57.341285+00:00 PARSED 160/340 package=FinancialStreetlights static_meshes=2
2026-07-21T07:17:57.341667+00:00 DUMP 161/340 package=FinancialStreetSign
2026-07-21T07:17:57.540386+00:00 PARSED 161/340 package=FinancialStreetSign static_meshes=3
2026-07-21T07:17:57.541533+00:00 DUMP 162/340 package=FinancialTicketBarriers
2026-07-21T07:17:57.725384+00:00 PARSED 162/340 package=FinancialTicketBarriers static_meshes=4
2026-07-21T07:17:57.725698+00:00 DUMP 163/340 package=FinancialTicketMachine
2026-07-21T07:17:57.898844+00:00 PARSED 163/340 package=FinancialTicketMachine static_meshes=3
2026-07-21T07:17:57.899198+00:00 DUMP 164/340 package=FinancialTowerCrane
2026-07-21T07:17:58.105283+00:00 PARSED 164/340 package=FinancialTowerCrane static_meshes=3
2026-07-21T07:17:58.105896+00:00 DUMP 165/340 package=FinancialVendingStand
2026-07-21T07:17:58.318508+00:00 PARSED 165/340 package=FinancialVendingStand static_meshes=3
2026-07-21T07:17:58.318972+00:00 DUMP 166/340 package=FinancialWaterfrontSafety
2026-07-21T07:17:58.518448+00:00 PARSED 166/340 package=FinancialWaterfrontSafety static_meshes=4
2026-07-21T07:17:58.518876+00:00 DUMP 167/340 package=Planters
2026-07-21T07:17:58.716474+00:00 PARSED 167/340 package=Planters static_meshes=2
2026-07-21T07:17:58.716992+00:00 DUMP 168/340 package=Prop_CSAHunter_Corpse01
2026-07-21T07:17:58.937422+00:00 PARSED 168/340 package=Prop_CSAHunter_Corpse01 static_meshes=0
2026-07-21T07:17:58.937793+00:00 DUMP 169/340 package=VehicleTicketMachine
2026-07-21T07:17:59.141483+00:00 PARSED 169/340 package=VehicleTicketMachine static_meshes=1
2026-07-21T07:17:59.141972+00:00 DUMP 170/340 package=ApartmentSalesBanner
2026-07-21T07:17:59.336857+00:00 PARSED 170/340 package=ApartmentSalesBanner static_meshes=1
2026-07-21T07:17:59.337245+00:00 DUMP 171/340 package=Banners
2026-07-21T07:17:59.546637+00:00 PARSED 171/340 package=Banners static_meshes=1
2026-07-21T07:17:59.547048+00:00 DUMP 172/340 package=FD_NeonSigns
2026-07-21T07:17:59.776248+00:00 PARSED 172/340 package=FD_NeonSigns static_meshes=92
2026-07-21T07:17:59.776588+00:00 DUMP 173/340 package=FD_Signage_Animated
2026-07-21T07:17:59.975399+00:00 PARSED 173/340 package=FD_Signage_Animated static_meshes=0
2026-07-21T07:17:59.975752+00:00 DUMP 174/340 package=FD_Signage
2026-07-21T07:18:00.191115+00:00 PARSED 174/340 package=FD_Signage static_meshes=0
2026-07-21T07:18:00.191502+00:00 DUMP 175/340 package=PoolSign
2026-07-21T07:18:00.389320+00:00 PARSED 175/340 package=PoolSign static_meshes=2
2026-07-21T07:18:00.389663+00:00 DUMP 176/340 package=FD_Block02
2026-07-21T07:18:00.575620+00:00 PARSED 176/340 package=FD_Block02 static_meshes=2
2026-07-21T07:18:00.575994+00:00 DUMP 177/340 package=FD_Block06
2026-07-21T07:18:00.771194+00:00 PARSED 177/340 package=FD_Block06 static_meshes=1
2026-07-21T07:18:00.771639+00:00 DUMP 178/340 package=FD_Block07
2026-07-21T07:18:00.980689+00:00 PARSED 178/340 package=FD_Block07 static_meshes=0
2026-07-21T07:18:00.981016+00:00 DUMP 179/340 package=FD_Block08
2026-07-21T07:18:01.186549+00:00 PARSED 179/340 package=FD_Block08 static_meshes=16
2026-07-21T07:18:01.186972+00:00 DUMP 180/340 package=FD_Block12
2026-07-21T07:18:01.369916+00:00 PARSED 180/340 package=FD_Block12 static_meshes=0
2026-07-21T07:18:01.370290+00:00 DUMP 181/340 package=FD_Block16
2026-07-21T07:18:01.557241+00:00 PARSED 181/340 package=FD_Block16 static_meshes=2
2026-07-21T07:18:01.557583+00:00 DUMP 182/340 package=FD_Block21
2026-07-21T07:18:01.736119+00:00 PARSED 182/340 package=FD_Block21 static_meshes=1
2026-07-21T07:18:01.736510+00:00 DUMP 183/340 package=FD_Block26
2026-07-21T07:18:01.945820+00:00 PARSED 183/340 package=FD_Block26 static_meshes=2
2026-07-21T07:18:01.946195+00:00 DUMP 184/340 package=FD_Block43
2026-07-21T07:18:02.142689+00:00 PARSED 184/340 package=FD_Block43 static_meshes=12
2026-07-21T07:18:02.143032+00:00 DUMP 185/340 package=FD_StaticMeshes
2026-07-21T07:18:02.330554+00:00 PARSED 185/340 package=FD_StaticMeshes static_meshes=8
2026-07-21T07:18:02.330907+00:00 DUMP 186/340 package=Financial_CarnacCasino
2026-07-21T07:18:02.527667+00:00 PARSED 186/340 package=Financial_CarnacCasino static_meshes=12
2026-07-21T07:18:02.528015+00:00 DUMP 187/340 package=HarbourWall
2026-07-21T07:18:02.707748+00:00 PARSED 187/340 package=HarbourWall static_meshes=1
2026-07-21T07:18:02.708094+00:00 DUMP 188/340 package=ReflectionMap-WD
2026-07-21T07:18:02.896627+00:00 PARSED 188/340 package=ReflectionMap-WD static_meshes=0
2026-07-21T07:18:02.897046+00:00 DUMP 189/340 package=Waterfront_Marina
2026-07-21T07:18:03.119064+00:00 PARSED 189/340 package=Waterfront_Marina static_meshes=13
2026-07-21T07:18:03.119422+00:00 DUMP 190/340 package=Ferry
2026-07-21T07:18:03.311769+00:00 PARSED 190/340 package=Ferry static_meshes=1
2026-07-21T07:18:03.312086+00:00 DUMP 191/340 package=FerryFloor
2026-07-21T07:18:03.507866+00:00 PARSED 191/340 package=FerryFloor static_meshes=0
2026-07-21T07:18:03.508342+00:00 DUMP 192/340 package=FerryHull
2026-07-21T07:18:03.709906+00:00 PARSED 192/340 package=FerryHull static_meshes=2
2026-07-21T07:18:03.710370+00:00 DUMP 193/340 package=BridgeCars
2026-07-21T07:18:03.894241+00:00 PARSED 193/340 package=BridgeCars static_meshes=1
2026-07-21T07:18:03.894580+00:00 DUMP 194/340 package=Fender
2026-07-21T07:18:04.069700+00:00 PARSED 194/340 package=Fender static_meshes=1
2026-07-21T07:18:04.070044+00:00 DUMP 195/340 package=WarehouseDoors
2026-07-21T07:18:04.269698+00:00 PARSED 195/340 package=WarehouseDoors static_meshes=1
2026-07-21T07:18:04.270079+00:00 DUMP 196/340 package=Waterfront_Shelving
2026-07-21T07:18:04.456801+00:00 PARSED 196/340 package=Waterfront_Shelving static_meshes=3
2026-07-21T07:18:04.457128+00:00 DUMP 197/340 package=Waterfront_Skyline
2026-07-21T07:18:04.651791+00:00 PARSED 197/340 package=Waterfront_Skyline static_meshes=3
2026-07-21T07:18:04.652164+00:00 DUMP 198/340 package=Waterfront_TallShip
2026-07-21T07:18:04.838437+00:00 PARSED 198/340 package=Waterfront_TallShip static_meshes=0
2026-07-21T07:18:04.839020+00:00 DUMP 199/340 package=WaterfrontCargoCrane
2026-07-21T07:18:05.020441+00:00 PARSED 199/340 package=WaterfrontCargoCrane static_meshes=3
2026-07-21T07:18:05.020757+00:00 DUMP 200/340 package=WaterfrontCargoShips
2026-07-21T07:18:05.204938+00:00 PARSED 200/340 package=WaterfrontCargoShips static_meshes=0
2026-07-21T07:18:05.205265+00:00 DUMP 201/340 package=WaterfrontCleats
2026-07-21T07:18:05.410670+00:00 PARSED 201/340 package=WaterfrontCleats static_meshes=4
2026-07-21T07:18:05.411043+00:00 DUMP 202/340 package=WaterfrontLighthouseAndBridge
2026-07-21T07:18:05.599697+00:00 PARSED 202/340 package=WaterfrontLighthouseAndBridge static_meshes=2
2026-07-21T07:18:05.600032+00:00 DUMP 203/340 package=WaterfrontLocomotive
2026-07-21T07:18:05.785367+00:00 PARSED 203/340 package=WaterfrontLocomotive static_meshes=1
2026-07-21T07:18:05.785753+00:00 DUMP 204/340 package=WaterfrontPalmTree
2026-07-21T07:18:05.985557+00:00 PARSED 204/340 package=WaterfrontPalmTree static_meshes=2
2026-07-21T07:18:05.985958+00:00 DUMP 205/340 package=WaterfrontPowerYacht
2026-07-21T07:18:06.172335+00:00 PARSED 205/340 package=WaterfrontPowerYacht static_meshes=3
2026-07-21T07:18:06.172778+00:00 DUMP 206/340 package=WaterfrontSailingYacht
2026-07-21T07:18:06.358837+00:00 PARSED 206/340 package=WaterfrontSailingYacht static_meshes=1
2026-07-21T07:18:06.359170+00:00 DUMP 207/340 package=WaterfrontSleepers
2026-07-21T07:18:06.559014+00:00 PARSED 207/340 package=WaterfrontSleepers static_meshes=2
2026-07-21T07:18:06.559409+00:00 DUMP 208/340 package=WaterfrontTankCar
2026-07-21T07:18:06.748136+00:00 PARSED 208/340 package=WaterfrontTankCar static_meshes=1
2026-07-21T07:18:06.748461+00:00 DUMP 209/340 package=WaterfrontWaterTower
2026-07-21T07:18:06.930745+00:00 PARSED 209/340 package=WaterfrontWaterTower static_meshes=1
2026-07-21T07:18:06.931183+00:00 DUMP 210/340 package=WD_Banners
2026-07-21T07:18:07.130666+00:00 PARSED 210/340 package=WD_Banners static_meshes=1
2026-07-21T07:18:07.131028+00:00 DUMP 211/340 package=VFX_Financial_Garbage
2026-07-21T07:18:07.327076+00:00 PARSED 211/340 package=VFX_Financial_Garbage static_meshes=0
2026-07-21T07:18:07.327421+00:00 DUMP 212/340 package=VFX_Financial_TicketMachine
2026-07-21T07:18:07.515330+00:00 PARSED 212/340 package=VFX_Financial_TicketMachine static_meshes=0
2026-07-21T07:18:07.515768+00:00 DUMP 213/340 package=VFX_FinancialCrashBarrier
2026-07-21T07:18:07.728630+00:00 PARSED 213/340 package=VFX_FinancialCrashBarrier static_meshes=0
2026-07-21T07:18:07.729026+00:00 DUMP 214/340 package=VFX_FinancialVendingStand
2026-07-21T07:18:07.915587+00:00 PARSED 214/340 package=VFX_FinancialVendingStand static_meshes=0
2026-07-21T07:18:07.915912+00:00 DUMP 215/340 package=VFX_FinancialCafeFurniture
2026-07-21T07:18:08.105665+00:00 PARSED 215/340 package=VFX_FinancialCafeFurniture static_meshes=0
2026-07-21T07:18:08.106073+00:00 DUMP 216/340 package=VFX_WaterfrontSleepers
2026-07-21T07:18:08.321429+00:00 PARSED 216/340 package=VFX_WaterfrontSleepers static_meshes=1
2026-07-21T07:18:08.321799+00:00 DUMP 217/340 package=WaterfrontDistrict_WaterfrontDistrict_Block01_Package
2026-07-21T07:18:08.624353+00:00 PARSED 217/340 package=WaterfrontDistrict_WaterfrontDistrict_Block01_Package static_meshes=175
2026-07-21T07:18:08.624683+00:00 DUMP 218/340 package=WaterfrontDistrict_WaterfrontDistrict_Block02_Package
2026-07-21T07:18:08.917767+00:00 PARSED 218/340 package=WaterfrontDistrict_WaterfrontDistrict_Block02_Package static_meshes=154
2026-07-21T07:18:08.918155+00:00 DUMP 219/340 package=WaterfrontDistrict_WaterfrontDistrict_Block03_Package
2026-07-21T07:18:09.209069+00:00 PARSED 219/340 package=WaterfrontDistrict_WaterfrontDistrict_Block03_Package static_meshes=208
2026-07-21T07:18:09.209379+00:00 DUMP 220/340 package=WaterfrontDistrict_WaterfrontDistrict_Block04_Package
2026-07-21T07:18:09.511971+00:00 PARSED 220/340 package=WaterfrontDistrict_WaterfrontDistrict_Block04_Package static_meshes=204
2026-07-21T07:18:09.512344+00:00 DUMP 221/340 package=WaterfrontDistrict_WaterfrontDistrict_Block05_Package
2026-07-21T07:18:09.837541+00:00 PARSED 221/340 package=WaterfrontDistrict_WaterfrontDistrict_Block05_Package static_meshes=264
2026-07-21T07:18:09.837909+00:00 DUMP 222/340 package=WaterfrontDistrict_WaterfrontDistrict_Block06_Package
2026-07-21T07:18:10.160552+00:00 PARSED 222/340 package=WaterfrontDistrict_WaterfrontDistrict_Block06_Package static_meshes=224
2026-07-21T07:18:10.160874+00:00 DUMP 223/340 package=WaterfrontDistrict_WaterfrontDistrict_Block07_Package
2026-07-21T07:18:10.467309+00:00 PARSED 223/340 package=WaterfrontDistrict_WaterfrontDistrict_Block07_Package static_meshes=195
2026-07-21T07:18:10.467664+00:00 DUMP 224/340 package=WaterfrontDistrict_WaterfrontDistrict_Block08_Package
2026-07-21T07:18:10.797247+00:00 PARSED 224/340 package=WaterfrontDistrict_WaterfrontDistrict_Block08_Package static_meshes=214
2026-07-21T07:18:10.797604+00:00 DUMP 225/340 package=WaterfrontDistrict_WaterfrontDistrict_Block09_Package
2026-07-21T07:18:11.097915+00:00 PARSED 225/340 package=WaterfrontDistrict_WaterfrontDistrict_Block09_Package static_meshes=253
2026-07-21T07:18:11.098297+00:00 DUMP 226/340 package=WaterfrontDistrict_WaterfrontDistrict_Block10_Package
2026-07-21T07:18:11.410855+00:00 PARSED 226/340 package=WaterfrontDistrict_WaterfrontDistrict_Block10_Package static_meshes=173
2026-07-21T07:18:11.411198+00:00 DUMP 227/340 package=WaterfrontDistrict_WaterfrontDistrict_Block11_Package
2026-07-21T07:18:11.696047+00:00 PARSED 227/340 package=WaterfrontDistrict_WaterfrontDistrict_Block11_Package static_meshes=137
2026-07-21T07:18:11.696394+00:00 DUMP 228/340 package=WaterfrontDistrict_WaterfrontDistrict_Block12_Package
2026-07-21T07:18:12.025067+00:00 PARSED 228/340 package=WaterfrontDistrict_WaterfrontDistrict_Block12_Package static_meshes=166
2026-07-21T07:18:12.025533+00:00 DUMP 229/340 package=WaterfrontDistrict_WaterfrontDistrict_Block13_Package
2026-07-21T07:18:12.352095+00:00 PARSED 229/340 package=WaterfrontDistrict_WaterfrontDistrict_Block13_Package static_meshes=159
2026-07-21T07:18:12.352469+00:00 DUMP 230/340 package=WaterfrontDistrict_WaterfrontDistrict_Block14_Package
2026-07-21T07:18:12.667636+00:00 PARSED 230/340 package=WaterfrontDistrict_WaterfrontDistrict_Block14_Package static_meshes=165
2026-07-21T07:18:12.668024+00:00 DUMP 231/340 package=WaterfrontDistrict_WaterfrontDistrict_Block15_Package
2026-07-21T07:18:12.975534+00:00 PARSED 231/340 package=WaterfrontDistrict_WaterfrontDistrict_Block15_Package static_meshes=184
2026-07-21T07:18:12.975916+00:00 DUMP 232/340 package=WaterfrontDistrict_WaterfrontDistrict_Block16_Package
2026-07-21T07:18:13.297543+00:00 PARSED 232/340 package=WaterfrontDistrict_WaterfrontDistrict_Block16_Package static_meshes=168
2026-07-21T07:18:13.297902+00:00 DUMP 233/340 package=WaterfrontDistrict_WaterfrontDistrict_Block17_Package
2026-07-21T07:18:13.601275+00:00 PARSED 233/340 package=WaterfrontDistrict_WaterfrontDistrict_Block17_Package static_meshes=101
2026-07-21T07:18:13.601639+00:00 DUMP 234/340 package=WaterfrontDistrict_WaterfrontDistrict_Block18_Package
2026-07-21T07:18:13.914039+00:00 PARSED 234/340 package=WaterfrontDistrict_WaterfrontDistrict_Block18_Package static_meshes=144
2026-07-21T07:18:13.914378+00:00 DUMP 235/340 package=WaterfrontDistrict_WaterfrontDistrict_Block19_Package
2026-07-21T07:18:14.231334+00:00 PARSED 235/340 package=WaterfrontDistrict_WaterfrontDistrict_Block19_Package static_meshes=169
2026-07-21T07:18:14.231698+00:00 DUMP 236/340 package=WaterfrontDistrict_WaterfrontDistrict_Block20_Package
2026-07-21T07:18:14.551801+00:00 PARSED 236/340 package=WaterfrontDistrict_WaterfrontDistrict_Block20_Package static_meshes=150
2026-07-21T07:18:14.552190+00:00 DUMP 237/340 package=WaterfrontDistrict_WaterfrontDistrict_Block21_Package
2026-07-21T07:18:14.851191+00:00 PARSED 237/340 package=WaterfrontDistrict_WaterfrontDistrict_Block21_Package static_meshes=181
2026-07-21T07:18:14.851592+00:00 DUMP 238/340 package=WaterfrontDistrict_WaterfrontDistrict_Block22_Package
2026-07-21T07:18:15.230524+00:00 PARSED 238/340 package=WaterfrontDistrict_WaterfrontDistrict_Block22_Package static_meshes=217
2026-07-21T07:18:15.230883+00:00 DUMP 239/340 package=WaterfrontDistrict_WaterfrontDistrict_Block23_Package
2026-07-21T07:18:15.574880+00:00 PARSED 239/340 package=WaterfrontDistrict_WaterfrontDistrict_Block23_Package static_meshes=196
2026-07-21T07:18:15.575234+00:00 DUMP 240/340 package=WaterfrontDistrict_WaterfrontDistrict_Block24_Package
2026-07-21T07:18:15.858203+00:00 PARSED 240/340 package=WaterfrontDistrict_WaterfrontDistrict_Block24_Package static_meshes=119
2026-07-21T07:18:15.858546+00:00 DUMP 241/340 package=WaterfrontDistrict_WaterfrontDistrict_Block25_Package
2026-07-21T07:18:16.180963+00:00 PARSED 241/340 package=WaterfrontDistrict_WaterfrontDistrict_Block25_Package static_meshes=157
2026-07-21T07:18:16.181338+00:00 DUMP 242/340 package=WaterfrontDistrict_WaterfrontDistrict_Block26_Package
2026-07-21T07:18:16.463169+00:00 PARSED 242/340 package=WaterfrontDistrict_WaterfrontDistrict_Block26_Package static_meshes=52
2026-07-21T07:18:16.463563+00:00 DUMP 243/340 package=WaterfrontDistrict_WaterfrontDistrict_Block27_Package
2026-07-21T07:18:16.747531+00:00 PARSED 243/340 package=WaterfrontDistrict_WaterfrontDistrict_Block27_Package static_meshes=110
2026-07-21T07:18:16.747899+00:00 DUMP 244/340 package=WaterfrontDistrict_WaterfrontDistrict_Block28_Package
2026-07-21T07:18:17.036147+00:00 PARSED 244/340 package=WaterfrontDistrict_WaterfrontDistrict_Block28_Package static_meshes=206
2026-07-21T07:18:17.036503+00:00 DUMP 245/340 package=WaterfrontDistrict_WaterfrontDistrict_Block29_Package
2026-07-21T07:18:17.335106+00:00 PARSED 245/340 package=WaterfrontDistrict_WaterfrontDistrict_Block29_Package static_meshes=221
2026-07-21T07:18:17.335498+00:00 DUMP 246/340 package=WaterfrontDistrict_WaterfrontDistrict_Block30_Package
2026-07-21T07:18:17.643194+00:00 PARSED 246/340 package=WaterfrontDistrict_WaterfrontDistrict_Block30_Package static_meshes=189
2026-07-21T07:18:17.643845+00:00 DUMP 247/340 package=WaterfrontDistrict_WaterfrontDistrict_Block31_Package
2026-07-21T07:18:17.947784+00:00 PARSED 247/340 package=WaterfrontDistrict_WaterfrontDistrict_Block31_Package static_meshes=144
2026-07-21T07:18:17.948119+00:00 DUMP 248/340 package=WaterfrontDistrict_WaterfrontDistrict_Block32_Package
2026-07-21T07:18:18.275793+00:00 PARSED 248/340 package=WaterfrontDistrict_WaterfrontDistrict_Block32_Package static_meshes=136
2026-07-21T07:18:18.276180+00:00 DUMP 249/340 package=WaterfrontDistrict_WaterfrontDistrict_Block33_Package
2026-07-21T07:18:18.606985+00:00 PARSED 249/340 package=WaterfrontDistrict_WaterfrontDistrict_Block33_Package static_meshes=163
2026-07-21T07:18:18.607312+00:00 DUMP 250/340 package=WaterfrontDistrict_WaterfrontDistrict_Block34_Package
2026-07-21T07:18:18.931812+00:00 PARSED 250/340 package=WaterfrontDistrict_WaterfrontDistrict_Block34_Package static_meshes=194
2026-07-21T07:18:18.932207+00:00 DUMP 251/340 package=WaterfrontDistrict_WaterfrontDistrict_Block35_Package
2026-07-21T07:18:19.242355+00:00 PARSED 251/340 package=WaterfrontDistrict_WaterfrontDistrict_Block35_Package static_meshes=123
2026-07-21T07:18:19.242699+00:00 DUMP 252/340 package=WaterfrontDistrict_WaterfrontDistrict_Block36_Package
2026-07-21T07:18:19.587714+00:00 PARSED 252/340 package=WaterfrontDistrict_WaterfrontDistrict_Block36_Package static_meshes=203
2026-07-21T07:18:19.588098+00:00 DUMP 253/340 package=WaterfrontDistrict_WaterfrontDistrict_Block37_Package
2026-07-21T07:18:19.921724+00:00 PARSED 253/340 package=WaterfrontDistrict_WaterfrontDistrict_Block37_Package static_meshes=150
2026-07-21T07:18:19.922198+00:00 DUMP 254/340 package=WaterfrontDistrict_WaterfrontDistrict_Block38_Package
2026-07-21T07:18:20.321759+00:00 PARSED 254/340 package=WaterfrontDistrict_WaterfrontDistrict_Block38_Package static_meshes=360
2026-07-21T07:18:20.322169+00:00 DUMP 255/340 package=WaterfrontDistrict_WaterfrontDistrict_Block39_Package
2026-07-21T07:18:20.693462+00:00 PARSED 255/340 package=WaterfrontDistrict_WaterfrontDistrict_Block39_Package static_meshes=202
2026-07-21T07:18:20.693890+00:00 DUMP 256/340 package=WaterfrontDistrict_WaterfrontDistrict_Block40_Package
2026-07-21T07:18:21.028593+00:00 PARSED 256/340 package=WaterfrontDistrict_WaterfrontDistrict_Block40_Package static_meshes=139
2026-07-21T07:18:21.029053+00:00 DUMP 257/340 package=WaterfrontDistrict_WaterfrontDistrict_Block41_Package
2026-07-21T07:18:21.330741+00:00 PARSED 257/340 package=WaterfrontDistrict_WaterfrontDistrict_Block41_Package static_meshes=142
2026-07-21T07:18:21.331184+00:00 DUMP 258/340 package=WaterfrontDistrict_WaterfrontDistrict_TEMP_Package
2026-07-21T07:18:21.569782+00:00 PARSED 258/340 package=WaterfrontDistrict_WaterfrontDistrict_TEMP_Package static_meshes=0
2026-07-21T07:18:21.570195+00:00 DUMP 259/340 package=WaterfrontDistrict_WaterfrontDistrict_Vista01_Package
2026-07-21T07:18:21.845749+00:00 PARSED 259/340 package=WaterfrontDistrict_WaterfrontDistrict_Vista01_Package static_meshes=5
2026-07-21T07:18:21.846172+00:00 DUMP 260/340 package=WaterfrontDistrict_Features
2026-07-21T07:18:22.313437+00:00 PARSED 260/340 package=WaterfrontDistrict_Features static_meshes=426
2026-07-21T07:18:22.313789+00:00 DUMP 261/340 package=MiniMap_Waterfront
2026-07-21T07:18:22.535981+00:00 PARSED 261/340 package=MiniMap_Waterfront static_meshes=0
2026-07-21T07:18:22.536412+00:00 DUMP 262/340 package=W_HarbourRope
2026-07-21T07:18:22.767865+00:00 PARSED 262/340 package=W_HarbourRope static_meshes=1
2026-07-21T07:18:22.768264+00:00 DUMP 263/340 package=WaterfrontDistrict_RAILWAYCROSSING_B30_01ROADS_Package
2026-07-21T07:18:22.990311+00:00 PARSED 263/340 package=WaterfrontDistrict_RAILWAYCROSSING_B30_01ROADS_Package static_meshes=0
2026-07-21T07:18:22.990726+00:00 DUMP 264/340 package=WaterfrontDistrict_RAILWAYCROSSING_B30_02ROADS_Package
2026-07-21T07:18:23.214768+00:00 PARSED 264/340 package=WaterfrontDistrict_RAILWAYCROSSING_B30_02ROADS_Package static_meshes=0
2026-07-21T07:18:23.215240+00:00 DUMP 265/340 package=WaterfrontDistrict_RAILWAYCROSSING_B30_03ROADS_Package
2026-07-21T07:18:23.459389+00:00 PARSED 265/340 package=WaterfrontDistrict_RAILWAYCROSSING_B30_03ROADS_Package static_meshes=0
2026-07-21T07:18:23.459757+00:00 DUMP 266/340 package=WaterfrontDistrict_RAILWAYCROSSING_B33_01ROADS_Package
2026-07-21T07:18:23.703123+00:00 PARSED 266/340 package=WaterfrontDistrict_RAILWAYCROSSING_B33_01ROADS_Package static_meshes=0
2026-07-21T07:18:23.703523+00:00 DUMP 267/340 package=WaterfrontDistrict_RAILWAYCROSSING_B33_02ROADS_Package
2026-07-21T07:18:23.948308+00:00 PARSED 267/340 package=WaterfrontDistrict_RAILWAYCROSSING_B33_02ROADS_Package static_meshes=0
2026-07-21T07:18:23.948748+00:00 DUMP 268/340 package=WaterfrontDistrict_ROADEND_BLOCK26_01ROADS_Package
2026-07-21T07:18:24.178596+00:00 PARSED 268/340 package=WaterfrontDistrict_ROADEND_BLOCK26_01ROADS_Package static_meshes=0
2026-07-21T07:18:24.179037+00:00 DUMP 269/340 package=WaterfrontDistrict_ROADEND_BLOCK27_01ROADS_Package
2026-07-21T07:18:24.415002+00:00 PARSED 269/340 package=WaterfrontDistrict_ROADEND_BLOCK27_01ROADS_Package static_meshes=0
2026-07-21T07:18:24.415538+00:00 DUMP 270/340 package=WaterfrontDistrict_ROADEND_BLOCK27_02ROADS_Package
2026-07-21T07:18:24.645552+00:00 PARSED 270/340 package=WaterfrontDistrict_ROADEND_BLOCK27_02ROADS_Package static_meshes=0
2026-07-21T07:18:24.645894+00:00 DUMP 271/340 package=WaterfrontDistrict_ROADEND_BLOCK28_01ROADS_Package
2026-07-21T07:18:24.869847+00:00 PARSED 271/340 package=WaterfrontDistrict_ROADEND_BLOCK28_01ROADS_Package static_meshes=0
2026-07-21T07:18:24.870214+00:00 DUMP 272/340 package=WaterfrontDistrict_ROADEND_BLOCK28_02ROADS_Package
2026-07-21T07:18:25.118558+00:00 PARSED 272/340 package=WaterfrontDistrict_ROADEND_BLOCK28_02ROADS_Package static_meshes=0
2026-07-21T07:18:25.118962+00:00 DUMP 273/340 package=WaterfrontDistrict_TILE_000_000_BLOCK_500_750ROADS_Package
2026-07-21T07:18:25.370768+00:00 PARSED 273/340 package=WaterfrontDistrict_TILE_000_000_BLOCK_500_750ROADS_Package static_meshes=4
2026-07-21T07:18:25.371110+00:00 DUMP 274/340 package=WaterfrontDistrict_TILE_000_000_BLOCK_750_750ROADS_Package
2026-07-21T07:18:25.619945+00:00 PARSED 274/340 package=WaterfrontDistrict_TILE_000_000_BLOCK_750_750ROADS_Package static_meshes=24
2026-07-21T07:18:25.620413+00:00 DUMP 275/340 package=WaterfrontDistrict_TILE_000_001_BLOCK_500_000ROADS_Package
2026-07-21T07:18:25.871873+00:00 PARSED 275/340 package=WaterfrontDistrict_TILE_000_001_BLOCK_500_000ROADS_Package static_meshes=30
2026-07-21T07:18:25.872245+00:00 DUMP 276/340 package=WaterfrontDistrict_TILE_000_001_BLOCK_750_000ROADS_Package
2026-07-21T07:18:26.117683+00:00 PARSED 276/340 package=WaterfrontDistrict_TILE_000_001_BLOCK_750_000ROADS_Package static_meshes=42
2026-07-21T07:18:26.118080+00:00 DUMP 277/340 package=WaterfrontDistrict_TILE_000_001_BLOCK_750_250ROADS_Package
2026-07-21T07:18:26.369868+00:00 PARSED 277/340 package=WaterfrontDistrict_TILE_000_001_BLOCK_750_250ROADS_Package static_meshes=32
2026-07-21T07:18:26.370249+00:00 DUMP 278/340 package=WaterfrontDistrict_TILE_000_001_BLOCK_750_500ROADS_Package
2026-07-21T07:18:26.576302+00:00 PARSED 278/340 package=WaterfrontDistrict_TILE_000_001_BLOCK_750_500ROADS_Package static_meshes=0
2026-07-21T07:18:26.576773+00:00 DUMP 279/340 package=WaterfrontDistrict_TILE_001_000_BLOCK_000_750ROADS_Package
2026-07-21T07:18:26.833610+00:00 PARSED 279/340 package=WaterfrontDistrict_TILE_001_000_BLOCK_000_750ROADS_Package static_meshes=12
2026-07-21T07:18:26.833975+00:00 DUMP 280/340 package=WaterfrontDistrict_TILE_001_000_BLOCK_250_750ROADS_Package
2026-07-21T07:18:27.082632+00:00 PARSED 280/340 package=WaterfrontDistrict_TILE_001_000_BLOCK_250_750ROADS_Package static_meshes=0
2026-07-21T07:18:27.083000+00:00 DUMP 281/340 package=WaterfrontDistrict_TILE_001_000_BLOCK_500_750ROADS_Package
2026-07-21T07:18:27.327216+00:00 PARSED 281/340 package=WaterfrontDistrict_TILE_001_000_BLOCK_500_750ROADS_Package static_meshes=2
2026-07-21T07:18:27.327581+00:00 DUMP 282/340 package=WaterfrontDistrict_TILE_001_001_BLOCK_000_000ROADS_Package
2026-07-21T07:18:27.575664+00:00 PARSED 282/340 package=WaterfrontDistrict_TILE_001_001_BLOCK_000_000ROADS_Package static_meshes=56
2026-07-21T07:18:27.576034+00:00 DUMP 283/340 package=WaterfrontDistrict_TILE_001_001_BLOCK_000_250ROADS_Package
2026-07-21T07:18:27.820435+00:00 PARSED 283/340 package=WaterfrontDistrict_TILE_001_001_BLOCK_000_250ROADS_Package static_meshes=34
2026-07-21T07:18:27.820890+00:00 DUMP 284/340 package=WaterfrontDistrict_TILE_001_001_BLOCK_000_500ROADS_Package
2026-07-21T07:18:28.060571+00:00 PARSED 284/340 package=WaterfrontDistrict_TILE_001_001_BLOCK_000_500ROADS_Package static_meshes=0
2026-07-21T07:18:28.060972+00:00 DUMP 285/340 package=WaterfrontDistrict_TILE_001_001_BLOCK_250_000ROADS_Package
2026-07-21T07:18:28.332786+00:00 PARSED 285/340 package=WaterfrontDistrict_TILE_001_001_BLOCK_250_000ROADS_Package static_meshes=28
2026-07-21T07:18:28.333175+00:00 DUMP 286/340 package=WaterfrontDistrict_TILE_001_001_BLOCK_250_250ROADS_Package
2026-07-21T07:18:28.580260+00:00 PARSED 286/340 package=WaterfrontDistrict_TILE_001_001_BLOCK_250_250ROADS_Package static_meshes=42
2026-07-21T07:18:28.580612+00:00 DUMP 287/340 package=WaterfrontDistrict_TILE_001_001_BLOCK_250_500ROADS_Package
2026-07-21T07:18:28.813100+00:00 PARSED 287/340 package=WaterfrontDistrict_TILE_001_001_BLOCK_250_500ROADS_Package static_meshes=50
2026-07-21T07:18:28.813485+00:00 DUMP 288/340 package=WaterfrontDistrict_TILE_001_001_BLOCK_500_000ROADS_Package
2026-07-21T07:18:29.070624+00:00 PARSED 288/340 package=WaterfrontDistrict_TILE_001_001_BLOCK_500_000ROADS_Package static_meshes=6
2026-07-21T07:18:29.071036+00:00 DUMP 289/340 package=WaterfrontDistrict_TILE_001_001_BLOCK_500_250ROADS_Package
2026-07-21T07:18:29.343675+00:00 PARSED 289/340 package=WaterfrontDistrict_TILE_001_001_BLOCK_500_250ROADS_Package static_meshes=46
2026-07-21T07:18:29.344133+00:00 DUMP 290/340 package=WaterfrontDistrict_TILE_001_001_BLOCK_500_500ROADS_Package
2026-07-21T07:18:29.605117+00:00 PARSED 290/340 package=WaterfrontDistrict_TILE_001_001_BLOCK_500_500ROADS_Package static_meshes=28
2026-07-21T07:18:29.605519+00:00 DUMP 291/340 package=WaterfrontDistrict_TILE_001_001_BLOCK_750_250ROADS_Package
2026-07-21T07:18:29.856085+00:00 PARSED 291/340 package=WaterfrontDistrict_TILE_001_001_BLOCK_750_250ROADS_Package static_meshes=50
2026-07-21T07:18:29.856428+00:00 DUMP 292/340 package=WaterfrontDistrict_TILE_001_001_BLOCK_750_500ROADS_Package
2026-07-21T07:18:30.112204+00:00 PARSED 292/340 package=WaterfrontDistrict_TILE_001_001_BLOCK_750_500ROADS_Package static_meshes=56
2026-07-21T07:18:30.112587+00:00 DUMP 293/340 package=WaterfrontDistrict_TILE_001_001_BLOCK_750_750ROADS_Package
2026-07-21T07:18:30.365603+00:00 PARSED 293/340 package=WaterfrontDistrict_TILE_001_001_BLOCK_750_750ROADS_Package static_meshes=4
2026-07-21T07:18:30.366053+00:00 DUMP 294/340 package=WaterfrontDistrict_TILE_002_001_BLOCK_000_250ROADS_Package
2026-07-21T07:18:30.602478+00:00 PARSED 294/340 package=WaterfrontDistrict_TILE_002_001_BLOCK_000_250ROADS_Package static_meshes=12
2026-07-21T07:18:30.602942+00:00 DUMP 295/340 package=WaterfrontDistrict_TILE_002_001_BLOCK_000_500ROADS_Package
2026-07-21T07:18:30.854762+00:00 PARSED 295/340 package=WaterfrontDistrict_TILE_002_001_BLOCK_000_500ROADS_Package static_meshes=34
2026-07-21T07:18:30.855130+00:00 DUMP 296/340 package=WaterfrontDistrict_TILE_002_001_BLOCK_000_750ROADS_Package
2026-07-21T07:18:31.114539+00:00 PARSED 296/340 package=WaterfrontDistrict_TILE_002_001_BLOCK_000_750ROADS_Package static_meshes=6
2026-07-21T07:18:31.114940+00:00 DUMP 297/340 package=WaterfrontDistrict_TILE_000_000_BLOCK_250_750TERRAIN_Package
2026-07-21T07:18:31.350595+00:00 PARSED 297/340 package=WaterfrontDistrict_TILE_000_000_BLOCK_250_750TERRAIN_Package static_meshes=2
2026-07-21T07:18:31.350961+00:00 DUMP 298/340 package=WaterfrontDistrict_TILE_000_000_BLOCK_500_750TERRAIN_Package
2026-07-21T07:18:31.620558+00:00 PARSED 298/340 package=WaterfrontDistrict_TILE_000_000_BLOCK_500_750TERRAIN_Package static_meshes=40
2026-07-21T07:18:31.620958+00:00 DUMP 299/340 package=WaterfrontDistrict_TILE_000_000_BLOCK_750_750TERRAIN_Package
2026-07-21T07:18:31.869989+00:00 PARSED 299/340 package=WaterfrontDistrict_TILE_000_000_BLOCK_750_750TERRAIN_Package static_meshes=54
2026-07-21T07:18:31.870438+00:00 DUMP 300/340 package=WaterfrontDistrict_TILE_000_001_BLOCK_250_000TERRAIN_Package
2026-07-21T07:18:32.101908+00:00 PARSED 300/340 package=WaterfrontDistrict_TILE_000_001_BLOCK_250_000TERRAIN_Package static_meshes=2
2026-07-21T07:18:32.102317+00:00 DUMP 301/340 package=WaterfrontDistrict_TILE_000_001_BLOCK_250_250TERRAIN_Package
2026-07-21T07:18:32.354950+00:00 PARSED 301/340 package=WaterfrontDistrict_TILE_000_001_BLOCK_250_250TERRAIN_Package static_meshes=2
2026-07-21T07:18:32.355330+00:00 DUMP 302/340 package=WaterfrontDistrict_TILE_000_001_BLOCK_250_500TERRAIN_Package
2026-07-21T07:18:32.589281+00:00 PARSED 302/340 package=WaterfrontDistrict_TILE_000_001_BLOCK_250_500TERRAIN_Package static_meshes=2
2026-07-21T07:18:32.589702+00:00 DUMP 303/340 package=WaterfrontDistrict_TILE_000_001_BLOCK_250_750TERRAIN_Package
2026-07-21T07:18:32.844456+00:00 PARSED 303/340 package=WaterfrontDistrict_TILE_000_001_BLOCK_250_750TERRAIN_Package static_meshes=2
2026-07-21T07:18:32.844810+00:00 DUMP 304/340 package=WaterfrontDistrict_TILE_000_001_BLOCK_500_000TERRAIN_Package
2026-07-21T07:18:33.091261+00:00 PARSED 304/340 package=WaterfrontDistrict_TILE_000_001_BLOCK_500_000TERRAIN_Package static_meshes=42
2026-07-21T07:18:33.091638+00:00 DUMP 305/340 package=WaterfrontDistrict_TILE_000_001_BLOCK_500_250TERRAIN_Package
2026-07-21T07:18:33.329401+00:00 PARSED 305/340 package=WaterfrontDistrict_TILE_000_001_BLOCK_500_250TERRAIN_Package static_meshes=18
2026-07-21T07:18:33.329779+00:00 DUMP 306/340 package=WaterfrontDistrict_TILE_000_001_BLOCK_500_500TERRAIN_Package
2026-07-21T07:18:33.575031+00:00 PARSED 306/340 package=WaterfrontDistrict_TILE_000_001_BLOCK_500_500TERRAIN_Package static_meshes=2
2026-07-21T07:18:33.575448+00:00 DUMP 307/340 package=WaterfrontDistrict_TILE_000_001_BLOCK_500_750TERRAIN_Package
2026-07-21T07:18:33.809446+00:00 PARSED 307/340 package=WaterfrontDistrict_TILE_000_001_BLOCK_500_750TERRAIN_Package static_meshes=2
2026-07-21T07:18:33.809807+00:00 DUMP 308/340 package=WaterfrontDistrict_TILE_000_001_BLOCK_750_000TERRAIN_Package
2026-07-21T07:18:34.048235+00:00 PARSED 308/340 package=WaterfrontDistrict_TILE_000_001_BLOCK_750_000TERRAIN_Package static_meshes=36
2026-07-21T07:18:34.048660+00:00 DUMP 309/340 package=WaterfrontDistrict_TILE_000_001_BLOCK_750_250TERRAIN_Package
2026-07-21T07:18:34.304800+00:00 PARSED 309/340 package=WaterfrontDistrict_TILE_000_001_BLOCK_750_250TERRAIN_Package static_meshes=40
2026-07-21T07:18:34.305167+00:00 DUMP 310/340 package=WaterfrontDistrict_TILE_000_001_BLOCK_750_500TERRAIN_Package
2026-07-21T07:18:34.552011+00:00 PARSED 310/340 package=WaterfrontDistrict_TILE_000_001_BLOCK_750_500TERRAIN_Package static_meshes=28
2026-07-21T07:18:34.552655+00:00 DUMP 311/340 package=WaterfrontDistrict_TILE_000_001_BLOCK_750_750TERRAIN_Package
2026-07-21T07:18:34.784658+00:00 PARSED 311/340 package=WaterfrontDistrict_TILE_000_001_BLOCK_750_750TERRAIN_Package static_meshes=2
2026-07-21T07:18:34.785005+00:00 DUMP 312/340 package=WaterfrontDistrict_TILE_001_000_BLOCK_000_750TERRAIN_Package
2026-07-21T07:18:35.043464+00:00 PARSED 312/340 package=WaterfrontDistrict_TILE_001_000_BLOCK_000_750TERRAIN_Package static_meshes=50
2026-07-21T07:18:35.044081+00:00 DUMP 313/340 package=WaterfrontDistrict_TILE_001_000_BLOCK_250_750TERRAIN_Package
2026-07-21T07:18:35.302001+00:00 PARSED 313/340 package=WaterfrontDistrict_TILE_001_000_BLOCK_250_750TERRAIN_Package static_meshes=38
2026-07-21T07:18:35.302358+00:00 DUMP 314/340 package=WaterfrontDistrict_TILE_001_000_BLOCK_500_750TERRAIN_Package
2026-07-21T07:18:35.552168+00:00 PARSED 314/340 package=WaterfrontDistrict_TILE_001_000_BLOCK_500_750TERRAIN_Package static_meshes=28
2026-07-21T07:18:35.552830+00:00 DUMP 315/340 package=WaterfrontDistrict_TILE_001_000_BLOCK_750_750TERRAIN_Package
2026-07-21T07:18:35.804925+00:00 PARSED 315/340 package=WaterfrontDistrict_TILE_001_000_BLOCK_750_750TERRAIN_Package static_meshes=0
2026-07-21T07:18:35.805320+00:00 DUMP 316/340 package=WaterfrontDistrict_TILE_001_001_BLOCK_000_000TERRAIN_Package
2026-07-21T07:18:36.064547+00:00 PARSED 316/340 package=WaterfrontDistrict_TILE_001_001_BLOCK_000_000TERRAIN_Package static_meshes=34
2026-07-21T07:18:36.064971+00:00 DUMP 317/340 package=WaterfrontDistrict_TILE_001_001_BLOCK_000_250TERRAIN_Package
2026-07-21T07:18:36.336611+00:00 PARSED 317/340 package=WaterfrontDistrict_TILE_001_001_BLOCK_000_250TERRAIN_Package static_meshes=46
2026-07-21T07:18:36.337025+00:00 DUMP 318/340 package=WaterfrontDistrict_TILE_001_001_BLOCK_000_500TERRAIN_Package
2026-07-21T07:18:36.604622+00:00 PARSED 318/340 package=WaterfrontDistrict_TILE_001_001_BLOCK_000_500TERRAIN_Package static_meshes=30
2026-07-21T07:18:36.605096+00:00 DUMP 319/340 package=WaterfrontDistrict_TILE_001_001_BLOCK_000_750TERRAIN_Package
2026-07-21T07:18:36.827974+00:00 PARSED 319/340 package=WaterfrontDistrict_TILE_001_001_BLOCK_000_750TERRAIN_Package static_meshes=2
2026-07-21T07:18:36.828357+00:00 DUMP 320/340 package=WaterfrontDistrict_TILE_001_001_BLOCK_250_000TERRAIN_Package
2026-07-21T07:18:37.084143+00:00 PARSED 320/340 package=WaterfrontDistrict_TILE_001_001_BLOCK_250_000TERRAIN_Package static_meshes=40
2026-07-21T07:18:37.084501+00:00 DUMP 321/340 package=WaterfrontDistrict_TILE_001_001_BLOCK_250_250TERRAIN_Package
2026-07-21T07:18:37.350444+00:00 PARSED 321/340 package=WaterfrontDistrict_TILE_001_001_BLOCK_250_250TERRAIN_Package static_meshes=30
2026-07-21T07:18:37.350859+00:00 DUMP 322/340 package=WaterfrontDistrict_TILE_001_001_BLOCK_250_500TERRAIN_Package
2026-07-21T07:18:37.603586+00:00 PARSED 322/340 package=WaterfrontDistrict_TILE_001_001_BLOCK_250_500TERRAIN_Package static_meshes=46
2026-07-21T07:18:37.604026+00:00 DUMP 323/340 package=WaterfrontDistrict_TILE_001_001_BLOCK_250_750TERRAIN_Package
2026-07-21T07:18:37.859724+00:00 PARSED 323/340 package=WaterfrontDistrict_TILE_001_001_BLOCK_250_750TERRAIN_Package static_meshes=2
2026-07-21T07:18:37.860372+00:00 DUMP 324/340 package=WaterfrontDistrict_TILE_001_001_BLOCK_500_000TERRAIN_Package
2026-07-21T07:18:38.121629+00:00 PARSED 324/340 package=WaterfrontDistrict_TILE_001_001_BLOCK_500_000TERRAIN_Package static_meshes=48
2026-07-21T07:18:38.121992+00:00 DUMP 325/340 package=WaterfrontDistrict_TILE_001_001_BLOCK_500_250TERRAIN_Package
2026-07-21T07:18:38.381304+00:00 PARSED 325/340 package=WaterfrontDistrict_TILE_001_001_BLOCK_500_250TERRAIN_Package static_meshes=36
2026-07-21T07:18:38.381716+00:00 DUMP 326/340 package=WaterfrontDistrict_TILE_001_001_BLOCK_500_500TERRAIN_Package
2026-07-21T07:18:38.629128+00:00 PARSED 326/340 package=WaterfrontDistrict_TILE_001_001_BLOCK_500_500TERRAIN_Package static_meshes=30
2026-07-21T07:18:38.629539+00:00 DUMP 327/340 package=WaterfrontDistrict_TILE_001_001_BLOCK_500_750TERRAIN_Package
2026-07-21T07:18:38.864594+00:00 PARSED 327/340 package=WaterfrontDistrict_TILE_001_001_BLOCK_500_750TERRAIN_Package static_meshes=2
2026-07-21T07:18:38.864953+00:00 DUMP 328/340 package=WaterfrontDistrict_TILE_001_001_BLOCK_750_000TERRAIN_Package
2026-07-21T07:18:39.122269+00:00 PARSED 328/340 package=WaterfrontDistrict_TILE_001_001_BLOCK_750_000TERRAIN_Package static_meshes=10
2026-07-21T07:18:39.122624+00:00 DUMP 329/340 package=WaterfrontDistrict_TILE_001_001_BLOCK_750_250TERRAIN_Package
2026-07-21T07:18:39.381880+00:00 PARSED 329/340 package=WaterfrontDistrict_TILE_001_001_BLOCK_750_250TERRAIN_Package static_meshes=26
2026-07-21T07:18:39.382238+00:00 DUMP 330/340 package=WaterfrontDistrict_TILE_001_001_BLOCK_750_500TERRAIN_Package
2026-07-21T07:18:39.657829+00:00 PARSED 330/340 package=WaterfrontDistrict_TILE_001_001_BLOCK_750_500TERRAIN_Package static_meshes=32
2026-07-21T07:18:39.658392+00:00 DUMP 331/340 package=WaterfrontDistrict_TILE_001_001_BLOCK_750_750TERRAIN_Package
2026-07-21T07:18:39.928744+00:00 PARSED 331/340 package=WaterfrontDistrict_TILE_001_001_BLOCK_750_750TERRAIN_Package static_meshes=26
2026-07-21T07:18:39.929138+00:00 DUMP 332/340 package=WaterfrontDistrict_TILE_002_000_BLOCK_000_750TERRAIN_Package
2026-07-21T07:18:40.194620+00:00 PARSED 332/340 package=WaterfrontDistrict_TILE_002_000_BLOCK_000_750TERRAIN_Package static_meshes=0
2026-07-21T07:18:40.195146+00:00 DUMP 333/340 package=WaterfrontDistrict_TILE_002_000_BLOCK_250_750TERRAIN_Package
2026-07-21T07:18:40.479263+00:00 PARSED 333/340 package=WaterfrontDistrict_TILE_002_000_BLOCK_250_750TERRAIN_Package static_meshes=0
2026-07-21T07:18:40.479677+00:00 DUMP 334/340 package=WaterfrontDistrict_TILE_002_001_BLOCK_000_000TERRAIN_Package
2026-07-21T07:18:40.732270+00:00 PARSED 334/340 package=WaterfrontDistrict_TILE_002_001_BLOCK_000_000TERRAIN_Package static_meshes=0
2026-07-21T07:18:40.732770+00:00 DUMP 335/340 package=WaterfrontDistrict_TILE_002_001_BLOCK_000_250TERRAIN_Package
2026-07-21T07:18:41.001755+00:00 PARSED 335/340 package=WaterfrontDistrict_TILE_002_001_BLOCK_000_250TERRAIN_Package static_meshes=24
2026-07-21T07:18:41.002186+00:00 DUMP 336/340 package=WaterfrontDistrict_TILE_002_001_BLOCK_000_500TERRAIN_Package
2026-07-21T07:18:41.279487+00:00 PARSED 336/340 package=WaterfrontDistrict_TILE_002_001_BLOCK_000_500TERRAIN_Package static_meshes=26
2026-07-21T07:18:41.279864+00:00 DUMP 337/340 package=WaterfrontDistrict_TILE_002_001_BLOCK_000_750TERRAIN_Package
2026-07-21T07:18:41.526801+00:00 PARSED 337/340 package=WaterfrontDistrict_TILE_002_001_BLOCK_000_750TERRAIN_Package static_meshes=10
2026-07-21T07:18:41.527251+00:00 DUMP 338/340 package=WaterfrontDistrict_TILE_002_001_BLOCK_250_000TERRAIN_Package
2026-07-21T07:18:41.762666+00:00 PARSED 338/340 package=WaterfrontDistrict_TILE_002_001_BLOCK_250_000TERRAIN_Package static_meshes=0
2026-07-21T07:18:41.763080+00:00 DUMP 339/340 package=WaterfrontDistrict_TILE_002_001_BLOCK_250_250TERRAIN_Package
2026-07-21T07:18:42.027757+00:00 PARSED 339/340 package=WaterfrontDistrict_TILE_002_001_BLOCK_250_250TERRAIN_Package static_meshes=0
2026-07-21T07:18:42.028172+00:00 DUMP 340/340 package=WaterfrontDistrict_TILE_002_001_BLOCK_250_500TERRAIN_Package
2026-07-21T07:18:42.281413+00:00 PARSED 340/340 package=WaterfrontDistrict_TILE_002_001_BLOCK_250_500TERRAIN_Package static_meshes=0
2026-07-21T07:18:42.421173+00:00 COMPLETE meshes=1518 slots=5041 resolved=5037 resolved_percent=99.92 unresolved_packages=no material package load record for explicit material object output=D:\APBReloaded\work\mesh_material_bindings.json
2026-07-21T07:22:26.121196+00:00 RECONCILE meshes=1518 slots=5041 resolved=5041 resolved_percent=100.0 unresolved_packages= output=D:\APBReloaded\work\mesh_material_bindings.json
2026-07-27T21:02:10.836962+00:00 RECONCILE meshes=3044 slots=11443 resolved=11436 resolved_percent=99.94 unresolved_packages=mesh name appears in multiple source packages: FinancialDistrict_TILE_001_001_BLOCK_000_250ROADS_Package, WaterfrontDistrict_TILE_001_001_BLOCK_000_250ROADS_Package; mesh name appears in multiple source packages: FinancialDistrict_TILE_001_001_BLOCK_500_250ROADS_Package, WaterfrontDistrict_TILE_001_001_BLOCK_500_250ROADS_Package output=D:\APBReloaded\work\mesh_material_bindings.json
