START 2026-07-21T11:46:08.7550197+02:00  total=23  outRoot=D:\APBReloaded\Content\Extracted\SymbolsBulk
[1/23] Fonts_Basic.upk  files=36
[2/23] Fonts_CharacterSymbols.upk  files=6
[3/23] Fonts_Gothic.upk  files=26
[4/23] Fonts_Graffiti.upk  files=26
[5/23] Fonts_Korean.upk  files=28
[6/23] Fonts_Occult.upk  files=45
[7/23] Fonts_Script.upk  files=26
[8/23] Fonts_SnowCap.upk  files=36
[9/23] Fonts_Stencil.upk  files=36
[10/23] Fonts_Varsity.upk  files=36
[11/23] Primitives_AsianFontShapes.upk  files=25
[12/23] Primitives_FlamesTears.upk  files=24
[13/23] Primitives_Font.upk  files=295
[14/23] Primitives_Misc.upk  files=25
[15/23] Primitives_Nature.upk  files=23
[16/23] Primitives_Patterns.upk  files=23
[17/23] Primitives_Simple01.upk  files=25
[18/23] Primitives_Simple02.upk  files=25
[19/23] Primitives_SplatsCracks.upk  files=15
[20/23] Primitives_Tribals.upk  files=47
[21/23] Primitives_Vinyl.upk  files=518
[22/23] SymbolMaterials.upk  files=159
[23/23] SymbolTexturePages.upk  files=86
DONE 2026-07-21T11:46:14.7896693+02:00  ok=23  empty/fail=0  total=23
