START 2026-07-21T08:48:34.0043676+02:00  total=479  outRoot=D:\APBReloaded\Content\Extracted\MaterialDatabase
[1/479] Brick_OldPaint.upk  files=5
[2/479] CSD_Brick.upk  files=8
[3/479] Concrete_Horizontal.upk  files=5
[4/479] CSD_Ceiling.upk  files=5
[5/479] CSD_Cement.upk  files=12
[6/479] CSD_DoorsCell.upk  files=10
[7/479] CSD_DoorsCorridor.upk  files=16
[8/479] CSD_DoorsLift.upk  files=7
[9/479] CSD_DoorsUtility.upk  files=6
[10/479] WindowDormer.upk  files=11
[11/479] Carpet.upk  files=9
[12/479] Concrete_Floor.upk  files=8
[13/479] Concrete_SmallBlocks.upk  files=4
[14/479] CSD_FloorTiles.upk  files=9
[15/479] DiamondFloor.upk  files=4
[16/479] PoolTiles.upk  files=16
[17/479] CSD_Glass.upk  files=11
[18/479] Glass_Chips.upk  files=7
[19/479] OrnamentalMetalwork.upk  files=3
[20/479] Asylum_Banners.upk  files=52
[21/479] Asylum_BlackMarketGoods.upk  files=15
[22/479] Asylum_Decals.upk  files=30
[23/479] BedFrame.upk  files=7
[24/479] CSD_FilingCabinet.upk  files=6
[25/479] CSD_InteriorLights.upk  files=23
[26/479] CSD_Kitchen.upk  files=61
[27/479] CSD_KitchenObjects.upk  files=24
[28/479] CSD_KitchenShelvingUnits.upk  files=7
[29/479] CSD_Laptop.upk  files=8
[30/479] CSD_Litter.upk  files=14
[31/479] CSD_MapBoard.upk  files=6
[32/479] CSD_MiscObjects.upk  files=27
[33/479] CSD_OperatingRoomEquipment.upk  files=22
[34/479] CSD_OperatingTrolley.upk  files=6
[35/479] CSD_PictureFrames.upk  files=22
[36/479] CSD_Plaque.upk  files=7
[37/479] CSD_RoseWindow.upk  files=4
[38/479] CSD_Rubble.upk  files=14
[39/479] CSD_TestPackage.upk  files=24
[40/479] CSD_Vista.upk  files=19
[41/479] CSD_WoodenDesk.upk  files=6
[42/479] EquipmentCase.upk  files=14
[43/479] Mattress.upk  files=6
[44/479] PortableSpotlight.upk  files=7
[45/479] Pumpkin.upk  files=25
[46/479] Radiator.upk  files=6
[47/479] Sink.upk  files=6
[48/479] SpotlightStand.upk  files=6
[49/479] StuntRamps.upk  files=20
[50/479] TrestleTableChair.upk  files=8
[51/479] Wheelchair.upk  files=7
[52/479] Roof_TileOld.upk  files=4
[53/479] VictorianRidge.upk  files=3
[54/479] CSD_StaticMeshes.upk  files=237
[55/479] StoneWork.upk  files=17
[56/479] InteriorWall_Old.upk  files=39
[57/479] OldWalls.upk  files=27
[58/479] CSD_Water.upk  files=5
[59/479] CSD_Wood.upk  files=15
[60/479] Lathing.upk  files=3
[61/479] WindowTiles.upk  files=12
[62/479] ConstructionAids.upk  files=3
[63/479] ESD_DecalMeshes.upk  files=7
[64/479] FD_DecalMeshes.upk  files=31
[65/479] FD_SignDecals.upk  files=4
[66/479] GraffitiDecals.upk  files=63
[67/479] GraffitiStencil.upk  files=56
[68/479] LitterDecals.upk  files=18
[69/479] PavementDecals.upk  files=2
[70/479] PosterDecals.upk  files=54
[71/479] RoadDecals.upk  files=75
[72/479] ControlDesk.upk  files=13
[73/479] DJ_Equipment.upk  files=37
[74/479] EnforcerFoodLitter.upk  files=14
[75/479] EnforcerSigns.upk  files=33
[76/479] ESD_Plaque.upk  files=7
[77/479] ESD_StaticMesh_01.upk  files=26
[78/479] Garage.upk  files=6
[79/479] MonitorArray.upk  files=14
[80/479] OfficeChair.upk  files=6
[81/479] OfficeChairExec_01_LOD0.upk  files=11
[82/479] Satellite_Dish.upk  files=38
[83/479] WantedPosters.upk  files=14
[84/479] ESD_StaticMeshes.upk  files=31
[85/479] Dancefloor.upk  files=34
[86/479] RoundCeiling.upk  files=17
[87/479] SoundWall.upk  files=3
[88/479] TiledCeiling.upk  files=3
[89/479] ExitSigns.upk  files=13
[90/479] FinancialAirConditioningUnit.upk  files=5
[91/479] FinancialAmmoStore.upk  files=22
[92/479] FinancialAwnings.upk  files=25
[93/479] FinancialDoors_Office1.upk  files=5
[94/479] FinancialWindows_Office1.upk  files=5
[95/479] GarageDoorsSegmented.upk  files=28
[96/479] Shop_ShopFaked_Dining.upk  files=20
[97/479] Shop_ShopFaked_Retail.upk  files=32
[98/479] ShopFront_Financial.upk  files=52
[99/479] VehicleNoEntrySign.upk  files=8
[100/479] WindowGuards.upk  files=3
[101/479] AmmoVendingMachine.upk  files=8
[102/479] Bank_lights.upk  files=0
[103/479] Bank_Package.upk  files=91
[104/479] Bank_Vault_Doors.upk  files=13
[105/479] FD_Lanterns.upk  files=80
[106/479] FinancialAmmoCrates.upk  files=15
[107/479] FinancialCableReels.upk  files=31
[108/479] FinancialCafeFurniture.upk  files=45
[109/479] FinancialCandyCane.upk  files=7
[110/479] FinancialCivicGarbageCan.upk  files=33
[111/479] FinancialConcertHallDome.upk  files=15
[112/479] FinancialConcreteCrucible.upk  files=6
[113/479] FinancialConstructionPipes.upk  files=11
[114/479] FinancialCrashBarrier.upk  files=29
[115/479] FinancialCutoutDevilDog.upk  files=5
[116/479] FinancialEscalator.upk  files=15
[117/479] FinancialFlagPole_Tiptoe.upk  files=5
[118/479] FinancialFlagPole.upk  files=65
[119/479] FinancialFreewayScafolding.upk  files=8
[120/479] FinancialLightsModern.upk  files=30
[121/479] FinancialOfficeDesk.upk  files=8
[122/479] FinancialParkBench.upk  files=20
[123/479] FinancialPortaCabin.upk  files=31
[124/479] FinancialSnowPile.upk  files=6
[125/479] FinancialStreetlights.upk  files=9
[126/479] FinancialStreetSign.upk  files=79
[127/479] FinancialTicketBarriers.upk  files=14
[128/479] FinancialTicketMachine.upk  files=21
[129/479] FinancialTowerCrane.upk  files=14
[130/479] FinancialVendingStand.upk  files=29
[131/479] FinancialWaterfrontSafety.upk  files=16
[132/479] Planters.upk  files=7
[133/479] Prop_CSAHunter_Corpse01.upk  files=20
[134/479] VehicleTicketMachine.upk  files=12
[135/479] ApartmentSalesBanner.upk  files=28
[136/479] Banners.upk  files=18
[137/479] FD_NeonSigns.upk  files=297
[138/479] FD_Signage_Animated.upk  files=32
[139/479] FD_Signage.upk  files=107
[140/479] PoolSign.upk  files=9
[141/479] FD_Block02.upk  files=8
[142/479] FD_Block06.upk  files=5
[143/479] FD_Block07.upk  files=7
[144/479] FD_Block08.upk  files=94
[145/479] FD_Block12.upk  files=3
[146/479] FD_Block16.upk  files=15
[147/479] FD_Block21.upk  files=5
[148/479] FD_Block26.upk  files=26
[149/479] FD_Block43.upk  files=56
[150/479] FD_StaticMeshes.upk  files=31
[151/479] Financial_CarnacCasino.upk  files=72
[152/479] ReflectionMap-FD.upk  files=1
[153/479] Generic_Foliage.upk  files=155
[154/479] Balloon_Prop.upk  files=19
[155/479] Enforcer_Office_Clutter.upk  files=47
[156/479] PropsGenericMaterials.upk  files=13
[157/479] Generic_Banners.upk  files=15
[158/479] PrentissTigers_Banners.upk  files=13
[159/479] DisplayPoint_CharacterMesh.upk  files=31
[160/479] DisplayPoint_VehicleMesh.upk  files=12
[161/479] Generic_Plaque.upk  files=7
[162/479] Signage.upk  files=284
[163/479] VehicleSpawnIcon.upk  files=6
[164/479] AirDucts.upk  files=12
[165/479] Backdrop.upk  files=29
[166/479] Balcony.upk  files=13
[167/479] Brick_Old_GraffitiTemp.upk  files=25
[168/479] Brick_Large.upk  files=52
[169/479] CinderBlocks.upk  files=27
[170/479] Sandstone_Brick.upk  files=9
[171/479] Brick_Paint.upk  files=23
[172/479] Brick_New.upk  files=24
[173/479] Brick_Old.upk  files=47
[174/479] Brick_RLD.upk  files=47
[175/479] ModernBricks.upk  files=18
[176/479] Cables.upk  files=4
[177/479] Canvas.upk  files=3
[178/479] CeilingTiles.upk  files=3
[179/479] Cement.upk  files=19
[180/479] Concrete_Grooved.upk  files=27
[181/479] Concrete_RLD.upk  files=8
[182/479] Concrete.upk  files=104
[183/479] Cornice.upk  files=15
[184/479] Emissive.upk  files=0
[185/479] Faux_Wall.upk  files=12
[186/479] BarbWire.upk  files=24
[187/479] Fence.upk  files=53
[188/479] FenceAndPost.upk  files=4
[189/479] FenceAndPostRusty.upk  files=4
[190/479] MetalFence.upk  files=9
[191/479] Foliage_New.upk  files=75
[192/479] Glass_Dirty.upk  files=20
[193/479] Glass.upk  files=42
[194/479] GlassTemp.upk  files=9
[195/479] Leather.upk  files=6
[196/479] Gantry.upk  files=12
[197/479] Girder.upk  files=11
[198/479] Metal_RLD.upk  files=3
[199/479] Metal_Wall_Modern.upk  files=7
[200/479] Metal_Wall.upk  files=8
[201/479] Metal.upk  files=137
[202/479] Metals.upk  files=16
[203/479] WarningStripe.upk  files=13
[204/479] MyWorld.upk  files=3
[205/479] Neon.upk  files=55
[206/479] SpawnTunnel.upk  files=2
[207/479] StockTicker.upk  files=7
[208/479] FloorTiles.upk  files=51
[209/479] PavingSlabs.upk  files=10
[210/479] Pipes.upk  files=4
[211/479] Plastic.upk  files=55
[212/479] RainScreen.upk  files=115
[213/479] Roof_Corrugated.upk  files=12
[214/479] Roof_CorrugatedMetal.upk  files=140
[215/479] Roof_Tile.upk  files=21
[216/479] Rubber.upk  files=11
[217/479] VideoScreens.upk  files=4
[218/479] SkyscraperWindows.upk  files=181
[219/479] Stucco_Banded.upk  files=19
[220/479] Stucco.upk  files=134
[221/479] Asphalt.upk  files=6
[222/479] Grass.upk  files=49
[223/479] Stones.upk  files=10
[224/479] Terrain_RLD.upk  files=8
[225/479] WallTiles.upk  files=126
[226/479] Plywood.upk  files=35
[227/479] Wood_Horizontal.upk  files=11
[228/479] Wood-RLD.upk  files=16
[229/479] Woods.upk  files=112
[230/479] Culvert.upk  files=59
[231/479] GraffitiMaps.upk  files=17
[232/479] Shared_Maps.upk  files=76
[233/479] Alarm.upk  files=35
[234/479] BankMachine.upk  files=22
[235/479] Clocks.upk  files=11
[236/479] CommercialWindows.upk  files=49
[237/479] Door_BackDoor.upk  files=20
[238/479] Door_OldStone.upk  files=16
[239/479] Door_Rear.upk  files=4
[240/479] Doors_Residential1.upk  files=23
[241/479] Doors_Residential2.upk  files=16
[242/479] DoorsBoarded.upk  files=17
[243/479] FireEscape_Rusty.upk  files=4
[244/479] GarageDoorsCanopy.upk  files=16
[245/479] GarageDoorsSliding.upk  files=6
[246/479] LoadingBayDoor.upk  files=7
[247/479] MidtownBoardedDoorsWindows.upk  files=18
[248/479] MidtownDistrict_Lights.upk  files=15
[249/479] RamRaidShopFront.upk  files=34
[250/479] RamRaidShopInteriors.upk  files=101
[251/479] RollUpDoor.upk  files=4
[252/479] Shop_Awning.upk  files=15
[253/479] Shop_Sign_Alpha_Carpark.upk  files=17
[254/479] Shop_Sign_Alpha.upk  files=16
[255/479] Shop_Sign_Hori.upk  files=12
[256/479] Shop_Sign_Lamp.upk  files=14
[257/479] Shop_Sign_Square.upk  files=15
[258/479] Shop_Sign_Vert.upk  files=15
[259/479] Shop_WindowFronts.upk  files=5
[260/479] ShopFront_Doors.upk  files=24
[261/479] ShopFront_Midtown.upk  files=56
[262/479] ShopFront_Textures.upk  files=32
[263/479] ShopSigns_Brackets_Textures.upk  files=5
[264/479] ShopSigns_Cafe.upk  files=21
[265/479] ShopSigns_Diner.upk  files=22
[266/479] ShopSigns_Restaurant.upk  files=24
[267/479] ShopSigns_Shop.upk  files=47
[268/479] ShopSigns_ShopLight.upk  files=26
[269/479] ShopSigns_ShortRectangle.upk  files=14
[270/479] ShopSigns_Small.upk  files=21
[271/479] ShopSigns_Square.upk  files=48
[272/479] Signage_Billboard.upk  files=4
[273/479] TexturePageLOD2_TPageA.upk  files=12
[274/479] TexturePageLOD2_TPageB.upk  files=13
[275/479] Window_Industrial.upk  files=13
[276/479] Window_OldStone.upk  files=12
[277/479] Windows_Residential1.upk  files=11
[278/479] Windows_Residential2.upk  files=11
[279/479] WindowsBoarded.upk  files=4
[280/479] Gutter.upk  files=5
[281/479] Aerials.upk  files=20
[282/479] ArsonDoor.upk  files=17
[283/479] BarrelsAndBoxes.upk  files=53
[284/479] BasketBallHoop.upk  files=15
[285/479] BeerBottle.upk  files=16
[286/479] Billboard.upk  files=87
[287/479] Bollards.upk  files=42
[288/479] Boxcar.upk  files=11
[289/479] BoxHedge.upk  files=21
[290/479] BreakableDoors.upk  files=33
[291/479] BusShelter.upk  files=35
[292/479] CardboardBox.upk  files=17
[293/479] CargoContainer.upk  files=34
[294/479] ChainLinkFence.upk  files=50
[295/479] CivicGarbageCan.upk  files=18
[296/479] ColourBalancingSpheres.upk  files=8
[297/479] DestructibleGlass.upk  files=70
[298/479] Dumpster.upk  files=26
[299/479] ElectricalBox.upk  files=19
[300/479] Fence_RustyRailings.upk  files=16
[301/479] FencePost.upk  files=6
[302/479] FenceWood_1.upk  files=12
[303/479] FireHydrant.upk  files=13
[304/479] FireObjects.upk  files=24
[305/479] FoliageBulky.upk  files=17
[306/479] FoliageBushy.upk  files=11
[307/479] FoliageGrassy.upk  files=11
[308/479] FruitStall.upk  files=12
[309/479] GarbageBag.upk  files=13
[310/479] GarbageCan.upk  files=51
[311/479] GasCylinders.upk  files=19
[312/479] GasStationPump.upk  files=8
[313/479] GasStationSign.upk  files=27
[314/479] IndustrialAirConditioningUnit.upk  files=12
[315/479] IndustrialGenerator.upk  files=14
[316/479] IndustrialMachinery.upk  files=9
[317/479] IndustrialWheeledUnits.upk  files=27
[318/479] InformationBooth.upk  files=14
[319/479] Ladder.upk  files=12
[320/479] LeaningMan.upk  files=2
[321/479] Mailbox.upk  files=16
[322/479] NewspaperBox.upk  files=18
[323/479] NewsRacksLadder.upk  files=16
[324/479] NewsRacksWire.upk  files=12
[325/479] NewsStand.upk  files=26
[326/479] ObserveMan.upk  files=2
[327/479] Pallets.upk  files=35
[328/479] ParkBench.upk  files=19
[329/479] ParkingBarrier.upk  files=37
[330/479] ParkingMeter.upk  files=27
[331/479] ParkLight.upk  files=15
[332/479] PayPhone.upk  files=17
[333/479] PublicAddress.upk  files=19
[334/479] Ramps.upk  files=8
[335/479] RoadMarkers.upk  files=28
[336/479] RoadSigns.upk  files=91
[337/479] RoofVents.upk  files=17
[338/479] SatelliteDishes.upk  files=44
[339/479] SecurityCamera.upk  files=20
[340/479] Skips.upk  files=8
[341/479] Skylights.upk  files=50
[342/479] StopLights.upk  files=19
[343/479] StopSign.upk  files=9
[344/479] StreetBillboard.upk  files=33
[345/479] StreetLight.upk  files=9
[346/479] StreetSign.upk  files=79
[347/479] TaxiRank.upk  files=11
[348/479] TelephoneCables.upk  files=16
[349/479] TelephonePole.upk  files=11
[350/479] Tree.upk  files=9
[351/479] TreeLarge.upk  files=21
[352/479] TreeSmall.upk  files=20
[353/479] VendingMachine.upk  files=55
[354/479] Walkways.upk  files=39
[355/479] Warehouse_CrateAndBoxes.upk  files=21
[356/479] WarehouseDoor.upk  files=20
[357/479] WashingLine.upk  files=9
[358/479] WoodenCrates.upk  files=23
[359/479] RoadDecalsLocal.upk  files=57
[360/479] Road_Lane_Shaders.upk  files=50
[361/479] Roads.upk  files=29
[362/479] RoadShader.upk  files=18
[363/479] Brick_Rough.upk  files=9
[364/479] Brick_Test.upk  files=10
[365/479] Concrete_Block.upk  files=11
[366/479] Concrete_Generic.upk  files=14
[367/479] Fabric.upk  files=15
[368/479] Fieldstone_Brick.upk  files=9
[369/479] Stucco_Broken.upk  files=16
[370/479] Temp_Ground.upk  files=5
[371/479] Terrain_Asphalt.upk  files=7
[372/479] Terrain_Concrete.upk  files=20
[373/479] 2mScaffold.upk  files=6
[374/479] ConcreteBarrier.upk  files=9
[375/479] FreestandingFence.upk  files=16
[376/479] InsulationRoll.upk  files=7
[377/479] MetalFrames.upk  files=7
[378/479] PlasterBoardPack.upk  files=7
[379/479] RoofSupport.upk  files=7
[380/479] Tarpaulins.upk  files=15
[381/479] Wires.upk  files=19
[382/479] WoodFrames.upk  files=19
[383/479] FenceProfiles.upk  files=12
[384/479] Motorway.upk  files=6
[385/479] RoadSurfaces_CSD.upk  files=68
[386/479] RoadSurfaces_KerbStone.upk  files=12
[387/479] RoadSurfaces_Lanes.upk  files=124
[388/479] RoadSurfaces_Pathway.upk  files=32
[389/479] Transparent.upk  files=0
[390/479] Fireboom_ClassicMuscle_Crim.upk  files=32
[391/479] Fireboom_ClassicMuscle_Enf.upk  files=32
[392/479] Prop_Crown_Female.upk  files=46
[393/479] Prop_Crown_Male.upk  files=0
[394/479] Prop_Mannequin_F_FU_01_Plain.upk  files=17
[395/479] Prop_Mannequin_F_FU_01.upk  files=17
[396/479] Prop_Mannequin_F_JA_Lily.upk  files=17
[397/479] Prop_Mannequin_F_JA_Love.upk  files=17
[398/479] Prop_Mannequin_F_JA_Onishema.upk  files=17
[399/479] Prop_Mannequin_F_JA_Reisama.upk  files=17
[400/479] Prop_Mannequin_F_NewCross_01_Plain.upk  files=17
[401/479] Prop_Mannequin_F_NewCross_01.upk  files=17
[402/479] Prop_Mannequin_F_Ophelia_01_Plain.upk  files=17
[403/479] Prop_Mannequin_F_Ophelia_01.upk  files=17
[404/479] Prop_Mannequin_F_Villainy_01_Plain.upk  files=17
[405/479] Prop_Mannequin_F_Villainy_01.upk  files=17
[406/479] Prop_Mannequin_M_FU_01_Plain.upk  files=9
[407/479] Prop_Mannequin_M_FU_01.upk  files=9
[408/479] Prop_Mannequin_M_JA_JeremyStyle.upk  files=17
[409/479] Prop_Mannequin_M_JA_Rapid99.upk  files=7
[410/479] Prop_Mannequin_M_NewCross_01_Plain.upk  files=9
[411/479] Prop_Mannequin_M_NewCross_01.upk  files=9
[412/479] Prop_Mannequin_M_Ophelia_01_Plain.upk  files=9
[413/479] Prop_Mannequin_M_Ophelia_01.upk  files=9
[414/479] Prop_Mannequin_M_Villainy_01_Plain.upk  files=17
[415/479] Prop_Mannequin_M_Villainy_01.upk  files=17
[416/479] RTW_Banners.upk  files=8
[417/479] RWorld_Bar_Props.upk  files=109
[418/479] RWorld_Blimp.upk  files=17
[419/479] RWorld_DJMixingDecks.upk  files=13
[420/479] RWorld_Doors.upk  files=26
[421/479] RWorld_DrinksFridge.upk  files=9
[422/479] RWorld_ExteriorStatuePoint.upk  files=7
[423/479] RWorld_Jukebox.upk  files=7
[424/479] RWorld_NightclubTables.upk  files=25
[425/479] RWorld_ParkLight.upk  files=10
[426/479] RWorld_SearchLight.upk  files=24
[427/479] RWorld_ShowRoom_Props.upk  files=145
[428/479] RWorld_SkateRamps.upk  files=8
[429/479] RWorld_Social_Interactive_Pods.upk  files=55
[430/479] RWorld_Speakers.upk  files=14
[431/479] RWorld_StreetBillboard.upk  files=29
[432/479] RWorld_WallPanels.upk  files=27
[433/479] breakwater_galleria.upk  files=8
[434/479] JokerStore.upk  files=80
[435/479] RWorldTemp.upk  files=28
[436/479] Baylan_01.upk  files=3
[437/479] NEON_Cocktail.upk  files=3
[438/479] Praetorian_Signage.upk  files=20
[439/479] FactionLogoAPB.upk  files=8
[440/479] LOGO_MyWorld.upk  files=5
[441/479] PlayerMailbox.upk  files=26
[442/479] Social_Interactive_Pods.upk  files=56
[443/479] Social_Vista.upk  files=56
[444/479] SocialMailbox.upk  files=6
[445/479] Rock.upk  files=13
[446/479] Terrain.upk  files=83
[447/479] Water.upk  files=107
[448/479] FenceUVTest.upk  files=6
[449/479] John_TemplateFiles.upk  files=165
[450/479] TestMapBlockNames.upk  files=18
[451/479] UIDistrict_BeachMAT.upk  files=18
[452/479] CrimeScene.upk  files=19
[453/479] UIDistrict_NightClubMAT.upk  files=33
[454/479] Ferry.upk  files=25
[455/479] FerryFloor.upk  files=5
[456/479] FerryHull.upk  files=17
[457/479] BridgeCars.upk  files=6
[458/479] Fender.upk  files=5
[459/479] WarehouseDoors.upk  files=6
[460/479] Waterfront_Shelving.upk  files=12
[461/479] Waterfront_Skyline.upk  files=22
[462/479] Waterfront_TallShip.upk  files=12
[463/479] WaterfrontCargoCrane.upk  files=11
[464/479] WaterfrontCargoShips.upk  files=17
[465/479] WaterfrontCleats.upk  files=12
[466/479] WaterfrontLighthouseAndBridge.upk  files=38
[467/479] WaterfrontLocomotive.upk  files=10
[468/479] WaterfrontPalmTree.upk  files=13
[469/479] WaterfrontPowerYacht.upk  files=19
[470/479] WaterfrontSailingYacht.upk  files=10
[471/479] WaterfrontSleepers.upk  files=11
[472/479] WaterfrontTankCar.upk  files=7
[473/479] WaterfrontWaterTower.upk  files=7
[474/479] WD_Banners.upk  files=9
[475/479] HarbourWall.upk  files=6
[476/479] ReflectionMap-WD.upk  files=1
[477/479] Waterfront_Marina.upk  files=87
[478/479] GolemobileMaterials.upk  files=38
[479/479] GolemobileMaterialsSimplified.upk  files=24
DONE 2026-07-21T08:49:53.1816798+02:00  ok=475  empty/fail=4  total=479
