START 2026-07-21T11:45:24.3218919+02:00  total=96  outRoot=D:\APBReloaded\Content\Extracted\WeaponsBase
[1/96] SMG_PDW-S_Design.upk  files=0
[2/96] WeaponCurves.upk  files=0
[3/96] WeaponCurves_AssaultRifle.upk  files=0
[4/96] WeaponCurves_HighTTK.upk  files=0
[5/96] Weapon_Secondary_Mountie_Design.upk  files=0
[6/96] Weapon_Armas_AgroSniper.upk  files=66
[7/96] Weapon_Armas_LightMachineGun_762.upk  files=41
[8/96] Weapon_Armas_Magnum.upk  files=17
[9/96] Weapon_Armas_Shotgun.upk  files=385
[10/96] Weapon_Armas_SniperRifle_50Cal.upk  files=377
[11/96] Weapon_Armas_SubMachineGun_Pitbull.upk  files=11
[12/96] Weapon_AssaultRifle.upk  files=460
[13/96] Weapon_AssaultRifle_ATac.upk  files=538
[14/96] Weapon_AssaultRifle_Apocalypse.upk  files=392
[15/96] Weapon_AssaultRifle_COBR-A.upk  files=375
[16/96] Weapon_AssaultRifle_CR5.upk  files=393
[17/96] Weapon_AssaultRifle_FAR.upk  files=371
[18/96] Weapon_AssaultRifle_Fanatic.upk  files=379
[19/96] Weapon_AssaultRifle_NTEC-7.upk  files=376
[20/96] Weapon_AssaultRifle_Raptor.upk  files=378
[21/96] Weapon_AssaultRifle_VAS.upk  files=8
[22/96] Weapon_AutomaticShotgun.upk  files=517
[23/96] Weapon_BaseAssaultRifle.upk  files=382
[24/96] Weapon_BurstFirePistol.upk  files=388
[25/96] Weapon_BurstFireRifle.upk  files=383
[26/96] Weapon_CAP40.upk  files=374
[27/96] Weapon_Carbine.upk  files=353
[28/96] Weapon_ColbyClassic.upk  files=381
[29/96] Weapon_Colby_Commander.upk  files=388
[30/96] Weapon_ConcussionGrenade.upk  files=8
[31/96] Weapon_CrowdControlGun.upk  files=393
[32/96] Weapon_DartGun.upk  files=370
[33/96] Weapon_EMPGrenade.upk  files=11
[34/96] Weapon_EightBall.upk  files=10
[35/96] Weapon_Explosive_AAEPD.upk  files=37
[36/96] Weapon_Explosive_AAPED.upk  files=37
[37/96] Weapon_Explosive_EOL.upk  files=36
[38/96] Weapon_FlareGun.upk  files=396
[39/96] Weapon_FragmentationGrenade.upk  files=8
[40/96] Weapon_GrenadeLauncher.upk  files=398
[41/96] Weapon_HouseBrick.upk  files=11
[42/96] Weapon_Katana.upk  files=9
[43/96] Weapon_LMG_AMG.upk  files=388
[44/96] Weapon_LMG_CAS.upk  files=375
[45/96] Weapon_LMG_Swarm.upk  files=377
[46/96] Weapon_LightMachineGun_556.upk  files=381
[47/96] Weapon_LightMachineGun_762.upk  files=387
[48/96] Weapon_LightMachineGun_SSW.upk  files=380
[49/96] Weapon_MachinePistol.upk  files=387
[50/96] Weapon_MachinePistol_PDW.upk  files=377
[51/96] Weapon_Magnum.upk  files=506
[52/96] Weapon_Magnum_Revolver.upk  files=383
[53/96] Weapon_Material_Master.upk  files=259
[54/96] Weapon_MobilePhone.upk  files=7
[55/96] Weapon_ObeyaBattleRifle.upk  files=380
[56/96] Weapon_PDW57.upk  files=394
[57/96] Weapon_PercussionGrenade.upk  files=8
[58/96] Weapon_Retail_Magnum.upk  files=17
[59/96] Weapon_Revolver_Apocalypse.upk  files=233
[60/96] Weapon_Revolver_Showstopper.upk  files=393
[61/96] Weapon_Rifle.upk  files=376
[62/96] Weapon_Rifle_FFA.upk  files=381
[63/96] Weapon_Rifle_PBR.upk  files=378
[64/96] Weapon_Rifle_SACR.upk  files=387
[65/96] Weapon_RiotGun.upk  files=380
[66/96] Weapon_RocketLauncher.upk  files=383
[67/96] Weapon_SMG_ACES.upk  files=406
[68/96] Weapon_SMG_C9S.upk  files=379
[69/96] Weapon_SMG_CBMP.upk  files=383
[70/96] Weapon_SMG_Norsemen.upk  files=388
[71/96] Weapon_SMG_Vector.upk  files=28
[72/96] Weapon_SawnOffShotgun.upk  files=9
[73/96] Weapon_Secondary_Fr0g.upk  files=389
[74/96] Weapon_Secondary_Mountie.upk  files=395
[75/96] Weapon_Secondary_OCSP.upk  files=100
[76/96] Weapon_Secondary_OUL.upk  files=389
[77/96] Weapon_SemiAutoPistol.upk  files=386
[78/96] Weapon_Shotgun.upk  files=383
[79/96] Weapon_Shotgun_DOW.upk  files=379
[80/96] Weapon_Shotgun_Shredder.upk  files=377
[81/96] Weapon_Shotgun_Tas20.upk  files=398
[82/96] Weapon_SniperRifle_50Cal.upk  files=371
[83/96] Weapon_SniperRifle_HVR762.upk  files=421
[84/96] Weapon_SniperRifle_PSR.upk  files=379
[85/96] Weapon_SniperRifle_Pathfinder.upk  files=372
[86/96] Weapon_SniperRifle_SBSR.upk  files=383
[87/96] Weapon_SniperRifle_Vesper.upk  files=398
[88/96] Weapon_SnowBall.upk  files=15
[89/96] Weapon_SnubNoseRevolver.upk  files=369
[90/96] Weapon_StarterSMG.upk  files=385
[91/96] Weapon_StingerGrenade.upk  files=8
[92/96] Weapon_StunGun.upk  files=370
[93/96] Weapon_SubMachineGun.upk  files=397
[94/96] Weapon_TacticalAssaultRifle.upk  files=383
[95/96] Weapon_TommyGun.upk  files=388
[96/96] Weapon_Vas.upk  files=394
DONE 2026-07-21T11:46:08.7298058+02:00  ok=91  empty/fail=5  total=96
