START 2026-07-21T11:59:30.9574788+02:00  MORPH-SAFE  total=30  outRoot=D:\APBReloaded\Content\Extracted\MorphSafeClothing
[1/30] F_Footwear_Shoes_Functional_HighHeels  files=0  targets=7
[2/30] F_Footwear_Trainers_Urban_Plain  files=0  targets=9
[3/30] M_Facewear_Gasmask_SnoutFilter_Eyes  files=8  targets=7
[4/30] M_Facewear_Goggles_Functional_Flying  files=16  targets=15
[5/30] M_Facewear_Mask_Clown  files=9  targets=8
[6/30] M_Facewear_Mask_Criminal_Bandit  files=5  targets=4
[7/30] M_Facewear_Mask_Criminal_Outlaw  files=8  targets=7
[8/30] M_Facewear_Mask_Neoprene  files=6  targets=5
[9/30] M_Facewear_Piercings_Skate_Forehead  files=6  targets=5
[10/30] M_Footwear_BootsAnkle_Enforcement_LaRocha  files=10  targets=9
[11/30] M_Footwear_BootsAnkle_Enforcement_Leather  files=10  targets=9
[12/30] M_Footwear_BootsAnkle_Enforcement_Stealth  files=10  targets=9
[13/30] M_Footwear_BootsAnkle_Enforcement_Walking  files=11  targets=10
[14/30] M_Footwear_Shoes_Functional_Brogue  files=10  targets=9
[15/30] M_Footwear_Shoes_Skate_Basic  files=10  targets=9
[16/30] M_Footwear_Trainers_Urban_HipHopYoDawg  files=11  targets=10
[17/30] M_Hair_Moustache_Functional_Fumanchu  files=9  targets=8
[18/30] M_Hairwear_Beanie_Knit  files=8  targets=7
[19/30] M_Hairwear_Hat_Enforcement_Cop  files=10  targets=9
[20/30] M_Hairwear_Hat_Enforcement_MilitaryCap  files=10  targets=9
[21/30] M_Hairwear_Hat_Functional_BaseballCap  files=11  targets=10
[22/30] M_Hairwear_Hat_Functional_Fedora  files=7  targets=6
[23/30] M_Headwear_Mask_Nixon  files=10  targets=9
[24/30] M_Headwear_Mask_Pumpkin  files=8  targets=7
[25/30] M_Neckwear_Scarf_Functional_ShemaghHeadscarf  files=8  targets=7
[26/30] M_Neckwear_Scarf_Functional_ShemaghMask  files=10  targets=9
[27/30] M_Test_Balaclava_Halfface  files=7  targets=6
[28/30] M_Test_LargeMask  files=5  targets=4
[29/30] M_Test_ShirtCollarUp  files=5  targets=4
[30/30] M_Top_Longsleeve_Parka_HoodUp  files=15  targets=14
DONE 2026-07-21T11:59:38.4336027+02:00  ok=28  empty=2  total=30
