Using bundled DotNet SDK version: 10.0 win-x64
Running UnrealBuildTool: dotnet "..\..\Engine\Binaries\DotNET\UnrealBuildTool\UnrealBuildTool.dll" -Mode=ValidatePlatforms -OutputSDKs  -AllPlatforms  -project="D:/APBReloaded/APBReloaded.uproject" -log="D:/APBReloaded/Saved/Logs/AutoSDKInfo.txt" -verbose -timestamps
Log file: D:\APBReloaded\Saved\Logs\AutoSDKInfo.txt
##PlatformValidate: Win64 VALID 10.0.22621.0
##PlatformValidate: Mac VALID 26.1.1
##PlatformValidate: IOS VALID 26.1.1
##PlatformValidate: Android INVALID r27c
##PlatformValidate: Linux INVALID v26_clang-20.1.8-rockylinux8
##PlatformValidate: LinuxArm64 INVALID <UNKNOWN>
##PlatformValidate: TVOS VALID 26.1.1
##PlatformValidate: VisionOS INVALID <UNKNOWN>
Unable to find required SDK version 'MainVersion' for platform LinuxArm64. Check your SDK.json files
Unable to find required SDK version 'MainVersion' for platform VisionOS. Check your SDK.json files
Trace written to file C:\Users\Support\AppData\Local\UnrealBuildTool\Trace.uba with size 314b
Using bundled DotNet SDK version: 10.0 win-x64
Running UnrealBuildTool: dotnet "..\..\Engine\Binaries\DotNET\UnrealBuildTool\UnrealBuildTool.dll" -Mode=ValidatePlatforms -OutputSDKs  -AllPlatforms  -project="D:/APBReloaded/APBReloaded.uproject" -log="D:/APBReloaded/Saved/Logs/AutoSDKInfo.txt" -verbose -timestamps
Build.bat is already running, waiting for existing script to terminate...
Log file: D:\APBReloaded\Saved\Logs\AutoSDKInfo.txt
##PlatformValidate: Win64 VALID 10.0.22621.0
##PlatformValidate: Mac VALID 26.1.1
##PlatformValidate: IOS VALID 26.1.1
##PlatformValidate: Android INVALID r27c
##PlatformValidate: Linux INVALID v26_clang-20.1.8-rockylinux8
##PlatformValidate: LinuxArm64 INVALID <UNKNOWN>
##PlatformValidate: TVOS VALID 26.1.1
##PlatformValidate: VisionOS INVALID <UNKNOWN>
Unable to find required SDK version 'MainVersion' for platform LinuxArm64. Check your SDK.json files
Unable to find required SDK version 'MainVersion' for platform VisionOS. Check your SDK.json files
Trace written to file C:\Users\Support\AppData\Local\UnrealBuildTool\Trace.uba with size 308b
Using bundled DotNet SDK version: 10.0 win-x64
Running UnrealBuildTool: dotnet "..\..\Engine\Binaries\DotNET\UnrealBuildTool\UnrealBuildTool.dll" -Mode=ValidatePlatforms -OutputSDKs  -AllPlatforms  -project="D:/APBReloaded/APBReloaded.uproject" -log="D:/APBReloaded/Saved/Logs/AutoSDKInfo.txt" -verbose -timestamps
Log file: D:\APBReloaded\Saved\Logs\AutoSDKInfo.txt
##PlatformValidate: Win64 VALID 10.0.22621.0
##PlatformValidate: Mac VALID 26.1.1
##PlatformValidate: IOS VALID 26.1.1
##PlatformValidate: Android INVALID r27c
##PlatformValidate: Linux INVALID v26_clang-20.1.8-rockylinux8
##PlatformValidate: LinuxArm64 INVALID <UNKNOWN>
##PlatformValidate: TVOS VALID 26.1.1
##PlatformValidate: VisionOS INVALID <UNKNOWN>
Unable to find required SDK version 'MainVersion' for platform LinuxArm64. Check your SDK.json files
Unable to find required SDK version 'MainVersion' for platform VisionOS. Check your SDK.json files
Trace written to file C:\Users\Support\AppData\Local\UnrealBuildTool\Trace.uba with size 311b
Using bundled DotNet SDK version: 10.0 win-x64
Running UnrealBuildTool: dotnet "..\..\Engine\Binaries\DotNET\UnrealBuildTool\UnrealBuildTool.dll" -Mode=ValidatePlatforms -OutputSDKs  -AllPlatforms  -project="D:/APBReloaded/APBReloaded.uproject" -log="D:/APBReloaded/Saved/Logs/AutoSDKInfo.txt" -verbose -timestamps
Log file: D:\APBReloaded\Saved\Logs\AutoSDKInfo.txt
##PlatformValidate: Win64 VALID 10.0.22621.0
##PlatformValidate: Mac VALID 26.1.1
##PlatformValidate: IOS VALID 26.1.1
##PlatformValidate: Android INVALID r27c
##PlatformValidate: Linux INVALID v26_clang-20.1.8-rockylinux8
##PlatformValidate: LinuxArm64 INVALID <UNKNOWN>
##PlatformValidate: TVOS VALID 26.1.1
##PlatformValidate: VisionOS INVALID <UNKNOWN>
Unable to find required SDK version 'MainVersion' for platform LinuxArm64. Check your SDK.json files
Unable to find required SDK version 'MainVersion' for platform VisionOS. Check your SDK.json files
Trace written to file C:\Users\Support\AppData\Local\UnrealBuildTool\Trace.uba with size 313b
Using bundled DotNet SDK version: 10.0 win-x64
Running UnrealBuildTool: dotnet "..\..\Engine\Binaries\DotNET\UnrealBuildTool\UnrealBuildTool.dll" -Mode=ValidatePlatforms -OutputSDKs  -AllPlatforms  -project="D:/APBReloaded/APBReloaded.uproject" -log="D:/APBReloaded/Saved/Logs/AutoSDKInfo.txt" -verbose -timestamps
Log file: D:\APBReloaded\Saved\Logs\AutoSDKInfo.txt
##PlatformValidate: Win64 VALID 10.0.22621.0
##PlatformValidate: Mac VALID 26.1.1
##PlatformValidate: IOS VALID 26.1.1
##PlatformValidate: Android INVALID r27c
##PlatformValidate: Linux INVALID v26_clang-20.1.8-rockylinux8
##PlatformValidate: LinuxArm64 INVALID <UNKNOWN>
##PlatformValidate: TVOS VALID 26.1.1
##PlatformValidate: VisionOS INVALID <UNKNOWN>
Unable to find required SDK version 'MainVersion' for platform LinuxArm64. Check your SDK.json files
Unable to find required SDK version 'MainVersion' for platform VisionOS. Check your SDK.json files
Trace written to file C:\Users\Support\AppData\Local\UnrealBuildTool\Trace.uba with size 312b
DIRECTORY_HAPPY_1_OK instanceCount=2 population=1 expectedPopulation=1
DIRECTORY_HAPPY_2_OK lowerLoadPort=17812 ticketPort=17812
DIRECTORY_FAILURE_EVICT_OK stale=1 budget_ms=16000
Using bundled DotNet SDK version: 10.0 win-x64
Running UnrealBuildTool: dotnet "..\..\Engine\Binaries\DotNET\UnrealBuildTool\UnrealBuildTool.dll" -Mode=ValidatePlatforms -OutputSDKs  -AllPlatforms  -project="D:/APBReloaded/APBReloaded.uproject" -log="D:/APBReloaded/Saved/Logs/AutoSDKInfo.txt" -verbose -timestamps
Log file: D:\APBReloaded\Saved\Logs\AutoSDKInfo.txt
##PlatformValidate: Win64 VALID 10.0.22621.0
##PlatformValidate: Mac VALID 26.1.1
##PlatformValidate: IOS VALID 26.1.1
##PlatformValidate: Android INVALID r27c
##PlatformValidate: Linux INVALID v26_clang-20.1.8-rockylinux8
##PlatformValidate: LinuxArm64 INVALID <UNKNOWN>
##PlatformValidate: TVOS VALID 26.1.1
##PlatformValidate: VisionOS INVALID <UNKNOWN>
Unable to find required SDK version 'MainVersion' for platform LinuxArm64. Check your SDK.json files
Unable to find required SDK version 'MainVersion' for platform VisionOS. Check your SDK.json files
Trace written to file C:\Users\Support\AppData\Local\UnrealBuildTool\Trace.uba with size 312b
DIRECTORY_REGRESSION_TRAVEL_OK survivorPort=17811 ticketPort=17811
===== WORLD DIRECTORY =====
[2026.07.24-20.56.33:045][  0]LogTemp: RELAY_LISTEN port=17800
[2026.07.24-20.56.40:913][362]LogTemp: RELAY_ACCEPT peer=127.0.0.1:57161
[2026.07.24-20.56.40:934][363]LogTemp: RELAY_REGISTER district=Financial numeric_id=2 ok=1 port=17812 reason=none
[2026.07.24-20.56.41:581][402]LogTemp: RELAY_ACCEPT peer=127.0.0.1:57163
[2026.07.24-20.56.41:601][403]LogTemp: RELAY_REGISTER district=Financial numeric_id=1 ok=1 port=17811 reason=none
[2026.07.24-20.57.05:208][797]LogTemp: TRAVEL_RESERVATION_ISSUED id=travel-1 district=Financial port=17811
[2026.07.24-20.57.05:607][821]LogTemp: CHAR_HANDOFF_ADMITTED account=ACC-travel_directory_seed jti=756b91fb0369010da8fda18184746c0e
[2026.07.24-20.57.19:255][621]LogTemp: TRAVEL_RESERVATION_ISSUED id=travel-2 district=Financial port=17812
[2026.07.24-20.57.26:283][ 43]LogTemp: RELAY_EVICT stale=1
[2026.07.24-20.57.34:013][505]LogTemp: TRAVEL_RESERVATION_RELEASED id=travel-2
[2026.07.24-20.57.34:013][505]LogTemp: TRAVEL_RESERVATION_EXPIRED id=travel-2
[2026.07.24-20.57.40:656][883]LogTemp: TRAVEL_RESERVATION_ISSUED id=travel-3 district=Financial port=17811
[2026.07.24-20.57.42:290][961]LogTemp: CHAR_RETURN_APPLIED account=ACC-travel_directory_seed cash=10000 threat=0.0
===== FINANCIAL A DIRECTORY =====
[2026.07.24-20.56.41:578][  0]LogTemp: RELAY_CLIENT_CONNECT host=127.0.0.1 port=17800
[2026.07.24-20.56.41:610][  0]LogTemp: RELAY_CLIENT_REGISTERED district=Financial numeric_id=1
[2026.07.24-20.56.46:594][  0]LogTemp: RELAY_CLIENT_HEARTBEAT seq=1
[2026.07.24-20.56.51:595][  4]LogTemp: RELAY_CLIENT_HEARTBEAT seq=2
[2026.07.24-20.56.56:596][303]LogTemp: RELAY_CLIENT_HEARTBEAT seq=3
[2026.07.24-20.57.01:596][603]LogTemp: RELAY_CLIENT_HEARTBEAT seq=4
[2026.07.24-20.57.05:528][838]LogTemp: DISTRICT_TICKET_OK account=ACC-travel_directory_seed char=Operative district=Financial jti=756b91fb0369010da8fda18184746c0e
[2026.07.24-20.57.05:580][841]LogTemp: DISTRICT_TICKET_ADMITTED account=ACC-travel_directory_seed char=Operative faction=Enforcer
[2026.07.24-20.57.06:603][903]LogTemp: RELAY_CLIENT_HEARTBEAT seq=5
[2026.07.24-20.57.11:609][203]LogTemp: RELAY_CLIENT_HEARTBEAT seq=6
[2026.07.24-20.57.16:617][503]LogTemp: RELAY_CLIENT_HEARTBEAT seq=7
[2026.07.24-20.57.21:621][803]LogTemp: RELAY_CLIENT_HEARTBEAT seq=8
[2026.07.24-20.57.26:626][104]LogTemp: RELAY_CLIENT_HEARTBEAT seq=9
[2026.07.24-20.57.31:640][403]LogTemp: RELAY_CLIENT_HEARTBEAT seq=10
[2026.07.24-20.57.36:643][703]LogTemp: RELAY_CLIENT_HEARTBEAT seq=11
[2026.07.24-20.57.41:645][  3]LogTemp: RELAY_CLIENT_HEARTBEAT seq=12
===== FINANCIAL B DIRECTORY =====
[2026.07.24-20.56.40:910][  0]LogTemp: RELAY_CLIENT_CONNECT host=127.0.0.1 port=17800
[2026.07.24-20.56.40:941][  0]LogTemp: RELAY_CLIENT_REGISTERED district=Financial numeric_id=2
[2026.07.24-20.56.45:929][  0]LogTemp: RELAY_CLIENT_HEARTBEAT seq=1
[2026.07.24-20.56.50:933][  0]LogTemp: RELAY_CLIENT_HEARTBEAT seq=2
[2026.07.24-20.56.55:938][264]LogTemp: RELAY_CLIENT_HEARTBEAT seq=3
[2026.07.24-20.57.00:940][563]LogTemp: RELAY_CLIENT_HEARTBEAT seq=4
[2026.07.24-20.57.05:945][864]LogTemp: RELAY_CLIENT_HEARTBEAT seq=5
[2026.07.24-20.57.10:946][163]LogTemp: RELAY_CLIENT_HEARTBEAT seq=6
[2026.07.24-20.57.15:953][464]LogTemp: RELAY_CLIENT_HEARTBEAT seq=7
===== SEED TRAVEL =====
LogCsvProfiler: Display: Metadata set : commandline="" D:\APBReloaded\APBReloaded.uproject 127.0.0.1:17778 -game -WorldServerHost=127.0.0.1 -APBProbe=world_travel_client -WSClientId=directory_seed -WSTravelDistrict=Financial -nullrhi -nosound -unattended -log -AbsLog=C:\Users\Support\AppData\Local\Temp\apb_m7_directory_gate_verify\travel_directory_seed.log -APBScratch=C:\Users\Support\AppData\Local\Temp\apb_m7_directory_gate_verify""
LogInit: Command Line: 127.0.0.1:17778 -game -WorldServerHost=127.0.0.1 -APBProbe=world_travel_client -WSClientId=directory_seed -WSTravelDistrict=Financial -nullrhi -nosound -unattended -log -AbsLog=C:\Users\Support\AppData\Local\Temp\apb_m7_directory_gate_verify\travel_directory_seed.log -APBScratch=C:\Users\Support\AppData\Local\Temp\apb_m7_directory_gate_verify
[2026.07.24-20.56.59:483][  0]LogTemp: APBProbe PROBE_START mode=world_travel_client scratch=C:/Users/Support/AppData/Local/Temp/apb_m7_directory_gate_verify/
[2026.07.24-20.56.59:483][  0]LogTemp: APBProbe PROBE_TIMER world_travel_client id=directory_seed district=Financial
[2026.07.24-20.57.04:945][169]LogTemp: APBProbe TRAVEL_LOGIN id=directory_seed
[2026.07.24-20.57.05:195][184]LogTemp: APBProbe TRAVEL_TICKET_REQUEST district=Financial
[2026.07.24-20.57.05:445][199]LogTemp: APBProbe TRAVEL_RESERVATION district=Financial host=127.0.0.1 port=17811 id=travel-1
[2026.07.24-20.57.05:446][199]LogTemp: APBProbe TRAVEL_DISPATCH district=Financial
[2026.07.24-20.57.05:577][205]LogTemp: TRAVEL_OK district=Financial host=127.0.0.1 port=17811
===== LEAST DIRECTORY TICKET =====
[2026.07.24-20.57.17:775][171]LogTemp: Warning: APBPlayerState OnRep_WorldAuth authOk=1 charList= districtList= ticket=
[2026.07.24-20.57.18:259][200]LogTemp: Warning: APBPlayerState OnRep_WorldAuth authOk=1 charList=[{"name":"Operative","faction":"Enforcer"}] districtList= ticket=
[2026.07.24-20.57.18:775][231]LogTemp: Warning: APBPlayerState OnRep_WorldAuth authOk=1 charList=[{"name":"Operative","faction":"Enforcer"}] districtList=[{"id":"Financial","name":"Financial","instanceCount":2,"population":1},{"id":"FinancialChaos","name":"Financial - Anarchy","instanceCount":0,"population":0},{"id":"PGAsylum","name":"Abington Towers","instanceCount":0,"population":0},{"id":"PGBeacon","name":"The Beacon","instanceCount":0,"population":0},{"id":"PGCrate","name":"Baylan Shipping Storage","instanceCount":0,"population":0},{"id":"Social","name":"Breakwater Marina","instanceCount":0,"population":0},{"id":"Waterfront","name":"Waterfront","instanceCount":0,"population":0},{"id":"FinancialRiot","name":"Financial - RIOT","instanceCount":0,"population":0}] ticket=
[2026.07.24-20.57.19:259][260]LogTemp: Warning: APBPlayerState OnRep_WorldAuth authOk=1 charList=[{"name":"Operative","faction":"Enforcer"}] districtList=[{"id":"Financial","name":"Financial","instanceCount":2,"population":1},{"id":"FinancialChaos","name":"Financial - Anarchy","instanceCount":0,"population":0},{"id":"PGAsylum","name":"Abington Towers","instanceCount":0,"population":0},{"id":"PGBeacon","name":"The Beacon","instanceCount":0,"population":0},{"id":"PGCrate","name":"Baylan Shipping Storage","instanceCount":0,"population":0},{"id":"Social","name":"Breakwater Marina","instanceCount":0,"population":0},{"id":"Waterfront","name":"Waterfront","instanceCount":0,"population":0},{"id":"FinancialRiot","name":"Financial - RIOT","instanceCount":0,"population":0}] ticket={"ticket":"eyJhY2NvdW50IjoiQUNDLXByb2JlX2RpcmVjdG9yeV9sZWFzdCIsImNoYXJhY3RlciI6Ik9wZXJhdGl2ZSIsImZhY3Rpb24iOiJFbmZvcmNlciIsImRpc3RyaWN0IjoiRmluYW5jaWFsIiwianRpIjoiNWNmN2MwZWRjOGU4ODM2MzBlODFlMzliNWI2ODg2NTUiLCJpc3N1ZWQiOjE3ODQ5MjY2MzksImV4cGlyeSI6OTB9.026fc2a41ed764ad6fe075e268031576c843e65d03d1e7f801bd34eedb419ed2","host":"127.0.0.1","port":17812,"reservation_id":"travel-2","session_id":"DS-Financial-1"}
[2026.07.24-20.57.39:185][454]LogTemp: Warning: APBPlayerState OnRep_WorldAuth authOk=1 charList= districtList= ticket=
[2026.07.24-20.57.39:668][483]LogTemp: Warning: APBPlayerState OnRep_WorldAuth authOk=1 charList=[{"name":"Operative","faction":"Enforcer"}] districtList= ticket=
===== SURVIVOR DIRECTORY TICKET =====
[2026.07.24-20.57.36:756][ 26]LogTemp: Warning: APBPlayerState OnRep_WorldAuth authOk=1 charList=[{"name":"Operative","faction":"Enforcer"}] districtList=[{"id":"Financial","name":"Financial","instanceCount":2,"population":1},{"id":"FinancialChaos","name":"Financial - Anarchy","instanceCount":0,"population":0},{"id":"PGAsylum","name":"Abington Towers","instanceCount":0,"population":0},{"id":"PGBeacon","name":"The Beacon","instanceCount":0,"population":0},{"id":"PGCrate","name":"Baylan Shipping Storage","instanceCount":0,"population":0},{"id":"Social","name":"Breakwater Marina","instanceCount":0,"population":0},{"id":"Waterfront","name":"Waterfront","instanceCount":0,"population":0},{"id":"FinancialRiot","name":"Financial - RIOT","instanceCount":0,"population":0}] ticket={"ticket":"eyJhY2NvdW50IjoiQUNDLXByb2JlX2RpcmVjdG9yeV9sZWFzdCIsImNoYXJhY3RlciI6Ik9wZXJhdGl2ZSIsImZhY3Rpb24iOiJFbmZvcmNlciIsImRpc3RyaWN0IjoiRmluYW5jaWFsIiwianRpIjoiNWNmN2MwZWRjOGU4ODM2MzBlODFlMzliNWI2ODg2NTUiLCJpc3N1ZWQiOjE3ODQ5MjY2MzksImV4cGlyeSI6OTB9.026fc2a41ed764ad6fe075e268031576c843e65d03d1e7f801bd34eedb419ed2","host":"127.0.0.1","port":17812,"reservation_id":"travel-2","session_id":"DS-Financial-1"}
[2026.07.24-20.57.36:756][ 26]LogTemp: Warning: APBPlayerState OnRep_WorldAuth authOk=1 charList=[{"name":"Operative","faction":"Enforcer"}] districtList=[{"id":"Financial","name":"Financial","instanceCount":2,"population":1},{"id":"FinancialChaos","name":"Financial - Anarchy","instanceCount":0,"population":0},{"id":"PGAsylum","name":"Abington Towers","instanceCount":0,"population":0},{"id":"PGBeacon","name":"The Beacon","instanceCount":0,"population":0},{"id":"PGCrate","name":"Baylan Shipping Storage","instanceCount":0,"population":0},{"id":"Social","name":"Breakwater Marina","instanceCount":0,"population":0},{"id":"Waterfront","name":"Waterfront","instanceCount":0,"population":0},{"id":"FinancialRiot","name":"Financial - RIOT","instanceCount":0,"population":0}] ticket={"ticket":"eyJhY2NvdW50IjoiQUNDLXByb2JlX2RpcmVjdG9yeV9sZWFzdCIsImNoYXJhY3RlciI6Ik9wZXJhdGl2ZSIsImZhY3Rpb24iOiJFbmZvcmNlciIsImRpc3RyaWN0IjoiRmluYW5jaWFsIiwianRpIjoiNWNmN2MwZWRjOGU4ODM2MzBlODFlMzliNWI2ODg2NTUiLCJpc3N1ZWQiOjE3ODQ5MjY2MzksImV4cGlyeSI6OTB9.026fc2a41ed764ad6fe075e268031576c843e65d03d1e7f801bd34eedb419ed2","host":"127.0.0.1","port":17812,"reservation_id":"travel-2","session_id":"DS-Financial-1"}
[2026.07.24-20.57.36:756][ 26]LogTemp: Warning: APBPlayerState OnRep_WorldAuth authOk=1 charList=[{"name":"Operative","faction":"Enforcer"}] districtList=[{"id":"Financial","name":"Financial","instanceCount":2,"population":1},{"id":"FinancialChaos","name":"Financial - Anarchy","instanceCount":0,"population":0},{"id":"PGAsylum","name":"Abington Towers","instanceCount":0,"population":0},{"id":"PGBeacon","name":"The Beacon","instanceCount":0,"population":0},{"id":"PGCrate","name":"Baylan Shipping Storage","instanceCount":0,"population":0},{"id":"Social","name":"Breakwater Marina","instanceCount":0,"population":0},{"id":"Waterfront","name":"Waterfront","instanceCount":0,"population":0},{"id":"FinancialRiot","name":"Financial - RIOT","instanceCount":0,"population":0}] ticket={"ticket":"eyJhY2NvdW50IjoiQUNDLXByb2JlX2RpcmVjdG9yeV9sZWFzdCIsImNoYXJhY3RlciI6Ik9wZXJhdGl2ZSIsImZhY3Rpb24iOiJFbmZvcmNlciIsImRpc3RyaWN0IjoiRmluYW5jaWFsIiwianRpIjoiNWNmN2MwZWRjOGU4ODM2MzBlODFlMzliNWI2ODg2NTUiLCJpc3N1ZWQiOjE3ODQ5MjY2MzksImV4cGlyeSI6OTB9.026fc2a41ed764ad6fe075e268031576c843e65d03d1e7f801bd34eedb419ed2","host":"127.0.0.1","port":17812,"reservation_id":"travel-2","session_id":"DS-Financial-1"}
[2026.07.24-20.57.36:756][ 26]LogTemp: Warning: APBPlayerState OnRep_WorldAuth authOk=1 charList=[{"name":"Operative","faction":"Enforcer"}] districtList=[{"id":"Financial","name":"Financial","instanceCount":2,"population":1},{"id":"FinancialChaos","name":"Financial - Anarchy","instanceCount":0,"population":0},{"id":"PGAsylum","name":"Abington Towers","instanceCount":0,"population":0},{"id":"PGBeacon","name":"The Beacon","instanceCount":0,"population":0},{"id":"PGCrate","name":"Baylan Shipping Storage","instanceCount":0,"population":0},{"id":"Social","name":"Breakwater Marina","instanceCount":0,"population":0},{"id":"Waterfront","name":"Waterfront","instanceCount":0,"population":0},{"id":"FinancialRiot","name":"Financial - RIOT","instanceCount":0,"population":0}] ticket={"ticket":"eyJhY2NvdW50IjoiQUNDLXByb2JlX2RpcmVjdG9yeV9sZWFzdCIsImNoYXJhY3RlciI6Ik9wZXJhdGl2ZSIsImZhY3Rpb24iOiJFbmZvcmNlciIsImRpc3RyaWN0IjoiRmluYW5jaWFsIiwianRpIjoiNWNmN2MwZWRjOGU4ODM2MzBlODFlMzliNWI2ODg2NTUiLCJpc3N1ZWQiOjE3ODQ5MjY2MzksImV4cGlyeSI6OTB9.026fc2a41ed764ad6fe075e268031576c843e65d03d1e7f801bd34eedb419ed2","host":"127.0.0.1","port":17812,"reservation_id":"travel-2","session_id":"DS-Financial-1"}
[2026.07.24-20.57.39:170][171]LogTemp: Warning: APBPlayerState OnRep_WorldAuth authOk=1 charList= districtList= ticket=
[2026.07.24-20.57.39:670][201]LogTemp: Warning: APBPlayerState OnRep_WorldAuth authOk=1 charList=[{"name":"Operative","faction":"Enforcer"}] districtList= ticket=
[2026.07.24-20.57.40:169][231]LogTemp: Warning: APBPlayerState OnRep_WorldAuth authOk=1 charList=[{"name":"Operative","faction":"Enforcer"}] districtList=[{"id":"Financial","name":"Financial","instanceCount":1,"population":1},{"id":"FinancialChaos","name":"Financial - Anarchy","instanceCount":0,"population":0},{"id":"PGAsylum","name":"Abington Towers","instanceCount":0,"population":0},{"id":"PGBeacon","name":"The Beacon","instanceCount":0,"population":0},{"id":"PGCrate","name":"Baylan Shipping Storage","instanceCount":0,"population":0},{"id":"Social","name":"Breakwater Marina","instanceCount":0,"population":0},{"id":"Waterfront","name":"Waterfront","instanceCount":0,"population":0},{"id":"FinancialRiot","name":"Financial - RIOT","instanceCount":0,"population":0}] ticket=
[2026.07.24-20.57.40:670][261]LogTemp: Warning: APBPlayerState OnRep_WorldAuth authOk=1 charList=[{"name":"Operative","faction":"Enforcer"}] districtList=[{"id":"Financial","name":"Financial","instanceCount":1,"population":1},{"id":"FinancialChaos","name":"Financial - Anarchy","instanceCount":0,"population":0},{"id":"PGAsylum","name":"Abington Towers","instanceCount":0,"population":0},{"id":"PGBeacon","name":"The Beacon","instanceCount":0,"population":0},{"id":"PGCrate","name":"Baylan Shipping Storage","instanceCount":0,"population":0},{"id":"Social","name":"Breakwater Marina","instanceCount":0,"population":0},{"id":"Waterfront","name":"Waterfront","instanceCount":0,"population":0},{"id":"FinancialRiot","name":"Financial - RIOT","instanceCount":0,"population":0}] ticket={"ticket":"eyJhY2NvdW50IjoiQUNDLXByb2JlX2RpcmVjdG9yeV9zdXJ2aXZvciIsImNoYXJhY3RlciI6Ik9wZXJhdGl2ZSIsImZhY3Rpb24iOiJFbmZvcmNlciIsImRpc3RyaWN0IjoiRmluYW5jaWFsIiwianRpIjoiNTc5NzYwMmFkNmMwN2JkMGZiYTM3ZTY3ZTEyODBhNWIiLCJpc3N1ZWQiOjE3ODQ5MjY2NjAsImV4cGlyeSI6OTB9.940cd30248797b7ce4dde76b889b6bd5ce8a0dc62c44479728bad9c9cf488ecb","host":"127.0.0.1","port":17811,"reservation_id":"travel-3","session_id":"DS-Financial-1"}
LEAKED=0
M7_DIRECTORY_GATE_OK
