LogStorageServerPlatformFile: Display: Found '../../../UE58/UE_5.8/../../APBReloaded/Saved/Cooked/Windows/ue.projectstore'
LogStorageServerPlatformFile: Display: Using connection settings from ue.projectstore: HostAddrs='[::1]+10.128.234.36+192.168.1.134+172.23.128.1' and HostPort='8558'
LogStorageServerPlatformFile: Display: Found '../../../UE58/UE_5.8/../../APBReloaded/Saved/Cooked/Windows/ue.projectstore'
LogStorageServerPlatformFile: Display: Using password authentication from ue.projectstore
LogStorageServerPlatformFile: Display: Using settings from ue.projectstore: ServerProject='APBReloaded.44393c44' and ServerPlatform='Windows'
LogCsvProfiler: Display: Metadata set : zenstreaming="1"
LogStorageServerConnection: Display: Creating zen store connection to [::1]:8558 ("::1").
LogStorageServerConnection: Display: Send to storage server failed (peer likely closed the connection): GET /prj/APBReloaded.44393c44/oplog/Windows
LogStorageServerConnection: Display: Send to storage server failed (peer likely closed the connection): GET /prj/APBReloaded.44393c44/oplog/Windows
LogStorageServerConnection: Display: Send to storage server failed (peer likely closed the connection): GET /prj/APBReloaded.44393c44/oplog/Windows
LogStorageServerConnection: Display: Send to storage server failed (peer likely closed the connection): GET /prj/APBReloaded.44393c44/oplog/Windows
LogStorageServerConnection: Display: Send to storage server failed (peer likely closed the connection): GET /prj/APBReloaded.44393c44/oplog/Windows
LogStorageServerConnection: Display: Send to storage server failed (peer likely closed the connection): GET /prj/APBReloaded.44393c44/oplog/Windows
LogStorageServerConnection: Display: Send to storage server failed (peer likely closed the connection): GET /prj/APBReloaded.44393c44/oplog/Windows
LogStorageServerConnection: Display: Send to storage server failed (peer likely closed the connection): GET /prj/APBReloaded.44393c44/oplog/Windows
LogStorageServerConnection: Display: Send to storage server failed (peer likely closed the connection): GET /prj/APBReloaded.44393c44/oplog/Windows
LogStorageServerConnection: Display: Send to storage server failed (peer likely closed the connection): GET /prj/APBReloaded.44393c44/oplog/Windows
LogStorageServerConnection: Display: Creating zen store connection to 192.168.1.134:8558 ("192.168.1.134").
LogStorageServerConnection: Display: Send to storage server failed (peer likely closed the connection): GET /prj/APBReloaded.44393c44/oplog/Windows
LogStorageServerConnection: Display: Send to storage server failed (peer likely closed the connection): GET /prj/APBReloaded.44393c44/oplog/Windows
LogStorageServerConnection: Display: Send to storage server failed (peer likely closed the connection): GET /prj/APBReloaded.44393c44/oplog/Windows
LogStorageServerConnection: Display: Send to storage server failed (peer likely closed the connection): GET /prj/APBReloaded.44393c44/oplog/Windows
LogStorageServerConnection: Display: Send to storage server failed (peer likely closed the connection): GET /prj/APBReloaded.44393c44/oplog/Windows
LogStorageServerConnection: Display: Send to storage server failed (peer likely closed the connection): GET /prj/APBReloaded.44393c44/oplog/Windows
LogStorageServerConnection: Display: Send to storage server failed (peer likely closed the connection): GET /prj/APBReloaded.44393c44/oplog/Windows
LogStorageServerConnection: Display: Send to storage server failed (peer likely closed the connection): GET /prj/APBReloaded.44393c44/oplog/Windows
LogStorageServerConnection: Display: Send to storage server failed (peer likely closed the connection): GET /prj/APBReloaded.44393c44/oplog/Windows
LogStorageServerConnection: Display: Send to storage server failed (peer likely closed the connection): GET /prj/APBReloaded.44393c44/oplog/Windows
LogStorageServerConnection: Display: Creating zen store connection to 10.128.234.36:8558 ("10.128.234.36").
LogStorageServerConnection: Display: Send to storage server failed (peer likely closed the connection): GET /prj/APBReloaded.44393c44/oplog/Windows
LogStorageServerConnection: Display: Send to storage server failed (peer likely closed the connection): GET /prj/APBReloaded.44393c44/oplog/Windows
LogStorageServerConnection: Display: Send to storage server failed (peer likely closed the connection): GET /prj/APBReloaded.44393c44/oplog/Windows
LogStorageServerConnection: Display: Send to storage server failed (peer likely closed the connection): GET /prj/APBReloaded.44393c44/oplog/Windows
LogStorageServerConnection: Display: Send to storage server failed (peer likely closed the connection): GET /prj/APBReloaded.44393c44/oplog/Windows
LogStorageServerConnection: Display: Send to storage server failed (peer likely closed the connection): GET /prj/APBReloaded.44393c44/oplog/Windows
LogStorageServerConnection: Display: Send to storage server failed (peer likely closed the connection): GET /prj/APBReloaded.44393c44/oplog/Windows
LogStorageServerConnection: Display: Send to storage server failed (peer likely closed the connection): GET /prj/APBReloaded.44393c44/oplog/Windows
LogStorageServerConnection: Display: Send to storage server failed (peer likely closed the connection): GET /prj/APBReloaded.44393c44/oplog/Windows
LogStorageServerConnection: Display: Send to storage server failed (peer likely closed the connection): GET /prj/APBReloaded.44393c44/oplog/Windows
LogStorageServerConnection: Display: Creating zen store connection to 172.23.128.1:8558 ("172.23.128.1").
LogStorageServerConnection: Display: Send to storage server failed (peer likely closed the connection): GET /prj/APBReloaded.44393c44/oplog/Windows
LogStorageServerConnection: Display: Send to storage server failed (peer likely closed the connection): GET /prj/APBReloaded.44393c44/oplog/Windows
LogStorageServerConnection: Display: Send to storage server failed (peer likely closed the connection): GET /prj/APBReloaded.44393c44/oplog/Windows
LogStorageServerConnection: Display: Send to storage server failed (peer likely closed the connection): GET /prj/APBReloaded.44393c44/oplog/Windows
LogStorageServerConnection: Display: Send to storage server failed (peer likely closed the connection): GET /prj/APBReloaded.44393c44/oplog/Windows
LogStorageServerConnection: Display: Send to storage server failed (peer likely closed the connection): GET /prj/APBReloaded.44393c44/oplog/Windows
LogStorageServerConnection: Display: Send to storage server failed (peer likely closed the connection): GET /prj/APBReloaded.44393c44/oplog/Windows
LogStorageServerConnection: Display: Send to storage server failed (peer likely closed the connection): GET /prj/APBReloaded.44393c44/oplog/Windows
LogStorageServerConnection: Display: Send to storage server failed (peer likely closed the connection): GET /prj/APBReloaded.44393c44/oplog/Windows
LogStorageServerConnection: Display: Send to storage server failed (peer likely closed the connection): GET /prj/APBReloaded.44393c44/oplog/Windows
LogSockets: Warning: GetAddressInfo failed to resolve host with error SE_HOST_NOT_FOUND [11001]
LogStorageServerConnection: Display: Creating zen store connection to hostname://maras.fibia.local:8558 ("hostname://maras.fibia.local").
LogStorageServerConnection: Display: Send to storage server failed (peer likely closed the connection): GET /prj/APBReloaded.44393c44/oplog/Windows
LogStorageServerConnection: Display: Send to storage server failed (peer likely closed the connection): GET /prj/APBReloaded.44393c44/oplog/Windows
LogStorageServerConnection: Display: Send to storage server failed (peer likely closed the connection): GET /prj/APBReloaded.44393c44/oplog/Windows
LogStorageServerConnection: Display: Send to storage server failed (peer likely closed the connection): GET /prj/APBReloaded.44393c44/oplog/Windows
LogStorageServerConnection: Display: Send to storage server failed (peer likely closed the connection): GET /prj/APBReloaded.44393c44/oplog/Windows
LogStorageServerConnection: Display: Send to storage server failed (peer likely closed the connection): GET /prj/APBReloaded.44393c44/oplog/Windows
LogStorageServerConnection: Display: Send to storage server failed (peer likely closed the connection): GET /prj/APBReloaded.44393c44/oplog/Windows
LogStorageServerConnection: Display: Send to storage server failed (peer likely closed the connection): GET /prj/APBReloaded.44393c44/oplog/Windows
LogStorageServerConnection: Display: Send to storage server failed (peer likely closed the connection): GET /prj/APBReloaded.44393c44/oplog/Windows
LogStorageServerConnection: Display: Send to storage server failed (peer likely closed the connection): GET /prj/APBReloaded.44393c44/oplog/Windows
LogStorageServerPlatformFile: Error: Failed to initialize connection to any of [ [::1], 10.128.234.36, 192.168.1.134, 172.23.128.1, hostname://maras.fibia.local ]
===== WORLD DIRECTORY =====
(no log written)
===== FINANCIAL A DIRECTORY =====
(no log written)
===== FINANCIAL B DIRECTORY =====
(no log written)
===== SEED TRAVEL =====
(no log written)
===== LEAST DIRECTORY TICKET =====
(no log written)
===== SURVIVOR DIRECTORY TICKET =====
(no log written)
LEAKED=0
M7_DIRECTORY_GATE_FAIL world_listener_timeout
GATE_EXIT_CODE=1
