===== M7 leg: Travel -> run_m7_travel_gate.ps1 =====
Using bundled DotNet SDK version: 10.0 win-x64
Running UnrealBuildTool: dotnet "..\..\Engine\Binaries\DotNET\UnrealBuildTool\UnrealBuildTool.dll" -Mode=ValidatePlatforms -OutputSDKs  -AllPlatforms  -project="D:/APBReloaded/APBReloaded.uproject" -log="D:/APBReloaded/Saved/Logs/AutoSDKInfo.txt" -verbose -timestamps
Log file: D:\APBReloaded\Saved\Logs\AutoSDKInfo.txt
##PlatformValidate: Win64 VALID 10.0.22621.0
##PlatformValidate: Mac VALID 26.1.1
##PlatformValidate: IOS VALID 26.1.1
##PlatformValidate: Android INVALID r27c
##PlatformValidate: Linux INVALID v26_clang-20.1.8-rockylinux8
##PlatformValidate: LinuxArm64 INVALID <UNKNOWN>
##PlatformValidate: TVOS VALID 26.1.1
##PlatformValidate: VisionOS INVALID <UNKNOWN>
Unable to find required SDK version 'MainVersion' for platform LinuxArm64. Check your SDK.json files
Unable to find required SDK version 'MainVersion' for platform VisionOS. Check your SDK.json files
Trace written to file C:\Users\Support\AppData\Local\UnrealBuildTool\Trace.uba with size 313b
Using bundled DotNet SDK version: 10.0 win-x64
Running UnrealBuildTool: dotnet "..\..\Engine\Binaries\DotNET\UnrealBuildTool\UnrealBuildTool.dll" -Mode=ValidatePlatforms -OutputSDKs  -AllPlatforms  -project="D:/APBReloaded/APBReloaded.uproject" -log="D:/APBReloaded/Saved/Logs/AutoSDKInfo.txt" -verbose -timestamps
Log file: D:\APBReloaded\Saved\Logs\AutoSDKInfo.txt
##PlatformValidate: Win64 VALID 10.0.22621.0
##PlatformValidate: Mac VALID 26.1.1
##PlatformValidate: IOS VALID 26.1.1
##PlatformValidate: Android INVALID r27c
##PlatformValidate: Linux INVALID v26_clang-20.1.8-rockylinux8
##PlatformValidate: LinuxArm64 INVALID <UNKNOWN>
##PlatformValidate: TVOS VALID 26.1.1
##PlatformValidate: VisionOS INVALID <UNKNOWN>
Unable to find required SDK version 'MainVersion' for platform LinuxArm64. Check your SDK.json files
Unable to find required SDK version 'MainVersion' for platform VisionOS. Check your SDK.json files
Trace written to file C:\Users\Support\AppData\Local\UnrealBuildTool\Trace.uba with size 313b
Using bundled DotNet SDK version: 10.0 win-x64
Running UnrealBuildTool: dotnet "..\..\Engine\Binaries\DotNET\UnrealBuildTool\UnrealBuildTool.dll" -Mode=ValidatePlatforms -OutputSDKs  -AllPlatforms  -project="D:/APBReloaded/APBReloaded.uproject" -log="D:/APBReloaded/Saved/Logs/AutoSDKInfo.txt" -verbose -timestamps
Log file: D:\APBReloaded\Saved\Logs\AutoSDKInfo.txt
##PlatformValidate: Win64 VALID 10.0.22621.0
##PlatformValidate: Mac VALID 26.1.1
##PlatformValidate: IOS VALID 26.1.1
##PlatformValidate: Android INVALID r27c
##PlatformValidate: Linux INVALID v26_clang-20.1.8-rockylinux8
##PlatformValidate: LinuxArm64 INVALID <UNKNOWN>
##PlatformValidate: TVOS VALID 26.1.1
##PlatformValidate: VisionOS INVALID <UNKNOWN>
Unable to find required SDK version 'MainVersion' for platform LinuxArm64. Check your SDK.json files
Unable to find required SDK version 'MainVersion' for platform VisionOS. Check your SDK.json files
Trace written to file C:\Users\Support\AppData\Local\UnrealBuildTool\Trace.uba with size 313b
Using bundled DotNet SDK version: 10.0 win-x64
Running UnrealBuildTool: dotnet "..\..\Engine\Binaries\DotNET\UnrealBuildTool\UnrealBuildTool.dll" -Mode=ValidatePlatforms -OutputSDKs  -AllPlatforms  -project="D:/APBReloaded/APBReloaded.uproject" -log="D:/APBReloaded/Saved/Logs/AutoSDKInfo.txt" -verbose -timestamps
Log file: D:\APBReloaded\Saved\Logs\AutoSDKInfo.txt
##PlatformValidate: Win64 VALID 10.0.22621.0
##PlatformValidate: Mac VALID 26.1.1
##PlatformValidate: IOS VALID 26.1.1
##PlatformValidate: Android INVALID r27c
##PlatformValidate: Linux INVALID v26_clang-20.1.8-rockylinux8
##PlatformValidate: LinuxArm64 INVALID <UNKNOWN>
##PlatformValidate: TVOS VALID 26.1.1
##PlatformValidate: VisionOS INVALID <UNKNOWN>
Unable to find required SDK version 'MainVersion' for platform LinuxArm64. Check your SDK.json files
Unable to find required SDK version 'MainVersion' for platform VisionOS. Check your SDK.json files
Trace written to file C:\Users\Support\AppData\Local\UnrealBuildTool\Trace.uba with size 313b
Using bundled DotNet SDK version: 10.0 win-x64
Running UnrealBuildTool: dotnet "..\..\Engine\Binaries\DotNET\UnrealBuildTool\UnrealBuildTool.dll" -Mode=ValidatePlatforms -OutputSDKs  -AllPlatforms  -project="D:/APBReloaded/APBReloaded.uproject" -log="D:/APBReloaded/Saved/Logs/AutoSDKInfo.txt" -verbose -timestamps
Log file: D:\APBReloaded\Saved\Logs\AutoSDKInfo.txt
##PlatformValidate: Win64 VALID 10.0.22621.0
##PlatformValidate: Mac VALID 26.1.1
##PlatformValidate: IOS VALID 26.1.1
##PlatformValidate: Android INVALID r27c
##PlatformValidate: Linux INVALID v26_clang-20.1.8-rockylinux8
##PlatformValidate: LinuxArm64 INVALID <UNKNOWN>
##PlatformValidate: TVOS VALID 26.1.1
##PlatformValidate: VisionOS INVALID <UNKNOWN>
Unable to find required SDK version 'MainVersion' for platform LinuxArm64. Check your SDK.json files
Unable to find required SDK version 'MainVersion' for platform VisionOS. Check your SDK.json files
Trace written to file C:\Users\Support\AppData\Local\UnrealBuildTool\Trace.uba with size 313b
Using bundled DotNet SDK version: 10.0 win-x64
Running UnrealBuildTool: dotnet "..\..\Engine\Binaries\DotNET\UnrealBuildTool\UnrealBuildTool.dll" -Mode=ValidatePlatforms -OutputSDKs  -AllPlatforms  -project="D:/APBReloaded/APBReloaded.uproject" -log="D:/APBReloaded/Saved/Logs/AutoSDKInfo.txt" -verbose -timestamps
Log file: D:\APBReloaded\Saved\Logs\AutoSDKInfo.txt
##PlatformValidate: Win64 VALID 10.0.22621.0
##PlatformValidate: Mac VALID 26.1.1
##PlatformValidate: IOS VALID 26.1.1
##PlatformValidate: Android INVALID r27c
##PlatformValidate: Linux INVALID v26_clang-20.1.8-rockylinux8
##PlatformValidate: LinuxArm64 INVALID <UNKNOWN>
##PlatformValidate: TVOS VALID 26.1.1
##PlatformValidate: VisionOS INVALID <UNKNOWN>
Unable to find required SDK version 'MainVersion' for platform LinuxArm64. Check your SDK.json files
Unable to find required SDK version 'MainVersion' for platform VisionOS. Check your SDK.json files
Trace written to file C:\Users\Support\AppData\Local\UnrealBuildTool\Trace.uba with size 313b
===== world.log =====
[2026.07.24-13.16.45:562][  0]LogTemp: RELAY_LISTEN port=17800
[2026.07.24-13.16.53:824][290]LogTemp: RELAY_ACCEPT peer=127.0.0.1:51653
[2026.07.24-13.16.53:844][291]LogTemp: RELAY_REGISTER district=Financial numeric_id=1 ok=1
[2026.07.24-13.17.09:666][219]LogTemp: TRAVEL_RESERVATION_ISSUED id=travel-1 district=Financial port=17811
[2026.07.24-13.17.10:091][245]LogTemp: CHAR_HANDOFF_ADMITTED account=ACC-travel_happy jti=d3b80573a94c45459d22af32c8adf006
[2026.07.24-13.17.10:834][269]LogTemp: CHAR_RETURN_APPLIED account=ACC-travel_happy cash=10000 threat=0.0
[2026.07.24-13.17.24:618][ 76]LogTemp: TRAVEL_RESERVATION_ISSUED id=travel-2 district=Financial port=17811
[2026.07.24-13.17.25:000][ 99]LogTemp: CHAR_HANDOFF_ADMITTED account=ACC-travel_second jti=78aba7d9e3fd0f622ecc53380e7b81bd
[2026.07.24-13.17.25:721][119]LogTemp: CHAR_RETURN_APPLIED account=ACC-travel_second cash=10000 threat=0.0
[2026.07.24-13.17.51:050][600]LogTemp: TRAVEL_RESERVATION_ISSUED id=travel-3 district=Financial port=17811
[2026.07.24-13.17.59:893][131]LogTemp: RELAY_EVICT stale=1
[2026.07.24-13.18.06:013][498]LogTemp: TRAVEL_RESERVATION_RELEASED id=travel-3
[2026.07.24-13.18.06:013][498]LogTemp: TRAVEL_RESERVATION_EXPIRED id=travel-3
===== district.log =====
[2026.07.24-13.16.53:820][  0]LogTemp: RELAY_CLIENT_CONNECT host=127.0.0.1 port=17800
[2026.07.24-13.16.53:851][  0]LogTemp: RELAY_CLIENT_REGISTERED district=Financial numeric_id=1
[2026.07.24-13.16.58:837][  0]LogTemp: RELAY_CLIENT_HEARTBEAT seq=1
[2026.07.24-13.17.03:840][  0]LogTemp: RELAY_CLIENT_HEARTBEAT seq=2
[2026.07.24-13.17.08:841][121]LogTemp: RELAY_CLIENT_HEARTBEAT seq=3
[2026.07.24-13.17.09:978][189]LogTemp: DISTRICT_TICKET_OK account=ACC-travel_happy char=Operative district=Financial jti=d3b80573a94c45459d22af32c8adf006
[2026.07.24-13.17.10:065][194]LogTemp: DISTRICT_TICKET_ADMITTED account=ACC-travel_happy char=Operative faction=Enforcer
[2026.07.24-13.17.13:842][421]LogTemp: RELAY_CLIENT_HEARTBEAT seq=4
[2026.07.24-13.17.18:851][721]LogTemp: RELAY_CLIENT_HEARTBEAT seq=5
[2026.07.24-13.17.23:855][ 21]LogTemp: RELAY_CLIENT_HEARTBEAT seq=6
[2026.07.24-13.17.24:932][ 85]LogTemp: DISTRICT_TICKET_OK account=ACC-travel_second char=Operative district=Financial jti=78aba7d9e3fd0f622ecc53380e7b81bd
[2026.07.24-13.17.24:983][ 88]LogTemp: DISTRICT_TICKET_ADMITTED account=ACC-travel_second char=Operative faction=Enforcer
[2026.07.24-13.17.28:856][321]LogTemp: RELAY_CLIENT_HEARTBEAT seq=7
[2026.07.24-13.17.33:857][620]LogTemp: RELAY_CLIENT_HEARTBEAT seq=8
[2026.07.24-13.17.38:861][920]LogTemp: RELAY_CLIENT_HEARTBEAT seq=9
[2026.07.24-13.17.43:865][220]LogTemp: RELAY_CLIENT_HEARTBEAT seq=10
[2026.07.24-13.17.48:874][520]LogTemp: RELAY_CLIENT_HEARTBEAT seq=11
===== travel_happy.log =====
LogCsvProfiler: Display: Metadata set : commandline="" D:\APBReloaded\APBReloaded.uproject 127.0.0.1:17778 -game -WorldServerHost=127.0.0.1 -APBProbe=world_travel_client -WSClientId=happy -WSTravelDistrict=Financial -WSTravelDelayMs=0 -nullrhi -nosound -unattended -log -AbsLog=C:\Users\Support\AppData\Local\Temp\apb_m7_run_20260724-151619\travel\travel_happy.log -APBScratch=C:\Users\Support\AppData\Local\Temp\apb_m7_run_20260724-151619\travel""
LogInit: Command Line: 127.0.0.1:17778 -game -WorldServerHost=127.0.0.1 -APBProbe=world_travel_client -WSClientId=happy -WSTravelDistrict=Financial -WSTravelDelayMs=0 -nullrhi -nosound -unattended -log -AbsLog=C:\Users\Support\AppData\Local\Temp\apb_m7_run_20260724-151619\travel\travel_happy.log -APBScratch=C:\Users\Support\AppData\Local\Temp\apb_m7_run_20260724-151619\travel
[2026.07.24-13.17.01:549][  0]LogTemp: APBProbe PROBE_START mode=world_travel_client scratch=C:/Users/Support/AppData/Local/Temp/apb_m7_run_20260724-151619/travel/
[2026.07.24-13.17.01:550][  0]LogTemp: APBProbe PROBE_TIMER world_travel_client id=happy district=Financial
[2026.07.24-13.17.09:397][167]LogTemp: APBProbe TRAVEL_LOGIN id=happy
[2026.07.24-13.17.09:647][182]LogTemp: APBProbe TRAVEL_TICKET_REQUEST district=Financial
[2026.07.24-13.17.09:898][197]LogTemp: APBProbe TRAVEL_RESERVATION district=Financial host=127.0.0.1 port=17811 id=travel-1
[2026.07.24-13.17.09:898][197]LogTemp: APBProbe TRAVEL_DISPATCH district=Financial
[2026.07.24-13.17.10:049][202]LogTemp: TRAVEL_OK district=Financial host=127.0.0.1 port=17811
===== travel_killed.log =====
LogCsvProfiler: Display: Metadata set : commandline="" D:\APBReloaded\APBReloaded.uproject 127.0.0.1:17778 -game -WorldServerHost=127.0.0.1 -APBProbe=world_travel_client -WSClientId=killed -WSTravelDistrict=Financial -WSTravelDelayMs=5000 -nullrhi -nosound -unattended -log -AbsLog=C:\Users\Support\AppData\Local\Temp\apb_m7_run_20260724-151619\travel\travel_killed.log -APBScratch=C:\Users\Support\AppData\Local\Temp\apb_m7_run_20260724-151619\travel""
LogInit: Command Line: 127.0.0.1:17778 -game -WorldServerHost=127.0.0.1 -APBProbe=world_travel_client -WSClientId=killed -WSTravelDistrict=Financial -WSTravelDelayMs=5000 -nullrhi -nosound -unattended -log -AbsLog=C:\Users\Support\AppData\Local\Temp\apb_m7_run_20260724-151619\travel\travel_killed.log -APBScratch=C:\Users\Support\AppData\Local\Temp\apb_m7_run_20260724-151619\travel
[2026.07.24-13.17.45:259][  0]LogTemp: APBProbe PROBE_START mode=world_travel_client scratch=C:/Users/Support/AppData/Local/Temp/apb_m7_run_20260724-151619/travel/
[2026.07.24-13.17.45:259][  0]LogTemp: APBProbe PROBE_TIMER world_travel_client id=killed district=Financial
[2026.07.24-13.17.50:781][169]LogTemp: APBProbe TRAVEL_LOGIN id=killed
[2026.07.24-13.17.51:031][184]LogTemp: APBProbe TRAVEL_TICKET_REQUEST district=Financial
[2026.07.24-13.17.51:282][199]LogTemp: APBProbe TRAVEL_RESERVATION district=Financial host=127.0.0.1 port=17811 id=travel-3
[2026.07.24-13.17.56:282][499]LogTemp: APBProbe TRAVEL_DISPATCH district=Financial
[2026.07.24-13.18.06:283][ 99]LogTemp: Warning: TRAVEL_FAIL reason=timeout
===== travel_no_node.log =====
LogCsvProfiler: Display: Metadata set : commandline="" D:\APBReloaded\APBReloaded.uproject 127.0.0.1:17778 -game -WorldServerHost=127.0.0.1 -APBProbe=world_travel_client -WSClientId=no_node -WSTravelDistrict=Waterfront -WSTravelDelayMs=0 -nullrhi -nosound -unattended -log -AbsLog=C:\Users\Support\AppData\Local\Temp\apb_m7_run_20260724-151619\travel\travel_no_node.log -APBScratch=C:\Users\Support\AppData\Local\Temp\apb_m7_run_20260724-151619\travel""
LogInit: Command Line: 127.0.0.1:17778 -game -WorldServerHost=127.0.0.1 -APBProbe=world_travel_client -WSClientId=no_node -WSTravelDistrict=Waterfront -WSTravelDelayMs=0 -nullrhi -nosound -unattended -log -AbsLog=C:\Users\Support\AppData\Local\Temp\apb_m7_run_20260724-151619\travel\travel_no_node.log -APBScratch=C:\Users\Support\AppData\Local\Temp\apb_m7_run_20260724-151619\travel
[2026.07.24-13.17.32:313][  0]LogTemp: APBProbe PROBE_START mode=world_travel_client scratch=C:/Users/Support/AppData/Local/Temp/apb_m7_run_20260724-151619/travel/
[2026.07.24-13.17.32:314][  0]LogTemp: APBProbe PROBE_TIMER world_travel_client id=no_node district=Waterfront
[2026.07.24-13.17.37:864][170]LogTemp: APBProbe TRAVEL_LOGIN id=no_node
[2026.07.24-13.17.38:114][185]LogTemp: APBProbe TRAVEL_TICKET_REQUEST district=Waterfront
[2026.07.24-13.17.38:365][200]LogTemp: APBProbe TRAVEL_FAIL reason=no_live_node
===== travel_second.log =====
LogCsvProfiler: Display: Metadata set : commandline="" D:\APBReloaded\APBReloaded.uproject 127.0.0.1:17778 -game -WorldServerHost=127.0.0.1 -APBProbe=world_travel_client -WSClientId=second -WSTravelDistrict=Financial -WSTravelDelayMs=0 -nullrhi -nosound -unattended -log -AbsLog=C:\Users\Support\AppData\Local\Temp\apb_m7_run_20260724-151619\travel\travel_second.log -APBScratch=C:\Users\Support\AppData\Local\Temp\apb_m7_run_20260724-151619\travel""
LogInit: Command Line: 127.0.0.1:17778 -game -WorldServerHost=127.0.0.1 -APBProbe=world_travel_client -WSClientId=second -WSTravelDistrict=Financial -WSTravelDelayMs=0 -nullrhi -nosound -unattended -log -AbsLog=C:\Users\Support\AppData\Local\Temp\apb_m7_run_20260724-151619\travel\travel_second.log -APBScratch=C:\Users\Support\AppData\Local\Temp\apb_m7_run_20260724-151619\travel
[2026.07.24-13.17.18:768][  0]LogTemp: APBProbe PROBE_START mode=world_travel_client scratch=C:/Users/Support/AppData/Local/Temp/apb_m7_run_20260724-151619/travel/
[2026.07.24-13.17.18:768][  0]LogTemp: APBProbe PROBE_TIMER world_travel_client id=second district=Financial
[2026.07.24-13.17.24:356][169]LogTemp: APBProbe TRAVEL_LOGIN id=second
[2026.07.24-13.17.24:601][184]LogTemp: APBProbe TRAVEL_TICKET_REQUEST district=Financial
[2026.07.24-13.17.24:851][199]LogTemp: APBProbe TRAVEL_RESERVATION district=Financial host=127.0.0.1 port=17811 id=travel-2
[2026.07.24-13.17.24:851][199]LogTemp: APBProbe TRAVEL_DISPATCH district=Financial
[2026.07.24-13.17.24:976][204]LogTemp: TRAVEL_OK district=Financial host=127.0.0.1 port=17811
TRAVEL_GATE_OK
M7 leg OK: Travel (TRAVEL_GATE_OK)
===== M7 leg: Ticket -> run_m7_ticket_gate.ps1 =====
Using bundled DotNet SDK version: 10.0 win-x64
Running UnrealBuildTool: dotnet "..\..\Engine\Binaries\DotNET\UnrealBuildTool\UnrealBuildTool.dll" -Mode=ValidatePlatforms -OutputSDKs  -AllPlatforms  -project="D:/APBReloaded/APBReloaded.uproject" -log="D:/APBReloaded/Saved/Logs/AutoSDKInfo.txt" -verbose -timestamps
Log file: D:\APBReloaded\Saved\Logs\AutoSDKInfo.txt
##PlatformValidate: Win64 VALID 10.0.22621.0
##PlatformValidate: Mac VALID 26.1.1
##PlatformValidate: IOS VALID 26.1.1
##PlatformValidate: Android INVALID r27c
##PlatformValidate: Linux INVALID v26_clang-20.1.8-rockylinux8
##PlatformValidate: LinuxArm64 INVALID <UNKNOWN>
##PlatformValidate: TVOS VALID 26.1.1
##PlatformValidate: VisionOS INVALID <UNKNOWN>
Unable to find required SDK version 'MainVersion' for platform LinuxArm64. Check your SDK.json files
Unable to find required SDK version 'MainVersion' for platform VisionOS. Check your SDK.json files
Trace written to file C:\Users\Support\AppData\Local\UnrealBuildTool\Trace.uba with size 313b
Using bundled DotNet SDK version: 10.0 win-x64
Running UnrealBuildTool: dotnet "..\..\Engine\Binaries\DotNET\UnrealBuildTool\UnrealBuildTool.dll" -Mode=ValidatePlatforms -OutputSDKs  -AllPlatforms  -project="D:/APBReloaded/APBReloaded.uproject" -log="D:/APBReloaded/Saved/Logs/AutoSDKInfo.txt" -verbose -timestamps
Log file: D:\APBReloaded\Saved\Logs\AutoSDKInfo.txt
##PlatformValidate: Win64 VALID 10.0.22621.0
##PlatformValidate: Mac VALID 26.1.1
##PlatformValidate: IOS VALID 26.1.1
##PlatformValidate: Android INVALID r27c
##PlatformValidate: Linux INVALID v26_clang-20.1.8-rockylinux8
##PlatformValidate: LinuxArm64 INVALID <UNKNOWN>
##PlatformValidate: TVOS VALID 26.1.1
##PlatformValidate: VisionOS INVALID <UNKNOWN>
Unable to find required SDK version 'MainVersion' for platform LinuxArm64. Check your SDK.json files
Unable to find required SDK version 'MainVersion' for platform VisionOS. Check your SDK.json files
Trace written to file C:\Users\Support\AppData\Local\UnrealBuildTool\Trace.uba with size 313b
Using bundled DotNet SDK version: 10.0 win-x64
Running UnrealBuildTool: dotnet "..\..\Engine\Binaries\DotNET\UnrealBuildTool\UnrealBuildTool.dll" -Mode=ValidatePlatforms -OutputSDKs  -AllPlatforms  -project="D:/APBReloaded/APBReloaded.uproject" -log="D:/APBReloaded/Saved/Logs/AutoSDKInfo.txt" -verbose -timestamps
Log file: D:\APBReloaded\Saved\Logs\AutoSDKInfo.txt
##PlatformValidate: Win64 VALID 10.0.22621.0
##PlatformValidate: Mac VALID 26.1.1
##PlatformValidate: IOS VALID 26.1.1
##PlatformValidate: Android INVALID r27c
##PlatformValidate: Linux INVALID v26_clang-20.1.8-rockylinux8
##PlatformValidate: LinuxArm64 INVALID <UNKNOWN>
##PlatformValidate: TVOS VALID 26.1.1
##PlatformValidate: VisionOS INVALID <UNKNOWN>
Unable to find required SDK version 'MainVersion' for platform LinuxArm64. Check your SDK.json files
Unable to find required SDK version 'MainVersion' for platform VisionOS. Check your SDK.json files
Trace written to file C:\Users\Support\AppData\Local\UnrealBuildTool\Trace.uba with size 313b
Using bundled DotNet SDK version: 10.0 win-x64
Running UnrealBuildTool: dotnet "..\..\Engine\Binaries\DotNET\UnrealBuildTool\UnrealBuildTool.dll" -Mode=ValidatePlatforms -OutputSDKs  -AllPlatforms  -project="D:/APBReloaded/APBReloaded.uproject" -log="D:/APBReloaded/Saved/Logs/AutoSDKInfo.txt" -verbose -timestamps
Log file: D:\APBReloaded\Saved\Logs\AutoSDKInfo.txt
##PlatformValidate: Win64 VALID 10.0.22621.0
##PlatformValidate: Mac VALID 26.1.1
##PlatformValidate: IOS VALID 26.1.1
##PlatformValidate: Android INVALID r27c
##PlatformValidate: Linux INVALID v26_clang-20.1.8-rockylinux8
##PlatformValidate: LinuxArm64 INVALID <UNKNOWN>
##PlatformValidate: TVOS VALID 26.1.1
##PlatformValidate: VisionOS INVALID <UNKNOWN>
Unable to find required SDK version 'MainVersion' for platform LinuxArm64. Check your SDK.json files
Unable to find required SDK version 'MainVersion' for platform VisionOS. Check your SDK.json files
Trace written to file C:\Users\Support\AppData\Local\UnrealBuildTool\Trace.uba with size 313b
Using bundled DotNet SDK version: 10.0 win-x64
Running UnrealBuildTool: dotnet "..\..\Engine\Binaries\DotNET\UnrealBuildTool\UnrealBuildTool.dll" -Mode=ValidatePlatforms -OutputSDKs  -AllPlatforms  -project="D:/APBReloaded/APBReloaded.uproject" -log="D:/APBReloaded/Saved/Logs/AutoSDKInfo.txt" -verbose -timestamps
Log file: D:\APBReloaded\Saved\Logs\AutoSDKInfo.txt
##PlatformValidate: Win64 VALID 10.0.22621.0
##PlatformValidate: Mac VALID 26.1.1
##PlatformValidate: IOS VALID 26.1.1
##PlatformValidate: Android INVALID r27c
##PlatformValidate: Linux INVALID v26_clang-20.1.8-rockylinux8
##PlatformValidate: LinuxArm64 INVALID <UNKNOWN>
##PlatformValidate: TVOS VALID 26.1.1
##PlatformValidate: VisionOS INVALID <UNKNOWN>
Unable to find required SDK version 'MainVersion' for platform LinuxArm64. Check your SDK.json files
Unable to find required SDK version 'MainVersion' for platform VisionOS. Check your SDK.json files
Trace written to file C:\Users\Support\AppData\Local\UnrealBuildTool\Trace.uba with size 313b
Using bundled DotNet SDK version: 10.0 win-x64
Running UnrealBuildTool: dotnet "..\..\Engine\Binaries\DotNET\UnrealBuildTool\UnrealBuildTool.dll" -Mode=ValidatePlatforms -OutputSDKs  -AllPlatforms  -project="D:/APBReloaded/APBReloaded.uproject" -log="D:/APBReloaded/Saved/Logs/AutoSDKInfo.txt" -verbose -timestamps
Log file: D:\APBReloaded\Saved\Logs\AutoSDKInfo.txt
##PlatformValidate: Win64 VALID 10.0.22621.0
##PlatformValidate: Mac VALID 26.1.1
##PlatformValidate: IOS VALID 26.1.1
##PlatformValidate: Android INVALID r27c
##PlatformValidate: Linux INVALID v26_clang-20.1.8-rockylinux8
##PlatformValidate: LinuxArm64 INVALID <UNKNOWN>
##PlatformValidate: TVOS VALID 26.1.1
##PlatformValidate: VisionOS INVALID <UNKNOWN>
Unable to find required SDK version 'MainVersion' for platform LinuxArm64. Check your SDK.json files
Unable to find required SDK version 'MainVersion' for platform VisionOS. Check your SDK.json files
Trace written to file C:\Users\Support\AppData\Local\UnrealBuildTool\Trace.uba with size 313b
Using bundled DotNet SDK version: 10.0 win-x64
Running UnrealBuildTool: dotnet "..\..\Engine\Binaries\DotNET\UnrealBuildTool\UnrealBuildTool.dll" -Mode=ValidatePlatforms -OutputSDKs  -AllPlatforms  -project="D:/APBReloaded/APBReloaded.uproject" -log="D:/APBReloaded/Saved/Logs/AutoSDKInfo.txt" -verbose -timestamps
Log file: D:\APBReloaded\Saved\Logs\AutoSDKInfo.txt
##PlatformValidate: Win64 VALID 10.0.22621.0
##PlatformValidate: Mac VALID 26.1.1
##PlatformValidate: IOS VALID 26.1.1
##PlatformValidate: Android INVALID r27c
##PlatformValidate: Linux INVALID v26_clang-20.1.8-rockylinux8
##PlatformValidate: LinuxArm64 INVALID <UNKNOWN>
##PlatformValidate: TVOS VALID 26.1.1
##PlatformValidate: VisionOS INVALID <UNKNOWN>
Unable to find required SDK version 'MainVersion' for platform LinuxArm64. Check your SDK.json files
Unable to find required SDK version 'MainVersion' for platform VisionOS. Check your SDK.json files
Trace written to file C:\Users\Support\AppData\Local\UnrealBuildTool\Trace.uba with size 313b
Using bundled DotNet SDK version: 10.0 win-x64
Running UnrealBuildTool: dotnet "..\..\Engine\Binaries\DotNET\UnrealBuildTool\UnrealBuildTool.dll" -Mode=ValidatePlatforms -OutputSDKs  -AllPlatforms  -project="D:/APBReloaded/APBReloaded.uproject" -log="D:/APBReloaded/Saved/Logs/AutoSDKInfo.txt" -verbose -timestamps
Log file: D:\APBReloaded\Saved\Logs\AutoSDKInfo.txt
##PlatformValidate: Win64 VALID 10.0.22621.0
##PlatformValidate: Mac VALID 26.1.1
##PlatformValidate: IOS VALID 26.1.1
##PlatformValidate: Android INVALID r27c
##PlatformValidate: Linux INVALID v26_clang-20.1.8-rockylinux8
##PlatformValidate: LinuxArm64 INVALID <UNKNOWN>
##PlatformValidate: TVOS VALID 26.1.1
##PlatformValidate: VisionOS INVALID <UNKNOWN>
Unable to find required SDK version 'MainVersion' for platform LinuxArm64. Check your SDK.json files
Unable to find required SDK version 'MainVersion' for platform VisionOS. Check your SDK.json files
Trace written to file C:\Users\Support\AppData\Local\UnrealBuildTool\Trace.uba with size 313b
===== district_ticket.log =====
[2026.07.24-13.18.42:880][  3]LogTemp: DISTRICT_TICKET_OK account=probe char=ProbeChar district=Financial jti=97ac792bae6f31ecb82ebcb3a58a9106
[2026.07.24-13.18.42:914][  5]LogTemp: DISTRICT_TICKET_ADMITTED account=probe char=ProbeChar faction=Criminal
[2026.07.24-13.18.51:507][520]LogTemp: Warning: DISTRICT_TICKET_FAIL reason=invalid
[2026.07.24-13.19.00:934][ 85]LogTemp: Warning: DISTRICT_TICKET_FAIL reason=replay
[2026.07.24-13.19.09:993][625]LogTemp: Warning: DISTRICT_TICKET_FAIL reason=district_mismatch
[2026.07.24-13.19.19:206][177]LogTemp: Warning: DISTRICT_TICKET_FAIL reason=missing
===== mint_1.log =====
[2026.07.24-13.18.15:645][  0]LogTemp: MINTED_TICKET=eyJhY2NvdW50IjoicHJvYmUiLCJjaGFyYWN0ZXIiOiJQcm9iZUNoYXIiLCJmYWN0aW9uIjoiQ3JpbWluYWwiLCJkaXN0cmljdCI6IkZpbmFuY2lhbCIsImp0aSI6Ijk3YWM3OTJiYWU2ZjMxZWNiODJlYmNiM2E1OGE5MTA2IiwiaXNzdWVkIjoxNzg0ODk5MDk1LCJleHBpcnkiOjkwfQ.56bd2271b59173b7cfc462f36addba86e4338a6f7115d83e656ef7afa0d4cb10
===== mint_2.log =====
[2026.07.24-13.18.23:544][  0]LogTemp: MINTED_TICKET=eyJhY2NvdW50IjoicHJvYmUiLCJjaGFyYWN0ZXIiOiJQcm9iZUNoYXIiLCJmYWN0aW9uIjoiQ3JpbWluYWwiLCJkaXN0cmljdCI6IldhdGVyZnJvbnQiLCJqdGkiOiIzZWRiZTI2ZmU1OTZmZDZiMzM3YzE5Nzc2YWEwYzE4ZCIsImlzc3VlZCI6MTc4NDg5OTEwMywiZXhwaXJ5Ijo5MH0.4e2e860ec174df4ba88d70d517415146d06400ccbdbbc1a79983db9337845acc
DISTRICT_TICKET_GATE_OK
M7 leg OK: Ticket (DISTRICT_TICKET_GATE_OK)
===== M7 leg: Handoff -> run_m7_handoff_gate.ps1 =====
Using bundled DotNet SDK version: 10.0 win-x64
Running UnrealBuildTool: dotnet "..\..\Engine\Binaries\DotNET\UnrealBuildTool\UnrealBuildTool.dll" -Mode=ValidatePlatforms -OutputSDKs  -AllPlatforms  -project="D:/APBReloaded/APBReloaded.uproject" -log="D:/APBReloaded/Saved/Logs/AutoSDKInfo.txt" -verbose -timestamps
Log file: D:\APBReloaded\Saved\Logs\AutoSDKInfo.txt
##PlatformValidate: Win64 VALID 10.0.22621.0
##PlatformValidate: Mac VALID 26.1.1
##PlatformValidate: IOS VALID 26.1.1
##PlatformValidate: Android INVALID r27c
##PlatformValidate: Linux INVALID v26_clang-20.1.8-rockylinux8
##PlatformValidate: LinuxArm64 INVALID <UNKNOWN>
##PlatformValidate: TVOS VALID 26.1.1
##PlatformValidate: VisionOS INVALID <UNKNOWN>
Unable to find required SDK version 'MainVersion' for platform LinuxArm64. Check your SDK.json files
Unable to find required SDK version 'MainVersion' for platform VisionOS. Check your SDK.json files
Trace written to file C:\Users\Support\AppData\Local\UnrealBuildTool\Trace.uba with size 313b
Using bundled DotNet SDK version: 10.0 win-x64
Running UnrealBuildTool: dotnet "..\..\Engine\Binaries\DotNET\UnrealBuildTool\UnrealBuildTool.dll" -Mode=ValidatePlatforms -OutputSDKs  -AllPlatforms  -project="D:/APBReloaded/APBReloaded.uproject" -log="D:/APBReloaded/Saved/Logs/AutoSDKInfo.txt" -verbose -timestamps
Log file: D:\APBReloaded\Saved\Logs\AutoSDKInfo.txt
##PlatformValidate: Win64 VALID 10.0.22621.0
##PlatformValidate: Mac VALID 26.1.1
##PlatformValidate: IOS VALID 26.1.1
##PlatformValidate: Android INVALID r27c
##PlatformValidate: Linux INVALID v26_clang-20.1.8-rockylinux8
##PlatformValidate: LinuxArm64 INVALID <UNKNOWN>
##PlatformValidate: TVOS VALID 26.1.1
##PlatformValidate: VisionOS INVALID <UNKNOWN>
Unable to find required SDK version 'MainVersion' for platform LinuxArm64. Check your SDK.json files
Unable to find required SDK version 'MainVersion' for platform VisionOS. Check your SDK.json files
Trace written to file C:\Users\Support\AppData\Local\UnrealBuildTool\Trace.uba with size 312b
Using bundled DotNet SDK version: 10.0 win-x64
Running UnrealBuildTool: dotnet "..\..\Engine\Binaries\DotNET\UnrealBuildTool\UnrealBuildTool.dll" -Mode=ValidatePlatforms -OutputSDKs  -AllPlatforms  -project="D:/APBReloaded/APBReloaded.uproject" -log="D:/APBReloaded/Saved/Logs/AutoSDKInfo.txt" -verbose -timestamps
Log file: D:\APBReloaded\Saved\Logs\AutoSDKInfo.txt
##PlatformValidate: Win64 VALID 10.0.22621.0
##PlatformValidate: Mac VALID 26.1.1
##PlatformValidate: IOS VALID 26.1.1
##PlatformValidate: Android INVALID r27c
##PlatformValidate: Linux INVALID v26_clang-20.1.8-rockylinux8
##PlatformValidate: LinuxArm64 INVALID <UNKNOWN>
##PlatformValidate: TVOS VALID 26.1.1
##PlatformValidate: VisionOS INVALID <UNKNOWN>
Unable to find required SDK version 'MainVersion' for platform LinuxArm64. Check your SDK.json files
Unable to find required SDK version 'MainVersion' for platform VisionOS. Check your SDK.json files
Trace written to file C:\Users\Support\AppData\Local\UnrealBuildTool\Trace.uba with size 313b
Using bundled DotNet SDK version: 10.0 win-x64
Running UnrealBuildTool: dotnet "..\..\Engine\Binaries\DotNET\UnrealBuildTool\UnrealBuildTool.dll" -Mode=ValidatePlatforms -OutputSDKs  -AllPlatforms  -project="D:/APBReloaded/APBReloaded.uproject" -log="D:/APBReloaded/Saved/Logs/AutoSDKInfo.txt" -verbose -timestamps
Log file: D:\APBReloaded\Saved\Logs\AutoSDKInfo.txt
##PlatformValidate: Win64 VALID 10.0.22621.0
##PlatformValidate: Mac VALID 26.1.1
##PlatformValidate: IOS VALID 26.1.1
##PlatformValidate: Android INVALID r27c
##PlatformValidate: Linux INVALID v26_clang-20.1.8-rockylinux8
##PlatformValidate: LinuxArm64 INVALID <UNKNOWN>
##PlatformValidate: TVOS VALID 26.1.1
##PlatformValidate: VisionOS INVALID <UNKNOWN>
Unable to find required SDK version 'MainVersion' for platform LinuxArm64. Check your SDK.json files
Unable to find required SDK version 'MainVersion' for platform VisionOS. Check your SDK.json files
Trace written to file C:\Users\Support\AppData\Local\UnrealBuildTool\Trace.uba with size 313b
Using bundled DotNet SDK version: 10.0 win-x64
Running UnrealBuildTool: dotnet "..\..\Engine\Binaries\DotNET\UnrealBuildTool\UnrealBuildTool.dll" -Mode=ValidatePlatforms -OutputSDKs  -AllPlatforms  -project="D:/APBReloaded/APBReloaded.uproject" -log="D:/APBReloaded/Saved/Logs/AutoSDKInfo.txt" -verbose -timestamps
Log file: D:\APBReloaded\Saved\Logs\AutoSDKInfo.txt
##PlatformValidate: Win64 VALID 10.0.22621.0
##PlatformValidate: Mac VALID 26.1.1
##PlatformValidate: IOS VALID 26.1.1
##PlatformValidate: Android INVALID r27c
##PlatformValidate: Linux INVALID v26_clang-20.1.8-rockylinux8
##PlatformValidate: LinuxArm64 INVALID <UNKNOWN>
##PlatformValidate: TVOS VALID 26.1.1
##PlatformValidate: VisionOS INVALID <UNKNOWN>
Unable to find required SDK version 'MainVersion' for platform LinuxArm64. Check your SDK.json files
Unable to find required SDK version 'MainVersion' for platform VisionOS. Check your SDK.json files
Trace written to file C:\Users\Support\AppData\Local\UnrealBuildTool\Trace.uba with size 313b
Using bundled DotNet SDK version: 10.0 win-x64
Running UnrealBuildTool: dotnet "..\..\Engine\Binaries\DotNET\UnrealBuildTool\UnrealBuildTool.dll" -Mode=ValidatePlatforms -OutputSDKs  -AllPlatforms  -project="D:/APBReloaded/APBReloaded.uproject" -log="D:/APBReloaded/Saved/Logs/AutoSDKInfo.txt" -verbose -timestamps
Log file: D:\APBReloaded\Saved\Logs\AutoSDKInfo.txt
##PlatformValidate: Win64 VALID 10.0.22621.0
##PlatformValidate: Mac VALID 26.1.1
##PlatformValidate: IOS VALID 26.1.1
##PlatformValidate: Android INVALID r27c
##PlatformValidate: Linux INVALID v26_clang-20.1.8-rockylinux8
##PlatformValidate: LinuxArm64 INVALID <UNKNOWN>
##PlatformValidate: TVOS VALID 26.1.1
##PlatformValidate: VisionOS INVALID <UNKNOWN>
Unable to find required SDK version 'MainVersion' for platform LinuxArm64. Check your SDK.json files
Unable to find required SDK version 'MainVersion' for platform VisionOS. Check your SDK.json files
Trace written to file C:\Users\Support\AppData\Local\UnrealBuildTool\Trace.uba with size 313b
===== happy world =====
[2026.07.24-13.19.30:037][  0]LogTemp: RELAY_LISTEN port=17800
[2026.07.24-13.19.37:126][299]LogTemp: RELAY_ACCEPT peer=127.0.0.1:59371
[2026.07.24-13.19.37:146][300]LogTemp: RELAY_REGISTER district=Financial numeric_id=1 ok=1
[2026.07.24-13.19.51:950][167]LogTemp: TRAVEL_RESERVATION_ISSUED id=travel-1 district=Financial port=17811
[2026.07.24-13.19.51:950][167]LogTemp: CHAR_HANDOFF_SENT account= jti= nonce= faction= cash=12345 g1c=4321 threat=42.5 inv=5 mission=JG_BCS4_Bom1 session=DS-Financial-1 progress=2
[2026.07.24-13.19.52:349][191]LogTemp: CHAR_HANDOFF_ADMITTED account=ACC-handoff_happy jti=2ca531129e1d5e56dddcbb9932f3026c
[2026.07.24-13.19.54:689][312]LogTemp: CHAR_RETURN_APPLIED account=ACC-handoff_happy cash=12422 threat=47.5
===== happy district =====
[2026.07.24-13.19.37:123][  0]LogTemp: RELAY_CLIENT_CONNECT host=127.0.0.1 port=17800
[2026.07.24-13.19.37:153][  0]LogTemp: RELAY_CLIENT_REGISTERED district=Financial numeric_id=1
[2026.07.24-13.19.42:140][  0]LogTemp: RELAY_CLIENT_HEARTBEAT seq=1
[2026.07.24-13.19.47:148][  0]LogTemp: RELAY_CLIENT_HEARTBEAT seq=2
[2026.07.24-13.19.52:151][150]LogTemp: RELAY_CLIENT_HEARTBEAT seq=3
[2026.07.24-13.19.52:265][156]LogTemp: DISTRICT_TICKET_OK account=ACC-handoff_happy char=Operative district=Financial jti=2ca531129e1d5e56dddcbb9932f3026c
[2026.07.24-13.19.52:333][160]LogTemp: CHAR_HANDOFF_APPLIED account=ACC-handoff_happy faction=Enforcer cash=12345 threat=42.5
[2026.07.24-13.19.52:333][160]LogTemp: DISTRICT_TICKET_ADMITTED account=ACC-handoff_happy char=Operative faction=Enforcer
[2026.07.24-13.19.54:350][281]LogTemp: CHAR_HANDOFF_PROBE_MUTATED cash=12422 threat=47.5
[2026.07.24-13.19.54:350][281]LogTemp: CHAR_RETURN_SENT account=ACC-handoff_happy nonce=27a13f1f2942722222d6be061886a5fa
===== happy client =====
[2026.07.24-13.19.43] PROBE_START mode=world_handoff_client scratch=C:/Users/Support/AppData/Local/Temp/apb_m7_run_20260724-151619/handoff/
[2026.07.24-13.19.43] PROBE_TIMER world_handoff_client id=happy
[2026.07.24-13.19.51] HANDOFF_LOGIN phase=0
[2026.07.24-13.19.51] HANDOFF_PREPARE_REQUEST
[2026.07.24-13.19.51] HANDOFF_PRE cash=12345 g1c=4321 threat=42.5 faction=Enforcer inv_slots=2 inv_qty=5 mission=JG_BCS4_Bom1 session= progress=C:Financial_C01=250;R:Enforcer=90;
[2026.07.24-13.19.52] HANDOFF_TRAVEL_DISPATCH host=127.0.0.1 port=17811
[2026.07.24-13.19.52] HANDOFF_DISTRICT_PARITY ok=1 cash=12345 g1c=4321 threat=42.5 faction=0 inv=2 mission=2,4,6-TRINITROTOLUENE session=DS-Financial-1 progress=C:Financial_C01=250;R:Enforcer=90;
[2026.07.24-13.19.55] HANDOFF_RETURN_TRAVELLED
[2026.07.24-13.19.55] HANDOFF_LOGIN phase=4
[2026.07.24-13.19.56] HANDOFF_RETURN_PARITY ok=1 cash=12422 g1c=4321 threat=47.5 faction=Enforcer inv_slots=2 inv_qty=5 mission= session= progress=C:Financial_C01=250;R:Enforcer=90;
[2026.07.24-13.19.56] WORLD_HANDOFF_CLIENT_OK
===== tamper world =====
[2026.07.24-13.20.07:742][  0]LogTemp: RELAY_LISTEN port=17800
[2026.07.24-13.20.14:697][293]LogTemp: RELAY_ACCEPT peer=127.0.0.1:59404
[2026.07.24-13.20.14:718][294]LogTemp: RELAY_REGISTER district=Financial numeric_id=1 ok=1
[2026.07.24-13.20.28:663][109]LogTemp: TRAVEL_RESERVATION_ISSUED id=travel-1 district=Financial port=17811
[2026.07.24-13.20.28:663][109]LogTemp: CHAR_HANDOFF_SENT account= jti= nonce= faction= cash=12345 g1c=4321 threat=42.5 inv=5 mission=JG_BCS4_Bom1 session=DS-Financial-1 progress=2
===== tamper district =====
[2026.07.24-13.20.14:694][  0]LogTemp: RELAY_CLIENT_CONNECT host=127.0.0.1 port=17800
[2026.07.24-13.20.14:726][  0]LogTemp: RELAY_CLIENT_REGISTERED district=Financial numeric_id=1
[2026.07.24-13.20.19:709][  0]LogTemp: RELAY_CLIENT_HEARTBEAT seq=1
[2026.07.24-13.20.24:709][  0]LogTemp: RELAY_CLIENT_HEARTBEAT seq=2
[2026.07.24-13.20.28:684][139]LogTemp: Warning: CHAR_HANDOFF_REJECT reason=account_mismatch
[2026.07.24-13.20.28:967][156]LogTemp: DISTRICT_TICKET_OK account=ACC-handoff_tamper char=Operative district=Financial jti=d8d68babda279c6418450a103ef84a1c
===== tamper client =====
[2026.07.24-13.20.21] PROBE_START mode=world_handoff_client scratch=C:/Users/Support/AppData/Local/Temp/apb_m7_run_20260724-151619/handoff/
[2026.07.24-13.20.21] PROBE_TIMER world_handoff_client id=tamper
[2026.07.24-13.20.28] HANDOFF_LOGIN phase=0
[2026.07.24-13.20.28] HANDOFF_PREPARE_REQUEST
[2026.07.24-13.20.28] HANDOFF_PRE cash=12345 g1c=4321 threat=42.5 faction=Enforcer inv_slots=2 inv_qty=5 mission=JG_BCS4_Bom1 session= progress=C:Financial_C01=250;R:Enforcer=90;
[2026.07.24-13.20.28] HANDOFF_TRAVEL_DISPATCH host=127.0.0.1 port=17811
HANDOFF_GATE_OK
M7 leg OK: Handoff (HANDOFF_GATE_OK)
===== M7 leg: Chat -> run_m7_chat_gate.ps1 =====
Build.bat is already running, waiting for existing script to terminate...
Build.bat is already running, waiting for existing script to terminate...
Build.bat is already running, waiting for existing script to terminate...
Build.bat is already running, waiting for existing script to terminate...
Using bundled DotNet SDK version: 10.0 win-x64
Running UnrealBuildTool: dotnet "..\..\Engine\Binaries\DotNET\UnrealBuildTool\UnrealBuildTool.dll" -Mode=ValidatePlatforms -OutputSDKs  -AllPlatforms  -project="D:/APBReloaded/APBReloaded.uproject" -log="D:/APBReloaded/Saved/Logs/AutoSDKInfo.txt" -verbose -timestamps
Log file: D:\APBReloaded\Saved\Logs\AutoSDKInfo.txt
##PlatformValidate: Win64 VALID 10.0.22621.0
##PlatformValidate: Mac VALID 26.1.1
##PlatformValidate: IOS VALID 26.1.1
##PlatformValidate: Android INVALID r27c
##PlatformValidate: Linux INVALID v26_clang-20.1.8-rockylinux8
##PlatformValidate: LinuxArm64 INVALID <UNKNOWN>
##PlatformValidate: TVOS VALID 26.1.1
##PlatformValidate: VisionOS INVALID <UNKNOWN>
Unable to find required SDK version 'MainVersion' for platform LinuxArm64. Check your SDK.json files
Unable to find required SDK version 'MainVersion' for platform VisionOS. Check your SDK.json files
Trace written to file C:\Users\Support\AppData\Local\UnrealBuildTool\Trace.uba with size 312b
Using bundled DotNet SDK version: 10.0 win-x64
Running UnrealBuildTool: dotnet "..\..\Engine\Binaries\DotNET\UnrealBuildTool\UnrealBuildTool.dll" -Mode=ValidatePlatforms -OutputSDKs  -AllPlatforms  -project="D:/APBReloaded/APBReloaded.uproject" -log="D:/APBReloaded/Saved/Logs/AutoSDKInfo.txt" -verbose -timestamps
Log file: D:\APBReloaded\Saved\Logs\AutoSDKInfo.txt
##PlatformValidate: Win64 VALID 10.0.22621.0
##PlatformValidate: Mac VALID 26.1.1
##PlatformValidate: IOS VALID 26.1.1
##PlatformValidate: Android INVALID r27c
##PlatformValidate: Linux INVALID v26_clang-20.1.8-rockylinux8
##PlatformValidate: LinuxArm64 INVALID <UNKNOWN>
##PlatformValidate: TVOS VALID 26.1.1
##PlatformValidate: VisionOS INVALID <UNKNOWN>
Unable to find required SDK version 'MainVersion' for platform LinuxArm64. Check your SDK.json files
Unable to find required SDK version 'MainVersion' for platform VisionOS. Check your SDK.json files
Trace written to file C:\Users\Support\AppData\Local\UnrealBuildTool\Trace.uba with size 313b
Using bundled DotNet SDK version: 10.0 win-x64
Running UnrealBuildTool: dotnet "..\..\Engine\Binaries\DotNET\UnrealBuildTool\UnrealBuildTool.dll" -Mode=ValidatePlatforms -OutputSDKs  -AllPlatforms  -project="D:/APBReloaded/APBReloaded.uproject" -log="D:/APBReloaded/Saved/Logs/AutoSDKInfo.txt" -verbose -timestamps
Log file: D:\APBReloaded\Saved\Logs\AutoSDKInfo.txt
##PlatformValidate: Win64 VALID 10.0.22621.0
##PlatformValidate: Mac VALID 26.1.1
##PlatformValidate: IOS VALID 26.1.1
##PlatformValidate: Android INVALID r27c
##PlatformValidate: Linux INVALID v26_clang-20.1.8-rockylinux8
##PlatformValidate: LinuxArm64 INVALID <UNKNOWN>
##PlatformValidate: TVOS VALID 26.1.1
##PlatformValidate: VisionOS INVALID <UNKNOWN>
Unable to find required SDK version 'MainVersion' for platform LinuxArm64. Check your SDK.json files
Unable to find required SDK version 'MainVersion' for platform VisionOS. Check your SDK.json files
Trace written to file C:\Users\Support\AppData\Local\UnrealBuildTool\Trace.uba with size 310b
Using bundled DotNet SDK version: 10.0 win-x64
Running UnrealBuildTool: dotnet "..\..\Engine\Binaries\DotNET\UnrealBuildTool\UnrealBuildTool.dll" -Mode=ValidatePlatforms -OutputSDKs  -AllPlatforms  -project="D:/APBReloaded/APBReloaded.uproject" -log="D:/APBReloaded/Saved/Logs/AutoSDKInfo.txt" -verbose -timestamps
Log file: D:\APBReloaded\Saved\Logs\AutoSDKInfo.txt
##PlatformValidate: Win64 VALID 10.0.22621.0
##PlatformValidate: Mac VALID 26.1.1
##PlatformValidate: IOS VALID 26.1.1
##PlatformValidate: Android INVALID r27c
##PlatformValidate: Linux INVALID v26_clang-20.1.8-rockylinux8
##PlatformValidate: LinuxArm64 INVALID <UNKNOWN>
##PlatformValidate: TVOS VALID 26.1.1
##PlatformValidate: VisionOS INVALID <UNKNOWN>
Unable to find required SDK version 'MainVersion' for platform LinuxArm64. Check your SDK.json files
Unable to find required SDK version 'MainVersion' for platform VisionOS. Check your SDK.json files
Trace written to file C:\Users\Support\AppData\Local\UnrealBuildTool\Trace.uba with size 313b
Using bundled DotNet SDK version: 10.0 win-x64
Running UnrealBuildTool: dotnet "..\..\Engine\Binaries\DotNET\UnrealBuildTool\UnrealBuildTool.dll" -Mode=ValidatePlatforms -OutputSDKs  -AllPlatforms  -project="D:/APBReloaded/APBReloaded.uproject" -log="D:/APBReloaded/Saved/Logs/AutoSDKInfo.txt" -verbose -timestamps
Log file: D:\APBReloaded\Saved\Logs\AutoSDKInfo.txt
##PlatformValidate: Win64 VALID 10.0.22621.0
##PlatformValidate: Mac VALID 26.1.1
##PlatformValidate: IOS VALID 26.1.1
##PlatformValidate: Android INVALID r27c
##PlatformValidate: Linux INVALID v26_clang-20.1.8-rockylinux8
##PlatformValidate: LinuxArm64 INVALID <UNKNOWN>
##PlatformValidate: TVOS VALID 26.1.1
##PlatformValidate: VisionOS INVALID <UNKNOWN>
Unable to find required SDK version 'MainVersion' for platform LinuxArm64. Check your SDK.json files
Unable to find required SDK version 'MainVersion' for platform VisionOS. Check your SDK.json files
Trace written to file C:\Users\Support\AppData\Local\UnrealBuildTool\Trace.uba with size 313b
===== WORLD CHAT =====
[2026.07.24-13.20.43:821][  0]LogTemp: RELAY_LISTEN port=17800
[2026.07.24-13.20.46:711][  0]LogTemp: RELAY_ACCEPT peer=127.0.0.1:56323
[2026.07.24-13.20.46:731][  0]LogTemp: RELAY_REGISTER district=Financial numeric_id=1 ok=1
[2026.07.24-13.20.47:510][  0]LogTemp: RELAY_ACCEPT peer=127.0.0.1:56324
[2026.07.24-13.20.47:540][  0]LogTemp: RELAY_REGISTER district=Social numeric_id=9 ok=1
[2026.07.24-13.21.04:654][966]LogTemp: CHAR_HANDOFF_ADMITTED account=ACC-chat_bob jti=2b59abea933af139a0405c8d885c5654
[2026.07.24-13.21.04:654][966]LogTemp: CHAR_HANDOFF_ADMITTED account=ACC-chat_alice jti=7f73b83c7aaaaac8e120a719e0471c8c
[2026.07.24-13.21.17:571][720]LogTemp: CHAR_HANDOFF_ADMITTED account=ACC-chat_bob jti=76503d731d84064fbbac3567365fdb8c
[2026.07.24-13.21.45:824][394]LogTemp: CHAR_RETURN_APPLIED account=ACC-chat_bob cash=10000 threat=0.0
[2026.07.24-13.21.46:161][394]LogTemp: CHAR_RETURN_APPLIED account=ACC-chat_alice cash=10000 threat=0.0
===== FINANCIAL CHAT =====
[2026.07.24-13.20.46:704][  0]LogTemp: RELAY_CLIENT_CONNECT host=127.0.0.1 port=17800
[2026.07.24-13.20.46:736][  0]LogTemp: RELAY_CLIENT_REGISTERED district=Financial numeric_id=1
[2026.07.24-13.20.51:718][  0]LogTemp: RELAY_CLIENT_HEARTBEAT seq=1
[2026.07.24-13.20.56:718][  0]LogTemp: RELAY_CLIENT_HEARTBEAT seq=2
[2026.07.24-13.21.01:722][  0]LogTemp: RELAY_CLIENT_HEARTBEAT seq=3
[2026.07.24-13.21.04:566][  3]LogTemp: APB PreLogin ticket ok account=ACC-chat_alice char=ChatAlice district=Financial jti=7f73b83c7aaaaac8e120a719e0471c8c
[2026.07.24-13.21.04:566][  3]LogTemp: DISTRICT_TICKET_OK account=ACC-chat_alice char=ChatAlice district=Financial jti=7f73b83c7aaaaac8e120a719e0471c8c
[2026.07.24-13.21.04:566][  3]LogTemp: APB PreLogin ticket ok account=ACC-chat_bob char=ChatBob district=Financial jti=2b59abea933af139a0405c8d885c5654
[2026.07.24-13.21.04:566][  3]LogTemp: DISTRICT_TICKET_OK account=ACC-chat_bob char=ChatBob district=Financial jti=2b59abea933af139a0405c8d885c5654
[2026.07.24-13.21.04:623][  6]LogTemp: CHAR_HANDOFF_APPLIED account=ACC-chat_bob faction=Enforcer cash=10000 threat=0.0
[2026.07.24-13.21.04:623][  6]LogTemp: DISTRICT_TICKET_ADMITTED account=ACC-chat_bob char=ChatBob faction=Enforcer
[2026.07.24-13.21.04:623][  6]LogTemp: CHAR_HANDOFF_APPLIED account=ACC-chat_alice faction=Enforcer cash=10000 threat=0.0
[2026.07.24-13.21.04:623][  6]LogTemp: DISTRICT_TICKET_ADMITTED account=ACC-chat_alice char=ChatAlice faction=Enforcer
[2026.07.24-13.21.06:726][133]LogTemp: RELAY_CLIENT_HEARTBEAT seq=4
[2026.07.24-13.21.09:910][323]LogTemp: CHAT_DELIVERED channel=District from=ChatAlice to=ChatBob
[2026.07.24-13.21.09:910][323]LogTemp: CHAT_DELIVERED channel=District from=ChatAlice to=ChatAlice
[2026.07.24-13.21.11:728][433]LogTemp: RELAY_CLIENT_HEARTBEAT seq=5
[2026.07.24-13.21.14:704][611]LogTemp: CHAR_RETURN_SENT account=ACC-chat_bob nonce=f4323f672c813cbe85b3eca6cc9dde79
[2026.07.24-13.21.16:736][733]LogTemp: RELAY_CLIENT_HEARTBEAT seq=6
[2026.07.24-13.21.21:741][ 33]LogTemp: RELAY_CLIENT_HEARTBEAT seq=7
[2026.07.24-13.21.26:741][333]LogTemp: RELAY_CLIENT_HEARTBEAT seq=8
[2026.07.24-13.21.30:910][583]LogTemp: CHAT_RELAY_FORWARD to=ChatBob
[2026.07.24-13.21.31:746][634]LogTemp: RELAY_CLIENT_HEARTBEAT seq=9
[2026.07.24-13.21.36:750][934]LogTemp: RELAY_CLIENT_HEARTBEAT seq=10
[2026.07.24-13.21.41:750][234]LogTemp: RELAY_CLIENT_HEARTBEAT seq=11
[2026.07.24-13.21.44:911][423]LogTemp: CHAT_DELIVERED channel=District from=ChatAlice to=ChatAlice
[2026.07.24-13.21.44:911][423]LogTemp: CHAT_DELIVERED channel=District from=ChatAlice to=ChatAlice
[2026.07.24-13.21.44:911][423]LogTemp: CHAT_DELIVERED channel=District from=ChatAlice to=ChatAlice
[2026.07.24-13.21.44:911][423]LogTemp: CHAT_DELIVERED channel=District from=ChatAlice to=ChatAlice
[2026.07.24-13.21.44:911][423]LogTemp: CHAT_DELIVERED channel=District from=ChatAlice to=ChatAlice
[2026.07.24-13.21.44:911][423]LogTemp: CHAT_DELIVERED channel=District from=ChatAlice to=ChatAlice
[2026.07.24-13.21.44:911][423]LogTemp: CHAT_DELIVERED channel=District from=ChatAlice to=ChatAlice
[2026.07.24-13.21.44:911][423]LogTemp: CHAT_DELIVERED channel=District from=ChatAlice to=ChatAlice
[2026.07.24-13.21.44:911][423]LogTemp: Warning: CHAT_DENIED reason=Muted
[2026.07.24-13.21.45:778][475]LogTemp: CHAR_RETURN_SENT account=ACC-chat_alice nonce=867b835fc0af151489e4db5096698b4d
===== SOCIAL CHAT =====
[2026.07.24-13.20.47:509][  0]LogTemp: RELAY_CLIENT_CONNECT host=127.0.0.1 port=17800
[2026.07.24-13.20.47:547][  0]LogTemp: RELAY_CLIENT_REGISTERED district=Social numeric_id=9
[2026.07.24-13.20.52:533][ 99]LogTemp: RELAY_CLIENT_HEARTBEAT seq=1
[2026.07.24-13.20.57:534][399]LogTemp: RELAY_CLIENT_HEARTBEAT seq=2
[2026.07.24-13.21.02:543][700]LogTemp: RELAY_CLIENT_HEARTBEAT seq=3
[2026.07.24-13.21.07:546][999]LogTemp: RELAY_CLIENT_HEARTBEAT seq=4
[2026.07.24-13.21.12:551][300]LogTemp: RELAY_CLIENT_HEARTBEAT seq=5
[2026.07.24-13.21.17:496][596]LogTemp: APB PreLogin ticket ok account=ACC-chat_bob char=ChatBob district=Social jti=76503d731d84064fbbac3567365fdb8c
[2026.07.24-13.21.17:496][596]LogTemp: DISTRICT_TICKET_OK account=ACC-chat_bob char=ChatBob district=Social jti=76503d731d84064fbbac3567365fdb8c
[2026.07.24-13.21.17:548][599]LogTemp: CHAR_HANDOFF_APPLIED account=ACC-chat_bob faction=Enforcer cash=10000 threat=0.0
[2026.07.24-13.21.17:548][599]LogTemp: DISTRICT_TICKET_ADMITTED account=ACC-chat_bob char=ChatBob faction=Enforcer
[2026.07.24-13.21.17:556][600]LogTemp: RELAY_CLIENT_HEARTBEAT seq=6
[2026.07.24-13.21.22:564][900]LogTemp: RELAY_CLIENT_HEARTBEAT seq=7
[2026.07.24-13.21.27:567][200]LogTemp: RELAY_CLIENT_HEARTBEAT seq=8
[2026.07.24-13.21.30:959][404]LogTemp: RELAY_CLIENT_CHAT_RECEIVED from=ChatAlice
[2026.07.24-13.21.30:967][404]LogTemp: CHAT_DELIVERED channel=Whisper from=ChatAlice to=ChatBob
[2026.07.24-13.21.32:574][501]LogTemp: RELAY_CLIENT_HEARTBEAT seq=9
[2026.07.24-13.21.37:578][801]LogTemp: RELAY_CLIENT_HEARTBEAT seq=10
[2026.07.24-13.21.42:579][101]LogTemp: RELAY_CLIENT_HEARTBEAT seq=11
[2026.07.24-13.21.45:455][273]LogTemp: CHAR_RETURN_SENT account=ACC-chat_bob nonce=e874fb1f10e1a3c5a51105e703c56953
===== ALICE CHAT =====
LogCsvProfiler: Display: Metadata set : commandline="" D:\APBReloaded\APBReloaded.uproject 127.0.0.1:17778 -game -WorldServerHost=127.0.0.1 -APBProbe=world_chat_client -WSClientId=alice -APBChatCharacter=ChatAlice -APBChatDistrict=Financial -WorldPort=17778 -ExecCmds="APBChat 5000 /d m7_in_district,APBChat 26000 /w ChatBob m7_cross_district,APBChat 40000 /d flood_1,APBChat 40000 /d flood_2,APBChat 40000 /d flood_3,APBChat 40000 /d flood_4,APBChat 40000 /d flood_5,APBChat 40000 /d flood_6,APBChat 40000 /d flood_7,APBChat 40000 /d flood_8,APBChat 40000 /d flood_9" -nullrhi -nosound -unattended -log -AbsLog=C:\Users\Support\AppData\Local\Temp\apb_m7_run_20260724-151619\chat\alice.log -APBScratch=C:\Users\Support\AppData\Local\Temp\apb_m7_run_20260724-151619\chat""
LogInit: Command Line: 127.0.0.1:17778 -game -WorldServerHost=127.0.0.1 -APBProbe=world_chat_client -WSClientId=alice -APBChatCharacter=ChatAlice -APBChatDistrict=Financial -WorldPort=17778 -ExecCmds="APBChat 5000 /d m7_in_district,APBChat 26000 /w ChatBob m7_cross_district,APBChat 40000 /d flood_1,APBChat 40000 /d flood_2,APBChat 40000 /d flood_3,APBChat 40000 /d flood_4,APBChat 40000 /d flood_5,APBChat 40000 /d flood_6,APBChat 40000 /d flood_7,APBChat 40000 /d flood_8,APBChat 40000 /d flood_9" -nullrhi -nosound -unattended -log -AbsLog=C:\Users\Support\AppData\Local\Temp\apb_m7_run_20260724-151619\chat\alice.log -APBScratch=C:\Users\Support\AppData\Local\Temp\apb_m7_run_20260724-151619\chat
[2026.07.24-13.20.47:343][  0]LogTemp: APBProbe PROBE_START mode=world_chat_client scratch=C:/Users/Support/AppData/Local/Temp/apb_m7_run_20260724-151619/chat/
[2026.07.24-13.20.47:344][  0]LogTemp: APBProbe PROBE_TIMER world_chat_client id=alice character=ChatAlice district=Financial
[2026.07.24-13.20.54:398][168]LogTemp: APBProbe CHAT_CLIENT_LOGIN id=alice
[2026.07.24-13.20.54:648][183]LogTemp: APBProbe CHAT_CLIENT_TICKET_REQUEST char=ChatAlice district=Financial
[2026.07.24-13.20.54:898][198]LogTemp: APBProbe CHAT_CLIENT_TRAVEL char=ChatAlice district=Financial
[2026.07.24-13.21.04:897][795]LogTemp: APBProbe CHAT_CLIENT_ARRIVED char=ChatAlice district=Financial
[2026.07.24-13.21.04:898][795]LogTemp: APBProbe CHAT_CLIENT_COMMANDS_ARMED count=11
[2026.07.24-13.21.09:898][ 95]LogTemp: APBProbe CHAT_CLIENT_SUBMIT raw=/d m7_in_district
[2026.07.24-13.21.09:914][ 96]LogTemp: CHAT_RECEIVED channel=District from=ChatAlice to=ChatAlice body=m7_in_district
[2026.07.24-13.21.30:901][355]LogTemp: APBProbe CHAT_CLIENT_SUBMIT raw=/w ChatBob m7_cross_district
[2026.07.24-13.21.44:905][195]LogTemp: APBProbe CHAT_CLIENT_SUBMIT raw=/d flood_7
[2026.07.24-13.21.44:905][195]LogTemp: APBProbe CHAT_CLIENT_SUBMIT raw=/d flood_8
[2026.07.24-13.21.44:905][195]LogTemp: APBProbe CHAT_CLIENT_SUBMIT raw=/d flood_4
[2026.07.24-13.21.44:907][195]LogTemp: APBProbe CHAT_CLIENT_SUBMIT raw=/d flood_3
[2026.07.24-13.21.44:907][195]LogTemp: APBProbe CHAT_CLIENT_SUBMIT raw=/d flood_2
[2026.07.24-13.21.44:907][195]LogTemp: APBProbe CHAT_CLIENT_SUBMIT raw=/d flood_1
[2026.07.24-13.21.44:907][195]LogTemp: APBProbe CHAT_CLIENT_SUBMIT raw=/d flood_6
[2026.07.24-13.21.44:907][195]LogTemp: APBProbe CHAT_CLIENT_SUBMIT raw=/d flood_9
[2026.07.24-13.21.44:907][195]LogTemp: APBProbe CHAT_CLIENT_SUBMIT raw=/d flood_5
[2026.07.24-13.21.44:921][196]LogTemp: CHAT_RECEIVED channel=District from=ChatAlice to=ChatAlice body=flood_7
[2026.07.24-13.21.44:921][196]LogTemp: CHAT_RECEIVED channel=District from=ChatAlice to=ChatAlice body=flood_8
[2026.07.24-13.21.44:921][196]LogTemp: CHAT_RECEIVED channel=District from=ChatAlice to=ChatAlice body=flood_4
[2026.07.24-13.21.44:921][196]LogTemp: CHAT_RECEIVED channel=District from=ChatAlice to=ChatAlice body=flood_3
[2026.07.24-13.21.44:921][196]LogTemp: CHAT_RECEIVED channel=District from=ChatAlice to=ChatAlice body=flood_2
[2026.07.24-13.21.44:921][196]LogTemp: CHAT_RECEIVED channel=District from=ChatAlice to=ChatAlice body=flood_1
[2026.07.24-13.21.44:921][196]LogTemp: CHAT_RECEIVED channel=District from=ChatAlice to=ChatAlice body=flood_6
[2026.07.24-13.21.44:921][196]LogTemp: CHAT_RECEIVED channel=District from=ChatAlice to=ChatAlice body=flood_9
CHAT_GATE_OK
M7 leg OK: Chat (CHAT_GATE_OK)
===== M7 leg: Relay -> run_m7_district_client_gate.ps1 =====
Using bundled DotNet SDK version: 10.0 win-x64
Running UnrealBuildTool: dotnet "..\..\Engine\Binaries\DotNET\UnrealBuildTool\UnrealBuildTool.dll" -Mode=ValidatePlatforms -OutputSDKs  -AllPlatforms  -project="D:/APBReloaded/APBReloaded.uproject" -log="D:/APBReloaded/Saved/Logs/AutoSDKInfo.txt" -verbose -timestamps
Log file: D:\APBReloaded\Saved\Logs\AutoSDKInfo.txt
##PlatformValidate: Win64 VALID 10.0.22621.0
##PlatformValidate: Mac VALID 26.1.1
##PlatformValidate: IOS VALID 26.1.1
##PlatformValidate: Android INVALID r27c
##PlatformValidate: Linux INVALID v26_clang-20.1.8-rockylinux8
##PlatformValidate: LinuxArm64 INVALID <UNKNOWN>
##PlatformValidate: TVOS VALID 26.1.1
##PlatformValidate: VisionOS INVALID <UNKNOWN>
Unable to find required SDK version 'MainVersion' for platform LinuxArm64. Check your SDK.json files
Unable to find required SDK version 'MainVersion' for platform VisionOS. Check your SDK.json files
Trace written to file C:\Users\Support\AppData\Local\UnrealBuildTool\Trace.uba with size 312b
Using bundled DotNet SDK version: 10.0 win-x64
Running UnrealBuildTool: dotnet "..\..\Engine\Binaries\DotNET\UnrealBuildTool\UnrealBuildTool.dll" -Mode=ValidatePlatforms -OutputSDKs  -AllPlatforms  -project="D:/APBReloaded/APBReloaded.uproject" -log="D:/APBReloaded/Saved/Logs/AutoSDKInfo.txt" -verbose -timestamps
Log file: D:\APBReloaded\Saved\Logs\AutoSDKInfo.txt
##PlatformValidate: Win64 VALID 10.0.22621.0
##PlatformValidate: Mac VALID 26.1.1
##PlatformValidate: IOS VALID 26.1.1
##PlatformValidate: Android INVALID r27c
##PlatformValidate: Linux INVALID v26_clang-20.1.8-rockylinux8
##PlatformValidate: LinuxArm64 INVALID <UNKNOWN>
##PlatformValidate: TVOS VALID 26.1.1
##PlatformValidate: VisionOS INVALID <UNKNOWN>
Unable to find required SDK version 'MainVersion' for platform LinuxArm64. Check your SDK.json files
Unable to find required SDK version 'MainVersion' for platform VisionOS. Check your SDK.json files
Trace written to file C:\Users\Support\AppData\Local\UnrealBuildTool\Trace.uba with size 313b
Using bundled DotNet SDK version: 10.0 win-x64
Running UnrealBuildTool: dotnet "..\..\Engine\Binaries\DotNET\UnrealBuildTool\UnrealBuildTool.dll" -Mode=ValidatePlatforms -OutputSDKs  -AllPlatforms  -project="D:/APBReloaded/APBReloaded.uproject" -log="D:/APBReloaded/Saved/Logs/AutoSDKInfo.txt" -verbose -timestamps
Log file: D:\APBReloaded\Saved\Logs\AutoSDKInfo.txt
##PlatformValidate: Win64 VALID 10.0.22621.0
##PlatformValidate: Mac VALID 26.1.1
##PlatformValidate: IOS VALID 26.1.1
##PlatformValidate: Android INVALID r27c
##PlatformValidate: Linux INVALID v26_clang-20.1.8-rockylinux8
##PlatformValidate: LinuxArm64 INVALID <UNKNOWN>
##PlatformValidate: TVOS VALID 26.1.1
##PlatformValidate: VisionOS INVALID <UNKNOWN>
Unable to find required SDK version 'MainVersion' for platform LinuxArm64. Check your SDK.json files
Unable to find required SDK version 'MainVersion' for platform VisionOS. Check your SDK.json files
Trace written to file C:\Users\Support\AppData\Local\UnrealBuildTool\Trace.uba with size 313b
===== world_relay.log =====
[2026.07.24-13.22.00:253][  0]LogTemp: RELAY_LISTEN port=17800
[2026.07.24-13.22.06:962][186]LogTemp: RELAY_ACCEPT peer=127.0.0.1:50152
[2026.07.24-13.22.06:983][187]LogTemp: RELAY_REGISTER district=Financial numeric_id=1 ok=1
===== district_relay.log =====
[2026.07.24-13.22.06:954][  0]LogTemp: RELAY_CLIENT_CONNECT host=127.0.0.1 port=17800
[2026.07.24-13.22.06:984][  0]LogTemp: RELAY_CLIENT_REGISTERED district=Financial numeric_id=1
[2026.07.24-13.22.11:966][  0]LogTemp: RELAY_CLIENT_HEARTBEAT seq=1
[2026.07.24-13.22.16:968][  0]LogTemp: RELAY_CLIENT_HEARTBEAT seq=2
[2026.07.24-13.22.17:487][ 19]LogTemp: RELAY_CLIENT_RECONNECT attempt=1 delay_ms=250
[2026.07.24-13.22.17:746][ 35]LogTemp: RELAY_CLIENT_CONNECT host=127.0.0.1 port=17800
[2026.07.24-13.22.17:764][ 36]LogTemp: RELAY_CLIENT_RECONNECT attempt=2 delay_ms=500
[2026.07.24-13.22.18:258][ 65]LogTemp: RELAY_CLIENT_CONNECT host=127.0.0.1 port=17800
[2026.07.24-13.22.18:277][ 66]LogTemp: RELAY_CLIENT_RECONNECT attempt=3 delay_ms=1000
[2026.07.24-13.22.19:269][126]LogTemp: RELAY_CLIENT_CONNECT host=127.0.0.1 port=17800
[2026.07.24-13.22.19:288][127]LogTemp: RELAY_CLIENT_RECONNECT attempt=4 delay_ms=2000
[2026.07.24-13.22.21:288][247]LogTemp: RELAY_CLIENT_CONNECT host=127.0.0.1 port=17800
[2026.07.24-13.22.21:305][248]LogTemp: RELAY_CLIENT_RECONNECT attempt=5 delay_ms=4000
[2026.07.24-13.22.25:302][488]LogTemp: RELAY_CLIENT_CONNECT host=127.0.0.1 port=17800
[2026.07.24-13.22.25:320][489]LogTemp: RELAY_CLIENT_RECONNECT attempt=6 delay_ms=5000
[2026.07.24-13.22.30:319][789]LogTemp: RELAY_CLIENT_CONNECT host=127.0.0.1 port=17800
[2026.07.24-13.22.30:350][790]LogTemp: RELAY_CLIENT_REGISTERED district=Financial numeric_id=1
===== world_relay_restart.log =====
LogCsvProfiler: Display: Metadata set : commandline="" D:\APBReloaded\APBReloaded.uproject /Game/Maps/Lvl_APB_Frontend?listen?game=/Script/APBReloaded.APBWorldGameMode -game -WorldServer -Port=17778 -RelayPort=17800 -nullrhi -nosound -unattended -log -AbsLog=C:\Users\Support\AppData\Local\Temp\apb_m7_run_20260724-151619\relay\world_relay_restart.log""
LogInit: Command Line: /Game/Maps/Lvl_APB_Frontend?listen?game=/Script/APBReloaded.APBWorldGameMode -game -WorldServer -Port=17778 -RelayPort=17800 -nullrhi -nosound -unattended -log -AbsLog=C:\Users\Support\AppData\Local\Temp\apb_m7_run_20260724-151619\relay\world_relay_restart.log
[2026.07.24-13.22.26:008][  0]LogTemp: RELAY_LISTEN port=17800
[2026.07.24-13.22.30:325][152]LogTemp: RELAY_ACCEPT peer=127.0.0.1:58906
[2026.07.24-13.22.30:346][154]LogTemp: RELAY_REGISTER district=Financial numeric_id=1 ok=1
RELAY_DISTRICT_CLIENT_GATE_OK
M7 leg OK: Relay (RELAY_DISTRICT_CLIENT_GATE_OK)
M7_TRAVEL_GATE_OK
