===== M7 leg: Travel -> run_m7_travel_gate.ps1 =====
===== worldA.log =====
[2026.08.03-10.51.03:857][  0]LogTemp: RELAY_LISTEN port=17800

[2026.08.03-10.51.10:206][271]LogTemp: RELAY_ACCEPT peer=127.0.0.1:56200

[2026.08.03-10.51.10:226][273]LogTemp: RELAY_REGISTER district=Financial numeric_id=1 ok=1 port=17811 reason=none

[2026.08.03-10.51.21:129][903]LogTemp: Warning: SERVER_LOGIN_REQUEST_RECEIVED user=travel_no_node

[2026.08.03-10.51.21:675][935]LogTemp: SOCIAL_DIRECT_BIND character=travel_no_node account=travel_no_node faction=Criminal

[2026.08.03-10.51.33:077][599]LogTemp: Warning: SERVER_LOGIN_REQUEST_RECEIVED user=travel_killed

[2026.08.03-10.51.33:642][632]LogTemp: SOCIAL_DIRECT_BIND character=travel_killed account=travel_killed faction=Criminal

[2026.08.03-10.51.33:827][644]LogTemp: TRAVEL_RESERVATION_ISSUED id=travel-1 district=Financial port=17811

[2026.08.03-10.51.33:828][644]LogTemp: CHAR_HANDOFF_SENT account=ACC-travel_killed jti=5c4bd8dce535786edfab5b1adce19657 nonce=7e2ff9fc832fe1c8d9ae6d4838519f94 faction=Criminal cash=10000 g1c=5000 threat=0.0 inv=1 mission= session=DS-Financial-1 progress=0

[2026.08.03-10.51.41:067][981]LogTemp: RELAY_EVICT stale=1

[2026.08.03-10.51.48:009][301]LogTemp: TRAVEL_RESERVATION_RELEASED id=travel-1

[2026.08.03-10.51.48:009][301]LogTemp: TRAVEL_RESERVATION_EXPIRED id=travel-1

===== districtA.log =====
[2026.08.03-10.51.10:196][  0]LogTemp: RELAY_CLIENT_CONNECT host=127.0.0.1 port=17800

[2026.08.03-10.51.10:237][  0]LogTemp: RELAY_CLIENT_REGISTERED district=Financial numeric_id=1

[2026.08.03-10.51.15:207][  0]LogTemp: RELAY_CLIENT_HEARTBEAT seq=1

[2026.08.03-10.51.20:214][ 76]LogTemp: RELAY_CLIENT_HEARTBEAT seq=2

[2026.08.03-10.51.25:215][376]LogTemp: RELAY_CLIENT_HEARTBEAT seq=3

[2026.08.03-10.51.30:221][676]LogTemp: RELAY_CLIENT_HEARTBEAT seq=4

===== worldB.log =====
[2026.08.03-10.52.10:640][  0]LogTemp: RELAY_LISTEN port=17800

[2026.08.03-10.52.17:772][240]LogTemp: RELAY_ACCEPT peer=127.0.0.1:62681

[2026.08.03-10.52.17:788][240]LogTemp: RELAY_REGISTER district=Financial numeric_id=1 ok=1 port=17811 reason=none

[2026.08.03-10.52.29:076][743]LogTemp: Warning: SERVER_LOGIN_REQUEST_RECEIVED user=travel_happy

[2026.08.03-10.52.29:609][767]LogTemp: SOCIAL_DIRECT_BIND character=travel_happy account=travel_happy faction=Criminal

[2026.08.03-10.52.29:834][778]LogTemp: TRAVEL_RESERVATION_ISSUED id=travel-1 district=Financial port=17811

[2026.08.03-10.52.29:834][778]LogTemp: CHAR_HANDOFF_SENT account=ACC-travel_happy jti=d2f5d66af169e33775a40617d2ed5f00 nonce=f7b6a6b15f8b63740434451a04900391 faction=Criminal cash=10000 g1c=5000 threat=0.0 inv=1 mission= session=DS-Financial-1 progress=0

[2026.08.03-10.52.31:292][844]LogTemp: Warning: SERVER_LOGIN_REQUEST_RECEIVED user=travel_second

[2026.08.03-10.52.31:816][867]LogTemp: SOCIAL_DIRECT_BIND character=travel_second account=travel_second faction=Criminal

[2026.08.03-10.52.32:021][877]LogTemp: FRIEND_PRESENCE character=travel_happy online=1

[2026.08.03-10.52.32:021][877]LogTemp: CHAR_HANDOFF_ADMITTED account=ACC-travel_happy jti=d2f5d66af169e33775a40617d2ed5f00

[2026.08.03-10.52.32:037][878]LogTemp: TRAVEL_RESERVATION_ISSUED id=travel-2 district=Financial port=17811

[2026.08.03-10.52.32:037][878]LogTemp: CHAR_HANDOFF_SENT account=ACC-travel_second jti=711740544e020c89c64a507906fdbd4d nonce=ff4d12b93171e3574ed74fc5172263a7 faction=Criminal cash=10000 g1c=5000 threat=0.0 inv=1 mission= session=DS-Financial-1 progress=0

[2026.08.03-10.52.34:005][968]LogTemp: FRIEND_PRESENCE character=travel_second online=1

[2026.08.03-10.52.34:005][968]LogTemp: CHAR_HANDOFF_ADMITTED account=ACC-travel_second jti=711740544e020c89c64a507906fdbd4d

===== districtB.log =====
[2026.08.03-10.52.17:756][  0]LogTemp: RELAY_CLIENT_CONNECT host=127.0.0.1 port=17800

[2026.08.03-10.52.17:796][  0]LogTemp: RELAY_CLIENT_REGISTERED district=Financial numeric_id=1

[2026.08.03-10.52.22:772][  0]LogTemp: RELAY_CLIENT_HEARTBEAT seq=1

[2026.08.03-10.52.27:782][  6]LogTemp: RELAY_CLIENT_HEARTBEAT seq=2

[2026.08.03-10.52.31:943][200]LogTemp: APB PreLogin ticket ok account=ACC-travel_happy char=travel_happy district=Financial jti=d2f5d66af169e33775a40617d2ed5f00

[2026.08.03-10.52.31:943][200]LogTemp: DISTRICT_TICKET_OK account=ACC-travel_happy char=travel_happy district=Financial jti=d2f5d66af169e33775a40617d2ed5f00

[2026.08.03-10.52.31:994][202]LogTemp: CHAR_HANDOFF_APPLIED account=ACC-travel_happy faction=Criminal cash=10000 threat=0.0

[2026.08.03-10.52.31:994][202]LogTemp: DISTRICT_TICKET_ADMITTED account=ACC-travel_happy char=travel_happy faction=Criminal

[2026.08.03-10.52.32:795][241]LogTemp: RELAY_CLIENT_HEARTBEAT seq=3

[2026.08.03-10.52.33:884][293]LogTemp: APB PreLogin ticket ok account=ACC-travel_second char=travel_second district=Financial jti=711740544e020c89c64a507906fdbd4d

[2026.08.03-10.52.33:884][293]LogTemp: DISTRICT_TICKET_OK account=ACC-travel_second char=travel_second district=Financial jti=711740544e020c89c64a507906fdbd4d

[2026.08.03-10.52.33:961][296]LogTemp: CHAR_HANDOFF_APPLIED account=ACC-travel_second faction=Criminal cash=10000 threat=0.0

[2026.08.03-10.52.33:961][296]LogTemp: DISTRICT_TICKET_ADMITTED account=ACC-travel_second char=travel_second faction=Criminal

[2026.08.03-10.52.34:456][320]LogTemp: RELAY_CLIENT_RECONNECT attempt=1 delay_ms=250

[2026.08.03-10.52.34:721][333]LogTemp: RELAY_CLIENT_CONNECT host=127.0.0.1 port=17800

===== travel_happy.log =====
LogCsvProfiler: Display: Metadata set : commandline="" D:\APBReloaded\APBReloaded.uproject 127.0.0.1:17778 -game -WorldServerHost=127.0.0.1 -APBProbe=world_travel_client -WSClientId=happy -WSTravelDistrict=Financial -WSTravelDelayMs=1500 -nullrhi -nosound -unattended -AbsLog=D:\APBReloaded\.omo\evidence\m7_full_gate_fix\travel\travel_happy.log -APBScratch=D:\APBReloaded\.omo\evidence\m7_full_gate_fix\travel""

LogInit: Command Line: 127.0.0.1:17778 -game -WorldServerHost=127.0.0.1 -APBProbe=world_travel_client -WSClientId=happy -WSTravelDistrict=Financial -WSTravelDelayMs=1500 -nullrhi -nosound -unattended -AbsLog=D:\APBReloaded\.omo\evidence\m7_full_gate_fix\travel\travel_happy.log -APBScratch=D:\APBReloaded\.omo\evidence\m7_full_gate_fix\travel

[2026.08.03-10.52.22:921][  0]LogTemp: APBProbe PROBE_START mode=world_travel_client scratch=D:/APBReloaded/.omo/evidence/m7_full_gate_fix/travel/

[2026.08.03-10.52.22:921][  0]LogTemp: APBProbe PROBE_TIMER world_travel_client id=happy district=Financial

[2026.08.03-10.52.28:808][129]LogTemp: APBProbe TRAVEL_CLIENT_ENCRYPTION_ENABLED

[2026.08.03-10.52.29:059][141]LogTemp: APBProbe TRAVEL_LOGIN id=happy

[2026.08.03-10.52.29:818][176]LogTemp: APBProbe TRAVEL_TICKET_REQUEST district=Financial

[2026.08.03-10.52.30:065][187]LogTemp: APBProbe TRAVEL_RESERVATION district=Financial host=127.0.0.1 port=17811 id=travel-1

[2026.08.03-10.52.31:820][268]LogTemp: APBProbe TRAVEL_DISPATCH district=Financial

[2026.08.03-10.52.31:969][274]LogTemp: TRAVEL_OK district=Financial host=127.0.0.1 port=17811

===== travel_killed.log =====
LogCsvProfiler: Display: Metadata set : commandline="" D:\APBReloaded\APBReloaded.uproject 127.0.0.1:17778 -game -WorldServerHost=127.0.0.1 -APBProbe=world_travel_client -WSClientId=killed -WSTravelDistrict=Financial -WSTravelDelayMs=5000 -nullrhi -nosound -unattended -AbsLog=D:\APBReloaded\.omo\evidence\m7_full_gate_fix\travel\travel_killed.log -APBScratch=D:\APBReloaded\.omo\evidence\m7_full_gate_fix\travel""

LogInit: Command Line: 127.0.0.1:17778 -game -WorldServerHost=127.0.0.1 -APBProbe=world_travel_client -WSClientId=killed -WSTravelDistrict=Financial -WSTravelDelayMs=5000 -nullrhi -nosound -unattended -AbsLog=D:\APBReloaded\.omo\evidence\m7_full_gate_fix\travel\travel_killed.log -APBScratch=D:\APBReloaded\.omo\evidence\m7_full_gate_fix\travel

[2026.08.03-10.51.27:445][  0]LogTemp: APBProbe PROBE_START mode=world_travel_client scratch=D:/APBReloaded/.omo/evidence/m7_full_gate_fix/travel/

[2026.08.03-10.51.27:445][  0]LogTemp: APBProbe PROBE_TIMER world_travel_client id=killed district=Financial

[2026.08.03-10.51.32:827][169]LogTemp: APBProbe TRAVEL_CLIENT_ENCRYPTION_ENABLED

[2026.08.03-10.51.33:077][184]LogTemp: APBProbe TRAVEL_LOGIN id=killed

[2026.08.03-10.51.33:827][229]LogTemp: APBProbe TRAVEL_TICKET_REQUEST district=Financial

[2026.08.03-10.51.34:085][243]LogTemp: APBProbe TRAVEL_RESERVATION district=Financial host=127.0.0.1 port=17811 id=travel-1

[2026.08.03-10.51.39:335][485]LogTemp: APBProbe TRAVEL_DISPATCH district=Financial

[2026.08.03-10.51.59:750][415]LogTemp: Warning: TRAVEL_FAIL reason=travel_error

===== travel_no_node.log =====
LogCsvProfiler: Display: Metadata set : commandline="" D:\APBReloaded\APBReloaded.uproject 127.0.0.1:17778 -game -WorldServerHost=127.0.0.1 -APBProbe=world_travel_client -WSClientId=no_node -WSTravelDistrict=Waterfront -WSTravelDelayMs=0 -nullrhi -nosound -unattended -AbsLog=D:\APBReloaded\.omo\evidence\m7_full_gate_fix\travel\travel_no_node.log -APBScratch=D:\APBReloaded\.omo\evidence\m7_full_gate_fix\travel""

LogInit: Command Line: 127.0.0.1:17778 -game -WorldServerHost=127.0.0.1 -APBProbe=world_travel_client -WSClientId=no_node -WSTravelDistrict=Waterfront -WSTravelDelayMs=0 -nullrhi -nosound -unattended -AbsLog=D:\APBReloaded\.omo\evidence\m7_full_gate_fix\travel\travel_no_node.log -APBScratch=D:\APBReloaded\.omo\evidence\m7_full_gate_fix\travel

[2026.08.03-10.51.15:281][  0]LogTemp: APBProbe PROBE_START mode=world_travel_client scratch=D:/APBReloaded/.omo/evidence/m7_full_gate_fix/travel/

[2026.08.03-10.51.15:281][  0]LogTemp: APBProbe PROBE_TIMER world_travel_client id=no_node district=Waterfront

[2026.08.03-10.51.20:866][169]LogTemp: APBProbe TRAVEL_CLIENT_ENCRYPTION_ENABLED

[2026.08.03-10.51.21:116][184]LogTemp: APBProbe TRAVEL_LOGIN id=no_node

[2026.08.03-10.51.21:867][229]LogTemp: APBProbe TRAVEL_TICKET_REQUEST district=Waterfront

[2026.08.03-10.51.22:116][244]LogTemp: APBProbe TRAVEL_FAIL reason=no_live_node

===== travel_second.log =====
LogCsvProfiler: Display: Metadata set : commandline="" D:\APBReloaded\APBReloaded.uproject 127.0.0.1:17778 -game -WorldServerHost=127.0.0.1 -APBProbe=world_travel_client -WSClientId=second -WSTravelDistrict=Financial -WSTravelDelayMs=1500 -nullrhi -nosound -unattended -AbsLog=D:\APBReloaded\.omo\evidence\m7_full_gate_fix\travel\travel_second.log -APBScratch=D:\APBReloaded\.omo\evidence\m7_full_gate_fix\travel""

LogInit: Command Line: 127.0.0.1:17778 -game -WorldServerHost=127.0.0.1 -APBProbe=world_travel_client -WSClientId=second -WSTravelDistrict=Financial -WSTravelDelayMs=1500 -nullrhi -nosound -unattended -AbsLog=D:\APBReloaded\.omo\evidence\m7_full_gate_fix\travel\travel_second.log -APBScratch=D:\APBReloaded\.omo\evidence\m7_full_gate_fix\travel

[2026.08.03-10.52.25:209][  0]LogTemp: APBProbe PROBE_START mode=world_travel_client scratch=D:/APBReloaded/.omo/evidence/m7_full_gate_fix/travel/

[2026.08.03-10.52.25:209][  0]LogTemp: APBProbe PROBE_TIMER world_travel_client id=second district=Financial

[2026.08.03-10.52.31:040][135]LogTemp: APBProbe TRAVEL_CLIENT_ENCRYPTION_ENABLED

[2026.08.03-10.52.31:276][146]LogTemp: APBProbe TRAVEL_LOGIN id=second

[2026.08.03-10.52.32:036][181]LogTemp: APBProbe TRAVEL_TICKET_REQUEST district=Financial

[2026.08.03-10.52.32:286][193]LogTemp: APBProbe TRAVEL_RESERVATION district=Financial host=127.0.0.1 port=17811 id=travel-2

[2026.08.03-10.52.33:787][261]LogTemp: APBProbe TRAVEL_DISPATCH district=Financial

[2026.08.03-10.52.33:936][267]LogTemp: TRAVEL_OK district=Financial host=127.0.0.1 port=17811

TRAVEL_GATE_OK
M7 leg OK: Travel (TRAVEL_GATE_OK)
===== M7 leg: Ticket -> run_m7_ticket_gate.ps1 =====
===== district_ticket.log =====
[2026.08.03-10.53.15:226][  3]LogTemp: DISTRICT_TICKET_OK account=probe char=ProbeChar district=Financial jti=dc79d2553e87553fa335cc5bdbac46ca
[2026.08.03-10.53.15:273][  5]LogTemp: DISTRICT_TICKET_ADMITTED account=probe char=ProbeChar faction=Criminal
[2026.08.03-10.53.23:272][388]LogTemp: Warning: DISTRICT_TICKET_FAIL reason=invalid
[2026.08.03-10.53.31:414][781]LogTemp: Warning: DISTRICT_TICKET_FAIL reason=replay
[2026.08.03-10.53.39:403][164]LogTemp: Warning: DISTRICT_TICKET_FAIL reason=district_mismatch
[2026.08.03-10.53.47:413][547]LogTemp: Warning: DISTRICT_TICKET_FAIL reason=missing
===== mint_1.log =====
[2026.08.03-10.52.44:359][  0]LogTemp: MINTED_TICKET=eyJhY2NvdW50IjoicHJvYmUiLCJjaGFyYWN0ZXIiOiJQcm9iZUNoYXIiLCJmYWN0aW9uIjoiQ3JpbWluYWwiLCJkaXN0cmljdCI6IkZpbmFuY2lhbCIsImp0aSI6ImRjNzlkMjU1M2U4NzU1M2ZhMzM1Y2M1YmRiYWM0NmNhIiwiaXNzdWVyX3dvcmxkX2Vwb2NoIjoiIiwidGFyZ2V0X2Rpc3RyaWN0X2Vwb2NoIjoiIiwiaXNzdWVkIjoxNzg1NzU0MzY0LCJleHBpcnkiOjkwfQ.d6de89512ff74a13a9dbafb84d6f893b05efbd0c44a40868a1e5f3f840b8dd48
===== mint_2.log =====
[2026.08.03-10.52.52:620][  0]LogTemp: MINTED_TICKET=eyJhY2NvdW50IjoicHJvYmUiLCJjaGFyYWN0ZXIiOiJQcm9iZUNoYXIiLCJmYWN0aW9uIjoiQ3JpbWluYWwiLCJkaXN0cmljdCI6IldhdGVyZnJvbnQiLCJqdGkiOiI4MmE4MDkyYTBiODAxODA0YmFhZmExMGNiMmQ5ZjJiMCIsImlzc3Vlcl93b3JsZF9lcG9jaCI6IiIsInRhcmdldF9kaXN0cmljdF9lcG9jaCI6IiIsImlzc3VlZCI6MTc4NTc1NDM3MiwiZXhwaXJ5Ijo5MH0.81da0ddab259c9ca313d0486bdff7d460db272c1a147eccea434d8a69a959632
DISTRICT_TICKET_GATE_OK
M7 leg OK: Ticket (DISTRICT_TICKET_GATE_OK)
===== M7 leg: Handoff -> run_m7_handoff_gate.ps1 =====
===== happy world =====
[2026.08.03-10.53.58:654][  0]LogTemp: RELAY_LISTEN port=17800
[2026.08.03-10.54.04:877][201]LogTemp: RELAY_ACCEPT peer=127.0.0.1:50060
[2026.08.03-10.54.04:908][203]LogTemp: RELAY_REGISTER district=Financial numeric_id=1 ok=1 port=17811 reason=none
[2026.08.03-10.54.15:765][698]LogTemp: TRAVEL_RESERVATION_ISSUED id=travel-1 district=Financial port=17811
[2026.08.03-10.54.15:765][698]LogTemp: CHAR_HANDOFF_SENT account=ACC-handoff_happy jti=eb1d657c2a654a8b1bf881e16d2e999d nonce=62f42d2b73e7eff09c60f9ef1ed32c19 faction=Enforcer cash=12345 g1c=4321 threat=42.5 inv=5 mission=JG_BCS4_Bom1 session=DS-Financial-1 progress=2
[2026.08.03-10.54.16:169][717]LogTemp: CHAR_HANDOFF_ADMITTED account=ACC-handoff_happy jti=eb1d657c2a654a8b1bf881e16d2e999d
[2026.08.03-10.54.18:447][809]LogTemp: CHAR_RETURN_APPLIED account=ACC-handoff_happy cash=12422 threat=47.5
===== happy district =====
[2026.08.03-10.54.04:872][  0]LogTemp: RELAY_CLIENT_CONNECT host=127.0.0.1 port=17800
[2026.08.03-10.54.04:913][  0]LogTemp: RELAY_CLIENT_REGISTERED district=Financial numeric_id=1
[2026.08.03-10.54.09:886][  0]LogTemp: RELAY_CLIENT_HEARTBEAT seq=1
[2026.08.03-10.54.14:901][ 45]LogTemp: RELAY_CLIENT_HEARTBEAT seq=2
[2026.08.03-10.54.16:077][ 98]LogTemp: DISTRICT_TICKET_OK account=ACC-handoff_happy char=Operative district=Financial jti=eb1d657c2a654a8b1bf881e16d2e999d
[2026.08.03-10.54.16:144][101]LogTemp: CHAR_HANDOFF_APPLIED account=ACC-handoff_happy faction=Enforcer cash=12345 threat=42.5
[2026.08.03-10.54.16:144][101]LogTemp: DISTRICT_TICKET_ADMITTED account=ACC-handoff_happy char=Operative faction=Enforcer
[2026.08.03-10.54.18:148][198]LogTemp: CHAR_HANDOFF_PROBE_MUTATED cash=12422 threat=47.5
[2026.08.03-10.54.18:148][198]LogTemp: CHAR_RETURN_SENT account=ACC-handoff_happy nonce=0bd5d5a3262a0a83e9e22370ff369f62
[2026.08.03-10.54.19:907][280]LogTemp: RELAY_CLIENT_HEARTBEAT seq=3
===== happy client =====
[2026.08.03-10.54.09] PROBE_START mode=world_handoff_client scratch=D:/APBReloaded/.omo/evidence/m7_full_gate_fix/handoff/
[2026.08.03-10.54.09] PROBE_TIMER world_handoff_client id=happy
[2026.08.03-10.54.14] HANDOFF_CLIENT_ENCRYPTION_ENABLED
[2026.08.03-10.54.14] HANDOFF_LOGIN phase=0
[2026.08.03-10.54.15] HANDOFF_PREPARE_REQUEST
[2026.08.03-10.54.15] HANDOFF_PRE cash=12345 g1c=4321 threat=42.5 faction=Enforcer inv_slots=2 inv_qty=5 mission=JG_BCS4_Bom1 session= progress=C:Financial_C01=250;R:Enforcer=90;
[2026.08.03-10.54.15] HANDOFF_TRAVEL_DISPATCH host=127.0.0.1 port=17811
[2026.08.03-10.54.16] HANDOFF_CLIENT_ENCRYPTION_ENABLED
[2026.08.03-10.54.16] HANDOFF_DISTRICT_PARITY ok=1 cash=12345 g1c=4321 threat=42.5 faction=0 inv=2 mission=2,4,6-TRINITROTOLUENE session=DS-Financial-1 progress=C:Financial_C01=250;R:Enforcer=90;
[2026.08.03-10.54.18] HANDOFF_CLIENT_ENCRYPTION_ENABLED
[2026.08.03-10.54.18] HANDOFF_RETURN_TRAVELLED
[2026.08.03-10.54.18] HANDOFF_LOGIN phase=4
[2026.08.03-10.54.20] HANDOFF_RETURN_PARITY ok=1 cash=12422 g1c=4321 threat=47.5 faction=Enforcer inv_slots=2 inv_qty=5 mission= session= progress=C:Financial_C01=250;R:Enforcer=90;
[2026.08.03-10.54.20] WORLD_HANDOFF_CLIENT_OK
===== tamper world =====
[2026.08.03-10.54.31:457][  0]LogTemp: RELAY_LISTEN port=17800
[2026.08.03-10.54.37:791][207]LogTemp: RELAY_ACCEPT peer=127.0.0.1:51339
[2026.08.03-10.54.37:822][208]LogTemp: RELAY_REGISTER district=Financial numeric_id=1 ok=1 port=17811 reason=none
[2026.08.03-10.54.50:026][768]LogTemp: TRAVEL_RESERVATION_ISSUED id=travel-1 district=Financial port=17811
[2026.08.03-10.54.50:026][768]LogTemp: CHAR_HANDOFF_SENT account=ACC-handoff_tamper jti=57c65c679e7f31a5922f65fc0aea1cf5 nonce=7ef9059cf893da5e51d8f7d6af615f67 faction=Enforcer cash=12345 g1c=4321 threat=42.5 inv=5 mission=JG_BCS4_Bom1 session=DS-Financial-1 progress=2
[2026.08.03-10.54.50:536][791]LogTemp: CHAR_HANDOFF_ADMITTED account=ACC-handoff_tamper jti=57c65c679e7f31a5922f65fc0aea1cf5
===== tamper district =====
[2026.08.03-10.54.37:785][  0]LogTemp: RELAY_CLIENT_CONNECT host=127.0.0.1 port=17800
[2026.08.03-10.54.37:825][  0]LogTemp: RELAY_CLIENT_REGISTERED district=Financial numeric_id=1
[2026.08.03-10.54.42:803][  0]LogTemp: RELAY_CLIENT_HEARTBEAT seq=1
[2026.08.03-10.54.47:805][ 39]LogTemp: RELAY_CLIENT_HEARTBEAT seq=2
[2026.08.03-10.54.50:073][145]LogTemp: Warning: CHAR_HANDOFF_REJECT reason=account_mismatch
[2026.08.03-10.54.50:430][162]LogTemp: DISTRICT_TICKET_OK account=ACC-handoff_tamper char=Operative district=Financial jti=57c65c679e7f31a5922f65fc0aea1cf5
[2026.08.03-10.54.50:506][165]LogTemp: DISTRICT_TICKET_ADMITTED account=ACC-handoff_tamper char=Operative faction=Enforcer
===== tamper client =====
[2026.08.03-10.54.43] PROBE_START mode=world_handoff_client scratch=D:/APBReloaded/.omo/evidence/m7_full_gate_fix/handoff/
[2026.08.03-10.54.43] PROBE_TIMER world_handoff_client id=tamper
[2026.08.03-10.54.48] HANDOFF_CLIENT_ENCRYPTION_ENABLED
[2026.08.03-10.54.49] HANDOFF_LOGIN phase=0
[2026.08.03-10.54.49] HANDOFF_PREPARE_REQUEST
[2026.08.03-10.54.50] HANDOFF_PRE cash=12345 g1c=4321 threat=42.5 faction=Enforcer inv_slots=2 inv_qty=5 mission=JG_BCS4_Bom1 session= progress=C:Financial_C01=250;R:Enforcer=90;
[2026.08.03-10.54.50] HANDOFF_TRAVEL_DISPATCH host=127.0.0.1 port=17811
[2026.08.03-10.54.50] HANDOFF_CLIENT_ENCRYPTION_ENABLED
HANDOFF_GATE_OK
M7 leg OK: Handoff (HANDOFF_GATE_OK)
===== M7 leg: Chat -> run_m7_chat_gate.ps1 =====
===== WORLD CHAT =====
[2026.08.03-10.55.09:175][  0]LogTemp: RELAY_LISTEN port=17800
[2026.08.03-10.55.09:204][  0]LogTemp: RELAY_ACCEPT peer=127.0.0.1:51407
[2026.08.03-10.55.09:224][  0]LogTemp: RELAY_REGISTER district=Financial numeric_id=1 ok=1 port=17811 reason=none
[2026.08.03-10.55.12:118][ 19]LogTemp: Warning: SERVER_LOGIN_REQUEST_RECEIVED user=chat_bob
[2026.08.03-10.55.12:410][ 33]LogTemp: Warning: SERVER_LOGIN_REQUEST_RECEIVED user=chat_alice
[2026.08.03-10.55.12:456][ 35]LogTemp: RELAY_ACCEPT peer=127.0.0.1:51411
[2026.08.03-10.55.12:502][ 37]LogTemp: RELAY_REGISTER district=Social numeric_id=9 ok=1 port=17819 reason=none
[2026.08.03-10.55.12:749][ 48]LogTemp: SOCIAL_DIRECT_BIND character=ChatBob account=chat_bob faction=Enforcer
[2026.08.03-10.55.12:844][ 53]LogTemp: CHAR_HANDOFF_SENT account=ACC-chat_bob jti=9e6f4d9e13660d72db5cb6c587115786 nonce=369b53edb0d962d8129c952bf507b399 faction=Enforcer cash=10000 g1c=5000 threat=0.0 inv=1 mission= session=DS-Financial-1 progress=0
[2026.08.03-10.55.13:046][ 62]LogTemp: SOCIAL_DIRECT_BIND character=ChatAlice account=chat_alice faction=Enforcer
[2026.08.03-10.55.13:170][ 68]LogTemp: CHAR_HANDOFF_SENT account=ACC-chat_alice jti=4d50ca5b2c95717b2f3d3c2867e5aab6 nonce=029850808ddb83894162a7ebf177aa07 faction=Enforcer cash=10000 g1c=5000 threat=0.0 inv=1 mission= session=DS-Financial-1 progress=0
[2026.08.03-10.55.17:442][265]LogTemp: CHAR_HANDOFF_ADMITTED account=ACC-chat_alice jti=4d50ca5b2c95717b2f3d3c2867e5aab6
[2026.08.03-10.55.17:458][266]LogTemp: CHAR_HANDOFF_ADMITTED account=ACC-chat_bob jti=9e6f4d9e13660d72db5cb6c587115786
[2026.08.03-10.55.28:142][742]LogTemp: CHAR_RETURN_APPLIED account=ACC-chat_bob cash=10000 threat=0.0
[2026.08.03-10.55.30:103][820]LogTemp: Warning: SERVER_LOGIN_REQUEST_RECEIVED user=chat_bob
[2026.08.03-10.55.30:602][843]LogTemp: SOCIAL_DIRECT_BIND character=ChatBob account=chat_bob faction=Enforcer
[2026.08.03-10.55.30:848][854]LogTemp: CHAR_HANDOFF_SENT account=ACC-chat_bob jti=b9e475d28c998ce02d92212cb56cab9a nonce=03afea638ad386c01363e25c2a9d9545 faction=Enforcer cash=10000 g1c=5000 threat=0.0 inv=1 mission= session=DS-Social-1 progress=0
[2026.08.03-10.55.31:359][877]LogTemp: CHAR_HANDOFF_ADMITTED account=ACC-chat_bob jti=b9e475d28c998ce02d92212cb56cab9a
[2026.08.03-10.55.58:535][178]LogTemp: CHAR_RETURN_APPLIED account=ACC-chat_bob cash=10000 threat=0.0
===== FINANCIAL CHAT =====
[2026.08.03-10.55.08:416][  0]LogTemp: RELAY_CLIENT_CONNECT host=127.0.0.1 port=17800
[2026.08.03-10.55.08:433][  0]LogTemp: RELAY_CLIENT_RECONNECT attempt=1 delay_ms=250
[2026.08.03-10.55.08:681][  0]LogTemp: RELAY_CLIENT_CONNECT host=127.0.0.1 port=17800
[2026.08.03-10.55.08:699][  0]LogTemp: RELAY_CLIENT_RECONNECT attempt=2 delay_ms=500
[2026.08.03-10.55.09:199][  0]LogTemp: RELAY_CLIENT_CONNECT host=127.0.0.1 port=17800
[2026.08.03-10.55.09:231][  0]LogTemp: RELAY_CLIENT_REGISTERED district=Financial numeric_id=1
[2026.08.03-10.55.14:218][  0]LogTemp: RELAY_CLIENT_HEARTBEAT seq=1
[2026.08.03-10.55.17:363][  3]LogTemp: APB PreLogin ticket ok account=ACC-chat_alice char=ChatAlice district=Financial jti=4d50ca5b2c95717b2f3d3c2867e5aab6
[2026.08.03-10.55.17:363][  3]LogTemp: DISTRICT_TICKET_OK account=ACC-chat_alice char=ChatAlice district=Financial jti=4d50ca5b2c95717b2f3d3c2867e5aab6
[2026.08.03-10.55.17:363][  3]LogTemp: APB PreLogin ticket ok account=ACC-chat_bob char=ChatBob district=Financial jti=9e6f4d9e13660d72db5cb6c587115786
[2026.08.03-10.55.17:363][  3]LogTemp: DISTRICT_TICKET_OK account=ACC-chat_bob char=ChatBob district=Financial jti=9e6f4d9e13660d72db5cb6c587115786
[2026.08.03-10.55.17:400][  5]LogTemp: CHAR_HANDOFF_APPLIED account=ACC-chat_alice faction=Enforcer cash=10000 threat=0.0
[2026.08.03-10.55.17:400][  5]LogTemp: DISTRICT_TICKET_ADMITTED account=ACC-chat_alice char=ChatAlice faction=Enforcer
[2026.08.03-10.55.17:430][  6]LogTemp: CHAR_HANDOFF_APPLIED account=ACC-chat_bob faction=Enforcer cash=10000 threat=0.0
[2026.08.03-10.55.17:430][  6]LogTemp: DISTRICT_TICKET_ADMITTED account=ACC-chat_bob char=ChatBob faction=Enforcer
[2026.08.03-10.55.19:219][ 91]LogTemp: RELAY_CLIENT_HEARTBEAT seq=2
[2026.08.03-10.55.22:687][257]LogTemp: CHAT_DELIVERED channel=District from=ChatAlice to=ChatAlice
[2026.08.03-10.55.22:687][257]LogTemp: CHAT_DELIVERED channel=District from=ChatAlice to=ChatBob
[2026.08.03-10.55.24:227][331]LogTemp: RELAY_CLIENT_HEARTBEAT seq=3
[2026.08.03-10.55.27:865][502]LogTemp: CHAR_RETURN_SENT account=ACC-chat_bob nonce=683017593ebcf970109bba3f1fdf56c7
[2026.08.03-10.55.29:239][567]LogTemp: RELAY_CLIENT_HEARTBEAT seq=4
[2026.08.03-10.55.34:254][809]LogTemp: RELAY_CLIENT_HEARTBEAT seq=5
[2026.08.03-10.55.39:261][ 56]LogTemp: RELAY_CLIENT_HEARTBEAT seq=6
[2026.08.03-10.55.43:689][319]LogTemp: CHAT_RELAY_FORWARD to=ChatBob
[2026.08.03-10.55.44:275][347]LogTemp: RELAY_CLIENT_HEARTBEAT seq=7
[2026.08.03-10.55.49:282][586]LogTemp: RELAY_CLIENT_HEARTBEAT seq=8
[2026.08.03-10.55.54:291][828]LogTemp: RELAY_CLIENT_HEARTBEAT seq=9
[2026.08.03-10.55.57:682][989]LogTemp: CHAT_DELIVERED channel=District from=ChatAlice to=ChatAlice
[2026.08.03-10.55.57:682][989]LogTemp: CHAT_DELIVERED channel=District from=ChatAlice to=ChatAlice
[2026.08.03-10.55.57:682][989]LogTemp: CHAT_DELIVERED channel=District from=ChatAlice to=ChatAlice
[2026.08.03-10.55.57:682][989]LogTemp: CHAT_DELIVERED channel=District from=ChatAlice to=ChatAlice
[2026.08.03-10.55.57:682][989]LogTemp: CHAT_DELIVERED channel=District from=ChatAlice to=ChatAlice
[2026.08.03-10.55.57:682][989]LogTemp: CHAT_DELIVERED channel=District from=ChatAlice to=ChatAlice
[2026.08.03-10.55.57:682][989]LogTemp: CHAT_DELIVERED channel=District from=ChatAlice to=ChatAlice
[2026.08.03-10.55.57:682][989]LogTemp: CHAT_DELIVERED channel=District from=ChatAlice to=ChatAlice
[2026.08.03-10.55.57:682][989]LogTemp: Warning: CHAT_DENIED reason=Muted
[2026.08.03-10.55.58:612][ 34]LogTemp: CHAR_RETURN_SENT account=ACC-chat_alice nonce=94490c4d845e93e0fe9f6dc440c14dea
[2026.08.03-10.55.59:295][ 66]LogTemp: RELAY_CLIENT_HEARTBEAT seq=10
===== SOCIAL CHAT =====
[2026.08.03-10.55.04:600][  0]LogTemp: RELAY_CLIENT_CONNECT host=127.0.0.1 port=17800
[2026.08.03-10.55.04:628][  0]LogTemp: RELAY_CLIENT_RECONNECT attempt=1 delay_ms=250
[2026.08.03-10.55.04:880][  0]LogTemp: RELAY_CLIENT_CONNECT host=127.0.0.1 port=17800
[2026.08.03-10.55.04:897][  0]LogTemp: RELAY_CLIENT_RECONNECT attempt=2 delay_ms=500
[2026.08.03-10.55.05:399][  0]LogTemp: RELAY_CLIENT_CONNECT host=127.0.0.1 port=17800
[2026.08.03-10.55.05:414][  0]LogTemp: RELAY_CLIENT_RECONNECT attempt=3 delay_ms=1000
[2026.08.03-10.55.06:410][  0]LogTemp: RELAY_CLIENT_CONNECT host=127.0.0.1 port=17800
[2026.08.03-10.55.06:427][  0]LogTemp: RELAY_CLIENT_RECONNECT attempt=4 delay_ms=2000
[2026.08.03-10.55.08:427][  0]LogTemp: RELAY_CLIENT_CONNECT host=127.0.0.1 port=17800
[2026.08.03-10.55.08:443][  0]LogTemp: RELAY_CLIENT_RECONNECT attempt=5 delay_ms=4000
[2026.08.03-10.55.12:440][143]LogTemp: RELAY_CLIENT_CONNECT host=127.0.0.1 port=17800
[2026.08.03-10.55.12:517][147]LogTemp: RELAY_CLIENT_REGISTERED district=Social numeric_id=9
[2026.08.03-10.55.17:457][383]LogTemp: RELAY_CLIENT_HEARTBEAT seq=1
[2026.08.03-10.55.22:457][610]LogTemp: RELAY_CLIENT_HEARTBEAT seq=2
[2026.08.03-10.55.27:462][842]LogTemp: RELAY_CLIENT_HEARTBEAT seq=3
[2026.08.03-10.55.31:280][ 17]LogTemp: APB PreLogin ticket ok account=ACC-chat_bob char=ChatBob district=Social jti=b9e475d28c998ce02d92212cb56cab9a
[2026.08.03-10.55.31:280][ 17]LogTemp: DISTRICT_TICKET_OK account=ACC-chat_bob char=ChatBob district=Social jti=b9e475d28c998ce02d92212cb56cab9a
[2026.08.03-10.55.31:331][ 19]LogTemp: CHAR_HANDOFF_APPLIED account=ACC-chat_bob faction=Enforcer cash=10000 threat=0.0
[2026.08.03-10.55.31:331][ 19]LogTemp: DISTRICT_TICKET_ADMITTED account=ACC-chat_bob char=ChatBob faction=Enforcer
[2026.08.03-10.55.32:472][ 75]LogTemp: RELAY_CLIENT_HEARTBEAT seq=4
[2026.08.03-10.55.37:476][315]LogTemp: RELAY_CLIENT_HEARTBEAT seq=5
[2026.08.03-10.55.42:483][599]LogTemp: RELAY_CLIENT_HEARTBEAT seq=6
[2026.08.03-10.55.43:750][672]LogTemp: RELAY_CLIENT_CHAT_RECEIVED from=ChatAlice
[2026.08.03-10.55.43:750][672]LogTemp: CHAT_DELIVERED channel=Whisper from=ChatAlice to=ChatBob
[2026.08.03-10.55.47:484][848]LogTemp: RELAY_CLIENT_HEARTBEAT seq=7
[2026.08.03-10.55.52:494][ 91]LogTemp: RELAY_CLIENT_HEARTBEAT seq=8
[2026.08.03-10.55.57:498][332]LogTemp: RELAY_CLIENT_HEARTBEAT seq=9
[2026.08.03-10.55.58:179][364]LogTemp: CHAR_RETURN_SENT account=ACC-chat_bob nonce=0b1a6e946e3d7103ea4558c95dd6dd10
===== ALICE CHAT =====
LogCsvProfiler: Display: Metadata set : commandline="" D:\APBReloaded\APBReloaded.uproject 127.0.0.1:17778 -game -WorldServerHost=127.0.0.1 -APBProbe=world_chat_client -WSClientId=alice -APBChatCharacter=ChatAlice -APBChatDistrict=Financial -WorldPort=17778 -ExecCmds="APBChat 5000 /d m7_in_district,APBChat 26000 /w ChatBob m7_cross_district,APBChat 40000 /d flood_1,APBChat 40000 /d flood_2,APBChat 40000 /d flood_3,APBChat 40000 /d flood_4,APBChat 40000 /d flood_5,APBChat 40000 /d flood_6,APBChat 40000 /d flood_7,APBChat 40000 /d flood_8,APBChat 40000 /d flood_9" -nullrhi -nosound -unattended -AbsLog=D:\APBReloaded\.omo\evidence\m7_full_gate_fix\chat\alice.log -APBScratch=D:\APBReloaded\.omo\evidence\m7_full_gate_fix\chat""
LogInit: Command Line: 127.0.0.1:17778 -game -WorldServerHost=127.0.0.1 -APBProbe=world_chat_client -WSClientId=alice -APBChatCharacter=ChatAlice -APBChatDistrict=Financial -WorldPort=17778 -ExecCmds="APBChat 5000 /d m7_in_district,APBChat 26000 /w ChatBob m7_cross_district,APBChat 40000 /d flood_1,APBChat 40000 /d flood_2,APBChat 40000 /d flood_3,APBChat 40000 /d flood_4,APBChat 40000 /d flood_5,APBChat 40000 /d flood_6,APBChat 40000 /d flood_7,APBChat 40000 /d flood_8,APBChat 40000 /d flood_9" -nullrhi -nosound -unattended -AbsLog=D:\APBReloaded\.omo\evidence\m7_full_gate_fix\chat\alice.log -APBScratch=D:\APBReloaded\.omo\evidence\m7_full_gate_fix\chat
[2026.08.03-10.55.05:119][  0]LogTemp: APBProbe PROBE_START mode=world_chat_client scratch=D:/APBReloaded/.omo/evidence/m7_full_gate_fix/chat/
[2026.08.03-10.55.05:120][  0]LogTemp: APBProbe PROBE_TIMER world_chat_client id=alice character=ChatAlice district=Financial
[2026.08.03-10.55.12:149][130]LogTemp: APBProbe CHAT_CLIENT_ENCRYPTION_ENABLED
[2026.08.03-10.55.12:395][141]LogTemp: APBProbe CHAT_CLIENT_LOGIN id=alice
[2026.08.03-10.55.13:167][175]LogTemp: APBProbe CHAT_CLIENT_TICKET_REQUEST char=ChatAlice district=Financial
[2026.08.03-10.55.13:401][186]LogTemp: APBProbe CHAT_CLIENT_TRAVEL char=ChatAlice district=Financial
[2026.08.03-10.55.17:390][369]LogTemp: APBProbe CHAT_CLIENT_ENCRYPTION_ENABLED
[2026.08.03-10.55.17:661][381]LogTemp: APBProbe CHAT_CLIENT_ARRIVED char=ChatAlice district=Financial
[2026.08.03-10.55.17:661][381]LogTemp: APBProbe CHAT_CLIENT_COMMANDS_ARMED count=11
[2026.08.03-10.55.22:674][615]LogTemp: APBProbe CHAT_CLIENT_SUBMIT raw=/d m7_in_district
[2026.08.03-10.55.22:703][616]LogTemp: CHAT_RECEIVED channel=District from=ChatAlice to=ChatAlice body=m7_in_district
[2026.08.03-10.55.43:661][669]LogTemp: APBProbe CHAT_CLIENT_SUBMIT raw=/w ChatBob m7_cross_district
[2026.08.03-10.55.57:667][328]LogTemp: APBProbe CHAT_CLIENT_SUBMIT raw=/d flood_8
[2026.08.03-10.55.57:667][328]LogTemp: APBProbe CHAT_CLIENT_SUBMIT raw=/d flood_9
[2026.08.03-10.55.57:668][328]LogTemp: APBProbe CHAT_CLIENT_SUBMIT raw=/d flood_5
[2026.08.03-10.55.57:668][328]LogTemp: APBProbe CHAT_CLIENT_SUBMIT raw=/d flood_4
[2026.08.03-10.55.57:668][328]LogTemp: APBProbe CHAT_CLIENT_SUBMIT raw=/d flood_2
[2026.08.03-10.55.57:668][328]LogTemp: APBProbe CHAT_CLIENT_SUBMIT raw=/d flood_1
[2026.08.03-10.55.57:668][328]LogTemp: APBProbe CHAT_CLIENT_SUBMIT raw=/d flood_6
[2026.08.03-10.55.57:668][328]LogTemp: APBProbe CHAT_CLIENT_SUBMIT raw=/d flood_7
[2026.08.03-10.55.57:669][328]LogTemp: APBProbe CHAT_CLIENT_SUBMIT raw=/d flood_3
[2026.08.03-10.55.57:683][329]LogTemp: CHAT_RECEIVED channel=District from=ChatAlice to=ChatAlice body=flood_8
[2026.08.03-10.55.57:683][329]LogTemp: CHAT_RECEIVED channel=District from=ChatAlice to=ChatAlice body=flood_9
[2026.08.03-10.55.57:683][329]LogTemp: CHAT_RECEIVED channel=District from=ChatAlice to=ChatAlice body=flood_5
[2026.08.03-10.55.57:683][329]LogTemp: CHAT_RECEIVED channel=District from=ChatAlice to=ChatAlice body=flood_4
[2026.08.03-10.55.57:683][329]LogTemp: CHAT_RECEIVED channel=District from=ChatAlice to=ChatAlice body=flood_2
[2026.08.03-10.55.57:683][329]LogTemp: CHAT_RECEIVED channel=District from=ChatAlice to=ChatAlice body=flood_1
[2026.08.03-10.55.57:683][329]LogTemp: CHAT_RECEIVED channel=District from=ChatAlice to=ChatAlice body=flood_6
[2026.08.03-10.55.57:683][329]LogTemp: CHAT_RECEIVED channel=District from=ChatAlice to=ChatAlice body=flood_7
CHAT_GATE_OK
M7 leg OK: Chat (CHAT_GATE_OK)
===== M7 leg: Relay -> run_m7_district_client_gate.ps1 =====
===== world_relay.log =====
[2026.08.03-10.56.10:033][  0]LogTemp: RELAY_LISTEN port=17800
[2026.08.03-10.56.16:320][201]LogTemp: RELAY_ACCEPT peer=127.0.0.1:55086
[2026.08.03-10.56.16:350][202]LogTemp: RELAY_REGISTER district=Financial numeric_id=1 ok=1 port=17811 reason=none
===== district_relay.log =====
[2026.08.03-10.56.16:317][  0]LogTemp: RELAY_CLIENT_CONNECT host=127.0.0.1 port=17800
[2026.08.03-10.56.16:357][  0]LogTemp: RELAY_CLIENT_REGISTERED district=Financial numeric_id=1
[2026.08.03-10.56.21:335][  0]LogTemp: RELAY_CLIENT_HEARTBEAT seq=1
[2026.08.03-10.56.26:337][ 78]LogTemp: RELAY_CLIENT_HEARTBEAT seq=2
[2026.08.03-10.56.27:206][121]LogTemp: RELAY_CLIENT_RECONNECT attempt=1 delay_ms=250
[2026.08.03-10.56.27:470][133]LogTemp: RELAY_CLIENT_CONNECT host=127.0.0.1 port=17800
[2026.08.03-10.56.27:578][138]LogTemp: RELAY_CLIENT_RECONNECT attempt=2 delay_ms=500
[2026.08.03-10.56.27:995][157]LogTemp: RELAY_CLIENT_CONNECT host=127.0.0.1 port=17800
[2026.08.03-10.56.28:104][163]LogTemp: RELAY_CLIENT_RECONNECT attempt=3 delay_ms=1000
[2026.08.03-10.56.29:010][206]LogTemp: RELAY_CLIENT_CONNECT host=127.0.0.1 port=17800
[2026.08.03-10.56.29:119][211]LogTemp: RELAY_CLIENT_RECONNECT attempt=4 delay_ms=2000
[2026.08.03-10.56.31:029][299]LogTemp: RELAY_CLIENT_CONNECT host=127.0.0.1 port=17800
[2026.08.03-10.56.31:136][304]LogTemp: RELAY_CLIENT_RECONNECT attempt=5 delay_ms=4000
[2026.08.03-10.56.35:056][486]LogTemp: RELAY_CLIENT_CONNECT host=127.0.0.1 port=17800
[2026.08.03-10.56.35:165][492]LogTemp: RELAY_CLIENT_RECONNECT attempt=6 delay_ms=5000
[2026.08.03-10.56.40:075][721]LogTemp: RELAY_CLIENT_CONNECT host=127.0.0.1 port=17800
[2026.08.03-10.56.40:152][725]LogTemp: RELAY_CLIENT_REGISTERED district=Financial numeric_id=1
===== world_relay_restart.log =====
LogCsvProfiler: Display: Metadata set : commandline="" D:\APBReloaded\APBReloaded.uproject /Game/Maps/Lvl_APB_Frontend?listen?game=/Script/APBReloaded.APBWorldGameMode -game -WorldServer -Port=17778 -RelayPort=17800 -nullrhi -nosound -unattended -AbsLog=D:\APBReloaded\.omo\evidence\m7_full_gate_fix\relay\world_relay_restart.log""
LogInit: Command Line: /Game/Maps/Lvl_APB_Frontend?listen?game=/Script/APBReloaded.APBWorldGameMode -game -WorldServer -Port=17778 -RelayPort=17800 -nullrhi -nosound -unattended -AbsLog=D:\APBReloaded\.omo\evidence\m7_full_gate_fix\relay\world_relay_restart.log
[2026.08.03-10.56.35:961][  0]LogTemp: RELAY_LISTEN port=17800
[2026.08.03-10.56.40:090][114]LogTemp: RELAY_ACCEPT peer=127.0.0.1:53033
[2026.08.03-10.56.40:136][116]LogTemp: RELAY_REGISTER district=Financial numeric_id=1 ok=1 port=17811 reason=none
RELAY_DISTRICT_CLIENT_GATE_OK
M7 leg OK: Relay (RELAY_DISTRICT_CLIENT_GATE_OK)
M7_TRAVEL_GATE_OK
